# Fix/continue official 4.4 live DT export and summarize PCIe/NPU diff
# time: 2026-07-03T20:11:59+08:00
# outdir: npu_dt_diff_20260703_201038

================ git state before cleanup ================
M  NPU_DEBUG_PROGRESS_AND_GITHUB_UPLOAD_20260703.md
A  NPU_LIVE_DT_DIFF_4_4_VS_MAINLINE_20260703_201038.log
 M current_dtb.dts
 M logs/boot_ttl_capture.log
A  npu_dt_diff_20260703_201038/SUMMARY.md
A  npu_dt_diff_20260703_201038/mainline6_18_live.dts
A  npu_dt_diff_20260703_201038/mainline6_18_live.dts.relevant.txt
A  npu_dt_diff_20260703_201038/mainline6_18_live.norm.dts
A  npu_dt_diff_20260703_201038/mainline_bad_pcie_boot.dtb
A  npu_dt_diff_20260703_201038/mainline_bad_pcie_boot.dtc.err
A  npu_dt_diff_20260703_201038/mainline_bad_pcie_boot.dts
A  npu_dt_diff_20260703_201038/mainline_bad_pcie_boot.dts.relevant.txt
A  npu_dt_diff_20260703_201038/mainline_bad_pcie_boot.norm.dts
A  npu_dt_diff_20260703_201038/mainline_stable_boot.dtb
A  npu_dt_diff_20260703_201038/mainline_stable_boot.dtc.err
A  npu_dt_diff_20260703_201038/mainline_stable_boot.dts
A  npu_dt_diff_20260703_201038/mainline_stable_boot.dts.relevant.txt
A  npu_dt_diff_20260703_201038/mainline_stable_boot.norm.dts
A  npu_dt_diff_20260703_201038/mainline_vs_official_live.diff
A  npu_dt_diff_20260703_201038/mainline_vs_official_live_pcie_npu.filtered.diff
A  npu_dt_diff_20260703_201038/official4_4_live.dts
A  npu_dt_diff_20260703_201038/official4_4_live.dts.relevant.txt
A  npu_dt_diff_20260703_201038/official4_4_live.norm.dts
A  npu_dt_diff_20260703_201038/official4_4_local_dtc.err
A  npu_dt_diff_20260703_201038/stable_vs_bad_pcie.diff
A  npu_dt_diff_20260703_201038/stable_vs_bad_pcie.filtered.diff
 M rk3399pro-neardi-linux-lc110-base.dtb
?? LPA3399Pro-SDK-Linux-V3.0/
?? NPU_AFTER_RESTORE_TARGETED_CHECK_20260703_194425.log
?? NPU_AFTER_SD_RESTORE_BOOT_CHECK_20260703_194117.log
?? NPU_AFTER_SD_RESTORE_NETWORK_DISCOVERY_20260703_194158.log
?? NPU_LIVE_DT_DIFF_FIX_AND_SUMMARY_20260703_201159.log
?? baseline_dtb.dts
?? lpa3399pro-armbian/
?? tmp_unpack/
?? ttl_logs/6.18.33_extlinux_test_20260628_160634.log
?? ttl_logs/6.18.33_extlinux_test_20260628_161235.log
?? ttl_logs/6.18.33_extlinux_test_20260628_161553.log
?? ttl_logs/6.18.33_extlinux_test_20260628_194447.log
?? ttl_logs/6.18.33_extlinux_test_20260629_171906.log
?? ttl_logs/6.18.33_extlinux_test_20260629_172210.log

================ export official 4.4 live DT via remote python tar ================
Warning: Permanently added '192.168.50.129' (ED25519) to the list of known hosts.
/tmp/official4_4_live_dtfs_python.tar
kex_exchange_identification: read: Connection reset by peer
Connection reset by 192.168.50.129 port 22
scp: Connection closed
4 npu_dt_diff_20260703_201038/official4_4_live.dts
6474c9f03f5e2ac6ac904a660035a0e5fa0f01d6fb39c84ef02e70f83360212d  npu_dt_diff_20260703_201038/official4_4_live.dts
================ regenerate normalized diffs/extracts ================
   3638 npu_dt_diff_20260703_201038/mainline_vs_official_live.diff
    828 npu_dt_diff_20260703_201038/mainline_vs_official_live_pcie_npu.filtered.diff
     11 npu_dt_diff_20260703_201038/stable_vs_bad_pcie.diff
      8 npu_dt_diff_20260703_201038/stable_vs_bad_pcie.filtered.diff
    828 npu_dt_diff_20260703_201038/mainline_vs_official_live_pcie_npu.filtered.diff
      8 npu_dt_diff_20260703_201038/stable_vs_bad_pcie.filtered.diff
  20739 npu_dt_diff_20260703_201038/mainline6_18_live.dts.relevant.txt
  20739 npu_dt_diff_20260703_201038/mainline6_18_live.norm.dts.relevant.txt
  20768 npu_dt_diff_20260703_201038/mainline_bad_pcie_boot.dts.relevant.txt
  20768 npu_dt_diff_20260703_201038/mainline_bad_pcie_boot.norm.dts.relevant.txt
  20768 npu_dt_diff_20260703_201038/mainline_stable_boot.dts.relevant.txt
  20768 npu_dt_diff_20260703_201038/mainline_stable_boot.norm.dts.relevant.txt
      1 npu_dt_diff_20260703_201038/official4_4_live.dts.relevant.txt
      1 npu_dt_diff_20260703_201038/official4_4_live.norm.dts.relevant.txt
 129873 total
================ extract decisive snippets ================
-- official pcie host --
-- mainline pcie host --
1262-				#gpio-cells = <0x02>;
1263-			};
1264-		};
1265-	};
1266-
1267:	pcie@f8000000 {
1268-		vpcie3v3-supply = <0x1d>;
1269-		pinctrl-names = "default";
1270-		#address-cells = <0x03>;
1271-		phy-names = "pcie-phy-0", "pcie-phy-1", "pcie-phy-2", "pcie-phy-3";
1272-		bus-range = <0x00 0x1f>;
1273-		pinctrl-0 = <0x1a>;
1274-		clock-names = "aclk", "aclk-perf", "hclk", "pm";
1275-		reg-names = "axi-base", "apb-base";
1276-		resets = <0x08 0x82 0x08 0x83 0x08 0x84 0x08 0x85 0x08 0x86 0x08 0x81 0x08 0x80>;
1277-		interrupts = <0x00 0x31 0x04 0x00 0x00 0x32 0x04 0x00 0x00 0x33 0x04 0x00>;
1278-		clocks = <0x08 0xc5 0x08 0xc4 0x08 0x147 0x08 0xa0>;
1279-		interrupt-map = <0x00 0x00 0x00 0x01 0x16 0x00 0x00 0x00 0x00 0x02 0x16 0x01 0x00 0x00 0x00 0x03 0x16 0x02 0x00 0x00 0x00 0x04 0x16 0x03>;
1280-		#size-cells = <0x02>;
1281-		aspm-no-l0s;
1282-		max-link-speed = <0x01>;
1283-		device_type = "pci";
1284-		interrupt-map-mask = <0x00 0x00 0x00 0x07>;
1285-		num-lanes = <0x04>;
1286-		compatible = "rockchip,rk3399-pcie";
1287-		ranges = <0x82000000 0x00 0xfa000000 0x00 0xfa000000 0x00 0x1e00000 0x81000000 0x00 0xfbe00000 0x00 0xfbe00000 0x00 0x100000>;
1288-		msi-map = <0x00 0x17 0x00 0x1000>;
1289-		#interrupt-cells = <0x01>;
1290-		status = "disabled";
1291-		interrupt-names = "sys", "legacy", "client";
1292-		phys = <0x18 0x00 0x18 0x01 0x18 0x02 0x18 0x03>;
1293-		vpcie0v9-supply = <0x1b>;
1294-		reg = <0x00 0xf8000000 0x00 0x2000000 0x00 0xfd000000 0x00 0x1000000>;
1295-		reset-names = "core", "mgmt", "mgmt-sticky", "pipe", "pm", "pclk", "aclk";
1296-		vpcie1v8-supply = <0x1c>;
1297-
1298-		interrupt-controller {
1299-			#address-cells = <0x00>;
1300-			#interrupt-cells = <0x01>;
1301-			phandle = <0x16>;
1302-			interrupt-controller;
1303-		};
1304-	};
1305-
1306-	qos@ffad0000 {
1307-		compatible = "rockchip,rk3399-qos", "syscon";
1308-		reg = <0x00 0xffad0000 0x00 0x20>;
1309-		phandle = <0x78>;
1310-	};
1311-
1312-	rktimer@ff850000 {
-- stable vs bad pcie status-only diff --
2:+++ mainline_bad_pcie_boot.norm.dts	2026-07-03 20:12:01.414070300 +0800
5: 		resets = <0x08 0x82 0x08 0x83 0x08 0x84 0x08 0x85 0x08 0x86 0x08 0x81 0x08 0x80>;
6: 		reset-names = "core\0mgmt\0mgmt-sticky\0pipe\0pm\0pclk\0aclk";
7:-		status = "disabled";
8:+		status = "okay";
9: 		num-lanes = <0x04>;
10: 		pinctrl-0 = <0x1a>;
11: 		pinctrl-names = "default";
-- filtered official/mainline PCIe/NPU diff first 260 lines --
11:-	compatible = "radxa,rockpi-n10", "vamrs,rk3399pro-vmarc-som", "rockchip,rk3399pro";
14:-		pinctrl-names = "default";
16:-		pinctrl-0 = <0x40>;
17:-		clock-names = "i2c", "pclk";
18:-		assigned-clocks = <0x08 0x45>;
19:-		assigned-clock-rates = <0xbebc200>;
21:-		clocks = <0x08 0x45 0x08 0x159>;
23:-		compatible = "rockchip,rk3399-i2c";
24:-		status = "disabled";
29:-		pinctrl-names = "default";
30:-		pinctrl-0 = <0x8a>;
31:-		clocks = <0x7a 0x1e>;
33:-		compatible = "rockchip,rk3399-pwm", "rockchip,rk3288-pwm";
34:-		status = "okay";
40:-		clock-names = "tcpdcore", "tcpdphy-ref";
41:-		assigned-clocks = <0x08 0x7e>;
42:-		assigned-clock-rates = <0x2faf080>;
43:-		resets = <0x08 0x95 0x08 0x94 0x08 0x14c>;
44:-		clocks = <0x08 0x7e 0x08 0x7d>;
45:-		compatible = "rockchip,rk3399-typec-phy";
46:-		status = "okay";
49:-		reset-names = "uphy", "uphy-pipe", "uphy-tcphy";
63:-		pinctrl-names = "default";
65:-		gpio = <0x3d 0x15 0x00>;
66:-		pinctrl-0 = <0xd3>;
70:-		compatible = "regulator-fixed";
76:-		pinctrl-names = "default";
77:-		pinctrl-0 = <0x89>;
78:-		clocks = <0x7a 0x1e>;
80:-		compatible = "rockchip,rk3399-pwm", "rockchip,rk3288-pwm";
81:-		status = "disabled";
87:-		clock-names = "aclk", "iface";
89:-		clocks = <0x08 0xed 0x08 0x1ec>;
91:-		compatible = "rockchip,iommu";
98:-		compatible = "operating-points-v2";
114:-			clock-latency-ns = <0x9c40>;
144:-		pinctrl-names = "default";
146:-		pinctrl-0 = <0x4c 0x4d 0x4e 0x4f>;
147:-		clock-names = "spiclk", "apb_pclk";
149:-		clocks = <0x08 0x48 0x08 0x15c>;
152:-		compatible = "rockchip,rk3399-spi", "rockchip,rk3066-spi";
153:-		status = "disabled";
159:-		clock-names = "apb_pclk";
161:-		clocks = <0x08 0xd4>;
163:-		compatible = "arm,pl330", "arm,primecell";
171:-		pinctrl-names = "bclk_on", "bclk_off";
172:-		pinctrl-0 = <0x94>;
173:-		clock-names = "i2s_clk", "i2s_hclk";
175:-		clocks = <0x08 0x56 0x08 0x1d4>;
178:-		compatible = "rockchip,rk3399-i2s", "rockchip,rk3066-i2s";
179:-		pinctrl-1 = <0x95>;
180:-		status = "disabled";
187:-		pinctrl-names = "default";
188:-		pinctrl-0 = <0x88>;
189:-		clocks = <0x7a 0x1e>;
191:-		compatible = "rockchip,rk3399-pwm", "rockchip,rk3288-pwm";
192:-		status = "okay";
197:-		clock-names = "apb_pclk";
198:-		clocks = <0x08 0x14c>;
200:-		compatible = "arm,coresight-cpu-debug", "arm,primecell";
204:-	pinctrl {
207:-		compatible = "rockchip,rk3399-pinctrl";
209:-		ranges;
215:-				rockchip,pins = <0x04 0x11 0x01 0xb5 0x04 0x10 0x01 0xb5>;
222:-			aw9523-reset {
223:-				rockchip,pins = <0x01 0x0a 0x00 0xd4>;
228:-		npu {
230:-			npu-ref-clk {
231:-				rockchip,pins = <0x00 0x02 0x01 0xb5>;
236:-		clock {
239:-				rockchip,pins = <0x00 0x00 0x02 0xb5>;
246:-				rockchip,pins = <0x02 0x0b 0x01 0xb8>;
251:-				rockchip,pins = <0x02 0x0c 0x01 0xb8>;
256:-				rockchip,pins = <0x02 0x0a 0x01 0xb8>;
261:-				rockchip,pins = <0x02 0x09 0x01 0xb8>;
277:-		gpio@ff720000 {
278:-			gpio-controller;
280:-			clocks = <0x7a 0x17>;
281:-			compatible = "rockchip,gpio-bank";
285:-			#gpio-cells = <0x02>;
289:-		pcfg-input-pull-up {
291:-			input-enable;
297:-				rockchip,pins = <0x04 0x03 0x00 0xb5 0x04 0x04 0x01 0xb5 0x04 0x05 0x01 0xb5 0x04 0x06 0x01 0xb5 0x04 0x07 0x01 0xb5>;
301:-				rockchip,pins = <0x04 0x03 0x01 0xb5 0x04 0x04 0x01 0xb5 0x04 0x05 0x01 0xb5 0x04 0x06 0x01 0xb5 0x04 0x07 0x01 0xb5>;
309:-				rockchip,pins = <0x04 0x02 0x01 0xb5 0x04 0x01 0x01 0xb5>;
317:-				rockchip,pins = <0x03 0x0d 0x01 0xb5 0x03 0x0c 0x01 0xb6 0x03 0x0b 0x01 0xb5 0x03 0x0a 0x01 0xb5 0x03 0x09 0x01 0xb5 0x03 0x08 0x01 0xb5 0x03 0x07 0x01 0xb5 0x03 0x06 0x01 0xb5 0x03 0x05 0x01 0xb6 0x03 0x04 0x01 0xb6>;
321:-				rockchip,pins = <0x03 0x11 0x01 0xb6 0x03 0x0e 0x01 0xb5 0x03 0x0d 0x01 0xb5 0x03 0x0c 0x01 0xb6 0x03 0x0b 0x01 0xb5 0x03 0x09 0x01 0xb5 0x03 0x08 0x01 0xb5 0x03 0x07 0x01 0xb5 0x03 0x06 0x01 0xb5 0x03 0x05 0x01 0xb6 0x03 0x04 0x01 0xb6 0x03 0x03 0x01 0xb5 0x03 0x02 0x01 0xb5 0x03 0x01 0x01 0xb6 0x03 0x00 0x01 0xb6>;
329:-				rockchip,pins = <0x03 0x05 0x02 0xb8>;
334:-				rockchip,pins = <0x03 0x04 0x02 0xb8>;
339:-				rockchip,pins = <0x03 0x08 0x02 0xb8>;
343:-				rockchip,pins = <0x03 0x06 0x02 0xb8>;
348:-				rockchip,pins = <0x03 0x07 0x02 0xb8>;
366:-				rockchip,pins = <0x01 0x07 0x01 0xb8 0x01 0x08 0x01 0xb5>;
379:-				rockchip,pins = <0x01 0x15 0x01 0xb5 0x01 0x14 0x01 0xb5>;
384:-		pcfg-input-pull-down {
386:-			input-enable;
392:-				rockchip,pins = <0x00 0x09 0x00 0xd4>;
400:-				rockchip,pins = <0x04 0x1a 0x00 0xb8>;
410:-		gpio@ff730000 {
411:-			gpio-controller;
413:-			clocks = <0x7a 0x18>;
414:-			compatible = "rockchip,gpio-bank";
418:-			#gpio-cells = <0x02>;
425:-				rockchip,pins = <0x02 0x0a 0x02 0xb5 0x02 0x09 0x02 0xb5>;
433:-				rockchip,pins = <0x03 0x19 0x00 0xd4>;
441:-				rockchip,pins = <0x04 0x15 0x02 0xb8 0x04 0x16 0x02 0xb5>;
448:-				rockchip,pins = <0x04 0x16 0x01 0xb5>;
453:-				rockchip,pins = <0x04 0x16 0x01 0xb9>;
460:-				rockchip,pins = <0x04 0x10 0x02 0xb8 0x04 0x11 0x02 0xb5>;
467:-				rockchip,pins = <0x04 0x17 0x02 0xb5>;
475:-				rockchip,pins = <0x02 0x17 0x02 0xb8>;
480:-				rockchip,pins = <0x02 0x15 0x02 0xb8>;
485:-				rockchip,pins = <0x02 0x14 0x02 0xb8>;
490:-				rockchip,pins = <0x02 0x16 0x02 0xb8>;
498:-				rockchip,pins = <0x01 0x06 0x00 0xb5>;
503:-				rockchip,pins = <0x01 0x06 0x01 0xb5>;
511:-				rockchip,pins = <0x02 0x12 0x01 0xb5>;
516:-				rockchip,pins = <0x02 0x13 0x01 0xb5>;
520:-				rockchip,pins = <0x02 0x10 0x01 0xb8 0x02 0x11 0x01 0xb5>;
528:-				rockchip,pins = <0x01 0x0c 0x01 0xb5 0x01 0x0b 0x01 0xb5>;
541:-				rockchip,pins = <0x03 0x10 0x03 0xb5>;
545:-				rockchip,pins = <0x04 0x15 0x01 0xb5>;
555:-		pcie {
557:-			pcie-pwr {
558:-				rockchip,pins = <0x04 0x1c 0x00 0xb8>;
563:-				rockchip,pins = <0x02 0x1a 0x02 0xb5>;
567:-				rockchip,pins = <0x02 0x1a 0x02 0xb5>;
580:-				rockchip,pins = <0x01 0x10 0x01 0xb8>;
585:-				rockchip,pins = <0x01 0x0f 0x01 0xb8>;
590:-				rockchip,pins = <0x01 0x11 0x01 0xb8>;
595:-				rockchip,pins = <0x01 0x12 0x01 0xb8>;
603:-				rockchip,pins = <0x00 0x06 0x01 0xb5>;
611:-				rockchip,pins = <0x02 0x19 0x01 0xb5>;
616:-				rockchip,pins = <0x00 0x03 0x01 0xb8>;
620:-				rockchip,pins = <0x02 0x14 0x01 0xb8 0x02 0x15 0x01 0xb8 0x02 0x16 0x01 0xb8 0x02 0x17 0x01 0xb8>;
625:-				rockchip,pins = <0x02 0x1c 0x01 0xb8>;
629:-				rockchip,pins = <0x02 0x1a 0x01 0xb8>;
633:-				rockchip,pins = <0x02 0x1b 0x01 0xb8>;
637:-				rockchip,pins = <0x00 0x04 0x01 0xb8>;
641:-				rockchip,pins = <0x02 0x14 0x01 0xb8>;
645:-				rockchip,pins = <0x02 0x18 0x01 0xb8>;
653:-				rockchip,pins = <0x04 0x15 0x00 0xb5>;
666:-				rockchip,pins = <0x02 0x01 0x02 0xb7 0x02 0x00 0x02 0xb7>;
674:-				rockchip,pins = <0x01 0x12 0x00 0xb8>;
679:-		pcfg-input-enable {
680:-			input-enable;
691:-				rockchip,pins = <0x01 0x0a 0x02 0xb8>;
696:-				rockchip,pins = <0x01 0x09 0x02 0xb8>;
701:-				rockchip,pins = <0x01 0x08 0x02 0xb8>;
706:-				rockchip,pins = <0x01 0x07 0x02 0xb8>;
714:-				rockchip,pins = <0x02 0x1b 0x00 0xb5>;
719:-		gpio@ff780000 {
720:-			gpio-controller;
722:-			clocks = <0x08 0x150>;
723:-			compatible = "rockchip,gpio-bank";
727:-			#gpio-cells = <0x02>;
739:-				rockchip,pins = <0x00 0x08 0x01 0xb8>;
743:-				rockchip,pins = <0x04 0x08 0x01 0xb8>;
747:-				rockchip,pins = <0x00 0x07 0x01 0xb8>;
752:-				rockchip,pins = <0x04 0x08 0x01 0xb8 0x04 0x09 0x01 0xb8 0x04 0x0a 0x01 0xb8 0x04 0x0b 0x01 0xb8>;
757:-				rockchip,pins = <0x04 0x0d 0x01 0xb8>;
762:-				rockchip,pins = <0x04 0x0c 0x01 0xb5>;
770:-				rockchip,pins = <0x03 0x18 0x01 0xb5 0x03 0x19 0x01 0xb5 0x03 0x1a 0x01 0xb5 0x03 0x1b 0x01 0xb5 0x03 0x1c 0x01 0xb5 0x03 0x1d 0x01 0xb5 0x03 0x1e 0x01 0xb5 0x03 0x1f 0x01 0xb5 0x04 0x00 0x01 0xb5>;
775:-				rockchip,pins = <0x03 0x18 0x00 0xb5 0x03 0x19 0x01 0xb5 0x03 0x1a 0x01 0xb5 0x03 0x1b 0x01 0xb5 0x03 0x1c 0x01 0xb5 0x03 0x1d 0x01 0xb5 0x03 0x1e 0x01 0xb5 0x03 0x1f 0x01 0xb5 0x04 0x00 0x01 0xb5>;
780:-				rockchip,pins = <0x03 0x18 0x00 0xb5 0x03 0x19 0x01 0xb5 0x03 0x1a 0x01 0xb5 0x03 0x1b 0x01 0xb5 0x03 0x1f 0x01 0xb5 0x04 0x00 0x01 0xb5>;
784:-				rockchip,pins = <0x03 0x18 0x01 0xb5 0x03 0x19 0x01 0xb5 0x03 0x1a 0x01 0xb5 0x03 0x1b 0x01 0xb5 0x03 0x1f 0x01 0xb5 0x04 0x00 0x01 0xb5>;
791:-				rockchip,pins = <0x01 0x0f 0x02 0xb5 0x01 0x10 0x02 0xb5>;
799:-				rockchip,pins = <0x01 0x05 0x01 0xb5>;
803:-				rockchip,pins = <0x00 0x01 0x01 0xb5>;
810:-				rockchip,pins = <0x04 0x1e 0x00 0xb8>;
818:-				rockchip,pins = <0x04 0x19 0x00 0xb8>;
826:-				rockchip,pins = <0x00 0x08 0x03 0xb5>;
830:-				rockchip,pins = <0x00 0x00 0x01 0xb5>;
834:-				rockchip,pins = <0x02 0x19 0x02 0xb5>;
857:-				rockchip,pins = <0x01 0x0d 0x00 0xb5>;
865:-				rockchip,pins = <0x03 0x10 0x02 0xb5>;
869:-				rockchip,pins = <0x03 0x11 0x02 0xb5>;
873:-				rockchip,pins = <0x03 0x0e 0x02 0xb8 0x03 0x0f 0x02 0xb5>;
885:-				rockchip,pins = <0x02 0x08 0x02 0xb5 0x02 0x07 0x02 0xb5>;
893:-				rockchip,pins = <0x01 0x13 0x01 0xb5>;
898:-				rockchip,pins = <0x01 0x13 0x01 0xb9>;
905:-				rockchip,pins = <0x04 0x13 0x01 0xb8 0x04 0x14 0x01 0xb5>;
913:-				rockchip,pins = <0x03 0x0c 0x02 0xb8 0x03 0x0d 0x02 0xb5>;
921:-				rockchip,pins = <0x04 0x11 0x03 0xb5 0x04 0x10 0x03 0xb5>;
925:-				rockchip,pins = <0x04 0x17 0x01 0xb5>;
930:-		gpio@ff790000 {
931:-			gpio-controller;
933:-			clocks = <0x08 0x152>;
934:-			compatible = "rockchip,gpio-bank";
938:-			#gpio-cells = <0x02>;
945:-				rockchip,pins = <0x03 0x0b 0x02 0xb5 0x03 0x0a 0x02 0xb5>;
950:-		gpio@ff788000 {
951:-			gpio-controller;
953:-			clocks = <0x08 0x151>;
954:-			compatible = "rockchip,gpio-bank";
958:-			#gpio-cells = <0x02>;
965:-				rockchip,pins = <0x04 0x12 0x01 0xb9>;
969:-				rockchip,pins = <0x04 0x12 0x03 0xb5>;
973:-				rockchip,pins = <0x04 0x12 0x02 0xb5>;
977:-				rockchip,pins = <0x04 0x12 0x01 0xb5>;
985:-				rockchip,pins = <0x02 0x0a 0x03 0xb5>;
989:-				rockchip,pins = <0x02 0x0b 0x03 0xb5>;
996:-				rockchip,pins = <0x04 0x08 0x02 0xb8 0x04 0x09 0x02 0xb5>;
1003:-				rockchip,pins = <0x03 0x02 0x02 0xb8>;
1008:-				rockchip,pins = <0x03 0x01 0x02 0xb8>;
1013:-				rockchip,pins = <0x03 0x00 0x02 0xb8>;
1018:-				rockchip,pins = <0x03 0x03 0x02 0xb8>;
1031:-				rockchip,pins = <0x01 0x0e 0x01 0xb5>;
1042:-		compatible = "rockchip,rk3399-pmu", "syscon", "simple-mfd";
1049:-			compatible = "rockchip,rk3399-power-controller";
1053:-				clocks = <0x08 0x80 0x08 0x7f>;
1059:-				clocks = <0x08 0x1ce 0x08 0x4c>;
1066:-				clocks = <0x08 0xd0>;
1073:-				clocks = <0x08 0x16c>;
1085:-					clocks = <0x08 0xe5 0x08 0x1df>;
1092:-					clocks = <0x08 0xde 0x08 0x1e7 0x08 0x172>;
1105:-						clocks = <0x08 0xd9 0x08 0x1d9>;
1112:-						clocks = <0x08 0xdb 0x08 0x1db>;
1120:-					clocks = <0x08 0xe6 0x08 0x1e0>;
1128:-				clocks = <0x08 0xdc 0x08 0x1e5>;
1135:-				clocks = <0x08 0xf0>;
1142:-				clocks = <0x08 0xeb 0x08 0x1ea>;
1149:-				clocks = <0x08 0x1ee>;
1156:-				clocks = <0x08 0x7e 0x08 0x7d>;
1162:-				clocks = <0x08 0xe1 0x08 0x1dd>;
1169:-				clocks = <0x08 0xf4>;
1176:-				clocks = <0x08 0xed 0x08 0x1ec 0x08 0x9f 0x08 0x9e>;
1183:-				clocks = <0x08 0xd5 0x08 0x166>;
1192:-		pinctrl-names = "default";
1194:-		gpio = <0x81 0x0d 0x00>;
1195:-		pinctrl-0 = <0xd2>;
1199:-		compatible = "regulator-fixed";
1205:-		compatible = "rockchip,rk3399-qos", "syscon";
1213:-		clocks = <0x08 0xd0>;
1214:-		compatible = "rockchip,rk3399-mali", "arm,mali-t860";
1216:-		status = "disabled";
1225:-		clock-names = "pclk_ddr_mon";
1227:-		clocks = <0x08 0x179>;
1228:-		compatible = "rockchip,rk3399-dfi";
1235:-		pinctrl-names = "default";
1237:-		pinctrl-0 = <0x87>;
1238:-		clock-names = "i2c", "pclk";
1239:-		assigned-clocks = <0x7a 0x0b>;
1242:-		assigned-clock-rates = <0xbebc200>;
1244:-		clocks = <0x7a 0x0b 0x7a 0x1d>;
1246:-		clock-frequency = <0x186a0>;
1247:-		compatible = "rockchip,rk3399-i2c";
1248:-		status = "okay";
1253:-			pinctrl-names = "default";
1254:-			pinctrl-0 = <0x1a5>;
1255:-			reset-gpios = <0x81 0x0a 0x01>;
1256:-			compatible = "awinic,aw9523";
1257:-			status = "okay";
1261:-			gpio {
1262:-				gpio-controller;
1263:-				compatible = "awinic,aw9523-gpio";
1265:-				#gpio-cells = <0x02>;
1270:-	pcie@f8000000 {
1271:-		vpcie3v3-supply = <0x1d>;
1272:-		pinctrl-names = "default";
================ create human summary ================
================ append markdown section ================
================ git add/check/commit/push ================
