# Check whether NPU runtime link is missing under mainline 6.18.33
# time: 2026-07-03T18:42:15+08:00

================ LOCAL DTS / DTB INSPECTION ================
== git tracked/untracked relevant local files ==
 M current_dtb.dts
 M rk3399pro-neardi-linux-lc110-base.dtb
?? baseline_dtb.dts

\n---- current_dtb.dts: NPU/PCIe/USB/clock/reset excerpts ----
304:		clock-output-names = "xin24m";
309:	pcie@f8000000 {
310:		compatible = "rockchip,rk3399-pcie";
311:		reg = <0x00 0xf8000000 0x00 0x2000000 0x00 0xfd000000 0x00 0x1000000>;
327:		phys = <0x18 0x00 0x18 0x01 0x18 0x02 0x18 0x03>;
328:		phy-names = "pcie-phy-0\0pcie-phy-1\0pcie-phy-2\0pcie-phy-3";
333:		num-lanes = <0x04>;
336:		vpcie0v9-supply = <0x1b>;
337:		vpcie1v8-supply = <0x1c>;
338:		vpcie3v3-supply = <0x1d>;
348:	pcie-ep@f8000000 {
349:		compatible = "rockchip,rk3399-pcie-ep";
355:		num-lanes = <0x04>;
358:		phys = <0x18 0x00 0x18 0x01 0x18 0x02 0x18 0x03>;
359:		phy-names = "pcie-phy-0\0pcie-phy-1\0pcie-phy-2\0pcie-phy-3";
379:		assigned-clocks = <0x08 0xa6 0x08 0x69>;
380:		assigned-clock-parents = <0x08 0x69>;
381:		assigned-clock-rates = <0x00 0x7735940>;
437:		assigned-clocks = <0x08 0x1cd>;
438:		assigned-clock-rates = <0xbebc200>;
461:		assigned-clocks = <0x08 0x4e>;
462:		assigned-clock-rates = <0xbebc200>;
465:		clock-output-names = "emmc_cardclock";
467:		phys = <0x2d>;
468:		phy-names = "phy_arasan";
484:		phys = <0x2f>;
485:		phy-names = "usb";
494:		phys = <0x2f>;
495:		phy-names = "usb";
504:		phys = <0x31>;
505:		phy-names = "usb";
514:		phys = <0x31>;
515:		phy-names = "usb";
568:		compatible = "rockchip,rk3399-dwc3";
575:		reset-names = "usb3-otg";
579:			compatible = "snps,dwc3";
584:			dr_mode = "otg";
585:			phys = <0x32 0x33>;
586:			phy-names = "usb2-phy\0usb3-phy";
599:		compatible = "rockchip,rk3399-dwc3";
606:		reset-names = "usb3-otg";
610:			compatible = "snps,dwc3";
615:			dr_mode = "host";
616:			phys = <0x34 0x35>;
617:			phy-names = "usb2-phy\0usb3-phy";
633:		assigned-clocks = <0x08 0x72 0x08 0xa1>;
634:		assigned-clock-rates = <0x5f5e100 0xbebc200>;
637:		phys = <0x36 0x37>;
734:		assigned-clocks = <0x08 0x41>;
735:		assigned-clock-rates = <0xbebc200>;
751:		assigned-clocks = <0x08 0x42>;
752:		assigned-clock-rates = <0xbebc200>;
767:			clock-output-names = "hym8563";
779:		assigned-clocks = <0x08 0x43>;
780:		assigned-clock-rates = <0xbebc200>;
797:		assigned-clocks = <0x08 0x44>;
798:		assigned-clock-rates = <0xbebc200>;
812:		assigned-clocks = <0x08 0x45>;
813:		assigned-clock-rates = <0xbebc200>;
827:		assigned-clocks = <0x08 0x46>;
828:		assigned-clock-rates = <0xbebc200>;
1046:		assigned-clocks = <0x08 0x4f>;
1047:		assigned-clock-rates = <0xb71b0>;
1402:		assigned-clocks = <0x7a 0x09>;
1403:		assigned-clock-rates = <0xbebc200>;
1423:			clock-output-names = "rk808-clkout1\0rk808-clkout2";
1659:		assigned-clocks = <0x7a 0x0a>;
1660:		assigned-clock-rates = <0xbebc200>;
1674:		assigned-clocks = <0x7a 0x0b>;
1675:		assigned-clock-rates = <0xbebc200>;
1693:			reset-gpios = <0x81 0x0a 0x01>;
1888:		assigned-clocks = <0x7a 0x01>;
1889:		assigned-clock-rates = <0x284af100>;
1901:		assigned-clocks = <0x08 0x05 0x08 0x04 0x08 0x06 0x08 0xc0 0x08 0x1c0 0x08 0x140 0x08 0xc2 0x08 0x1c1 0x08 0x142 0x08 0xc9 0x08 0x1c2 0x08 0x143 0x08 0xe3 0x08 0xde 0x08 0x106 0x08 0x178 0x08 0xed>;
1902:		assigned-clock-rates = <0x2367b880 0x2faf0800 0x3b9aca00 0x8f0d180 0x47868c0 0x23c3460 0x5f5e100 0x5f5e100 0x2faf080 0x23c34600 0x5f5e100 0x2faf080 0x17d78400 0x17d78400 0xbebc200 0xbebc200 0x17d78400>;
1937:			clock-output-names = "clk_usbphy0_480m";
1941:			host-port {
1951:			otg-port {
1956:				interrupt-names = "otg-bvalid\0otg-id\0linestate";
1968:			clock-output-names = "clk_usbphy1_480m";
1972:			host-port {
1982:			otg-port {
1985:				interrupt-names = "otg-bvalid\0otg-id\0linestate";
2002:		pcie-phy {
2003:			compatible = "rockchip,rk3399-pcie-phy";
2019:		assigned-clocks = <0x08 0x7e>;
2020:		assigned-clock-rates = <0x2faf080>;
2043:		assigned-clocks = <0x08 0x80>;
2044:		assigned-clock-rates = <0x2faf080>;
2143:		assigned-clocks = <0x08 0xdb 0x08 0x1db>;
2144:		assigned-clock-rates = <0x17d78400 0x5f5e100>;
2206:		assigned-clocks = <0x08 0xd9 0x08 0x1d9>;
2207:		assigned-clock-rates = <0x17d78400 0x5f5e100>;
2272:		phys = <0xa4>;
2273:		phy-names = "dphy";
2308:		phys = <0xa6>;
2309:		phy-names = "dphy";
2603:		npu {
2605:			npu-ref-clk {
2702:		pcfg-input-enable {
2703:			input-enable;
2706:		pcfg-input-pull-up {
2707:			input-enable;
2711:		pcfg-input-pull-down {
2712:			input-enable;
3274:		pcie {
3285:			pcie-pwr {
3339:		vbus_host {
3355:		host_vbus_drv {
3357:			host-vbus-drv {
3363:		otg_vbus_drv {
3365:			otg-vbus-drv {
3494:		clock-output-names = "clkin_gmac";
3502:		clock-names = "ext_clock\0wifi_pmu";
3505:		reset-gpios = <0xbc 0x1b 0x01>;
3530:	regulator-vbus-host {
3534:		regulator-name = "vbus_host";
3553:	regulator-vcc5v0-host {
3559:		regulator-name = "vcc5v0_host";
3566:	regulator-vbus-otg {
3572:		regulator-name = "vcc_otg_vbus";
3579:	regulator-vcc-pcie {
3585:		regulator-name = "vcc3v3_pcie";
\n---- current_dtb.dts: pcie node contexts ----
297-		interrupts = <0x01 0x0d 0x08 0x00 0x01 0x0e 0x08 0x00 0x01 0x0b 0x08 0x00 0x01 0x0a 0x08 0x00>;
298-		arm,no-tick-in-suspend;
299-	};
300-
301-	xin24m {
302-		compatible = "fixed-clock";
303-		clock-frequency = <0x16e3600>;
304-		clock-output-names = "xin24m";
305-		#clock-cells = <0x00>;
306-		phandle = <0x8e>;
307-	};
308-
309:	pcie@f8000000 {
310:		compatible = "rockchip,rk3399-pcie";
311:		reg = <0x00 0xf8000000 0x00 0x2000000 0x00 0xfd000000 0x00 0x1000000>;
312-		reg-names = "axi-base\0apb-base";
313-		device_type = "pci";
314-		#address-cells = <0x03>;
315-		#size-cells = <0x02>;
316-		#interrupt-cells = <0x01>;
317-		aspm-no-l0s;
318-		bus-range = <0x00 0x1f>;
319-		clocks = <0x08 0xc5 0x08 0xc4 0x08 0x147 0x08 0xa0>;
320-		clock-names = "aclk\0aclk-perf\0hclk\0pm";
321-		interrupts = <0x00 0x31 0x04 0x00 0x00 0x32 0x04 0x00 0x00 0x33 0x04 0x00>;
322-		interrupt-names = "sys\0legacy\0client";
323-		interrupt-map-mask = <0x00 0x00 0x00 0x07>;
324-		interrupt-map = <0x00 0x00 0x00 0x01 0x16 0x00 0x00 0x00 0x00 0x02 0x16 0x01 0x00 0x00 0x00 0x03 0x16 0x02 0x00 0x00 0x00 0x04 0x16 0x03>;
325-		max-link-speed = <0x01>;
326-		msi-map = <0x00 0x17 0x00 0x1000>;
327-		phys = <0x18 0x00 0x18 0x01 0x18 0x02 0x18 0x03>;
328:		phy-names = "pcie-phy-0\0pcie-phy-1\0pcie-phy-2\0pcie-phy-3";
329-		ranges = <0x82000000 0x00 0xfa000000 0x00 0xfa000000 0x00 0x1e00000 0x81000000 0x00 0xfbe00000 0x00 0xfbe00000 0x00 0x100000>;
330-		resets = <0x08 0x82 0x08 0x83 0x08 0x84 0x08 0x85 0x08 0x86 0x08 0x81 0x08 0x80>;
331-		reset-names = "core\0mgmt\0mgmt-sticky\0pipe\0pm\0pclk\0aclk";
332-		status = "disabled";
333-		num-lanes = <0x04>;
334-		pinctrl-0 = <0x1a>;
335-		pinctrl-names = "default";
336:		vpcie0v9-supply = <0x1b>;
337:		vpcie1v8-supply = <0x1c>;
338:		vpcie3v3-supply = <0x1d>;
339-
340-		interrupt-controller {
341-			interrupt-controller;
342-			#address-cells = <0x00>;
343-			#interrupt-cells = <0x01>;
344-			phandle = <0x16>;
345-		};
346-	};
347-
348:	pcie-ep@f8000000 {
349:		compatible = "rockchip,rk3399-pcie-ep";
350-		reg = <0x00 0xfd000000 0x00 0x1000000 0x00 0xfa000000 0x00 0x2000000>;
351-		reg-names = "apb-base\0mem-base";
352-		clocks = <0x08 0xc5 0x08 0xc4 0x08 0x147 0x08 0xa0>;
353-		clock-names = "aclk\0aclk-perf\0hclk\0pm";
354-		max-functions = [08];
355-		num-lanes = <0x04>;
356-		resets = <0x08 0x82 0x08 0x83 0x08 0x84 0x08 0x85 0x08 0x86 0x08 0x81 0x08 0x80>;
357-		reset-names = "core\0mgmt\0mgmt-sticky\0pipe\0pm\0pclk\0aclk";
358-		phys = <0x18 0x00 0x18 0x01 0x18 0x02 0x18 0x03>;
359:		phy-names = "pcie-phy-0\0pcie-phy-1\0pcie-phy-2\0pcie-phy-3";
360-		rockchip,max-outbound-regions = <0x20>;
361-		pinctrl-names = "default";
362-		pinctrl-0 = <0x1a>;
363-		status = "disabled";
364-	};
365-
366-	ethernet@fe300000 {
367-		compatible = "rockchip,rk3399-gmac";
368-		reg = <0x00 0xfe300000 0x00 0x10000>;
369-		interrupts = <0x00 0x0c 0x04 0x00>;
370-		interrupt-names = "macirq";
371-		clocks = <0x08 0x69 0x08 0x67 0x08 0x68 0x08 0x66 0x08 0x6a 0x08 0xd5 0x08 0x166>;
372-		clock-names = "stmmaceth\0mac_clk_rx\0mac_clk_tx\0clk_mac_ref\0clk_mac_refout\0aclk_mac\0pclk_mac";
373-		power-domains = <0x1e 0x16>;
374-		resets = <0x08 0x89>;
375-		reset-names = "stmmaceth";
376-		rockchip,grf = <0x1f>;
377-		snps,txpbl = <0x04>;
378-		status = "okay";
379-		assigned-clocks = <0x08 0xa6 0x08 0x69>;
380-		assigned-clock-parents = <0x08 0x69>;
381-		assigned-clock-rates = <0x00 0x7735940>;
382-		clock_in_out = "output";
383-		phy-mode = "rgmii";
384-		pinctrl-names = "default";
385-		pinctrl-0 = <0x21>;
386-		snps,reset-active-low;
387-		snps,reset-delays-us = <0x00 0x2710 0xc350>;
388-		tx_delay = <0x21>;
389-		rx_delay = <0x15>;
390-		phy-supply = <0xc1>;
391-		snps,reset-gpio = <0x23 0x0f 0x01>;
392-		phy-handle = <0xc2>;
393-
394-		mdio {
--
1990-
1991-		phy@f780 {
1992-			compatible = "rockchip,rk3399-emmc-phy";
1993-			reg = <0xf780 0x24>;
1994-			clocks = <0x92>;
1995-			clock-names = "emmcclk";
1996-			drive-impedance-ohm = <0x32>;
1997-			#phy-cells = <0x00>;
1998-			status = "okay";
1999-			phandle = <0x2d>;
2000-		};
2001-
2002:		pcie-phy {
2003:			compatible = "rockchip,rk3399-pcie-phy";
2004-			clocks = <0x08 0x8a>;
2005-			clock-names = "refclk";
2006-			#phy-cells = <0x01>;
2007-			resets = <0x08 0x87>;
2008-			reset-names = "phy";
2009-			status = "okay";
2010-			phandle = <0x18>;
2011-		};
2012-	};
2013-
2014-	phy@ff7c0000 {
2015-		compatible = "rockchip,rk3399-typec-phy";
2016-		reg = <0x00 0xff7c0000 0x00 0x40000>;
2017-		clocks = <0x08 0x7e 0x08 0x7d>;
2018-		clock-names = "tcpdcore\0tcpdphy-ref";
2019-		assigned-clocks = <0x08 0x7e>;
2020-		assigned-clock-rates = <0x2faf080>;
2021-		power-domains = <0x1e 0x08>;
2022-		resets = <0x08 0x95 0x08 0x94 0x08 0x14c>;
2023-		reset-names = "uphy\0uphy-pipe\0uphy-tcphy";
2024-		rockchip,grf = <0x1f>;
2025-		status = "okay";
2026-
2027-		dp-port {
2028-			#phy-cells = <0x00>;
2029-			phandle = <0x36>;
2030-		};
2031-
2032-		usb3-port {
2033-			#phy-cells = <0x00>;
2034-			phandle = <0x33>;
2035-		};
2036-	};
2037-
2038-	phy@ff800000 {
--
3262-		hdmi {
3263-
3264-			hdmi-i2c-xfer {
3265-				rockchip,pins = <0x04 0x11 0x03 0xb5 0x04 0x10 0x03 0xb5>;
3266-			};
3267-
3268-			hdmi-cec {
3269-				rockchip,pins = <0x04 0x17 0x01 0xb5>;
3270-				phandle = <0xaa>;
3271-			};
3272-		};
3273-
3274:		pcie {
3275-
3276-			pci-clkreqn-cpm {
3277-				rockchip,pins = <0x02 0x1a 0x02 0xb5>;
3278-			};
3279-
3280-			pci-clkreqnb-cpm {
3281-				rockchip,pins = <0x02 0x1a 0x02 0xb5>;
3282-				phandle = <0x1a>;
3283-			};
3284-
3285:			pcie-pwr {
3286-				rockchip,pins = <0x04 0x1c 0x00 0xb8>;
3287-				phandle = <0xc0>;
3288-			};
3289-		};
3290-
3291-		hym8563 {
3292-
3293-			hym8563-int {
3294-				rockchip,pins = <0x04 0x1e 0x00 0xb8>;
3295-				phandle = <0x3c>;
3296-			};
3297-		};
3298-
3299-		n4 {
3300-
3301-			n4-pwr-pin {
3302-				rockchip,pins = <0x00 0x09 0x00 0xd4>;
3303-				phandle = <0xf2>;
3304-			};
3305-		};
3306-
3307-		gnss {
3308-
3309-			gnss-pwr-pin {
3310-				rockchip,pins = <0x03 0x19 0x00 0xd4>;
3311-				phandle = <0xf3>;
3312-			};
3313-		};
3314-
3315-		aw9523 {
3316-
3317-			aw9523-reset {
3318-				rockchip,pins = <0x01 0x0a 0x00 0xd4>;
3319-				phandle = <0x1a5>;
3320-			};
--
3567-		compatible = "regulator-fixed";
3568-		enable-active-high;
3569-		gpio = <0x3d 0x15 0x00>;
3570-		pinctrl-names = "default";
3571-		pinctrl-0 = <0xd3>;
3572-		regulator-name = "vcc_otg_vbus";
3573-		regulator-always-on;
3574-		regulator-boot-on;
3575-		vin-supply = <0x83>;
3576-		phandle = <0xd1>;
3577-	};
3578-
3579:	regulator-vcc-pcie {
3580-		compatible = "regulator-fixed";
3581-		enable-active-high;
3582-		gpio = <0x3d 0x1c 0x00>;
3583-		pinctrl-names = "default";
3584-		pinctrl-0 = <0xc0>;
3585:		regulator-name = "vcc3v3_pcie";
3586-		regulator-always-on;
3587-		regulator-boot-on;
3588-		vin-supply = <0x83>;
3589-		phandle = <0x1d>;
3590-	};
3591-
3592-	n4-pwren {
3593-		compatible = "regulator-fixed";
3594-		enable-active-high;
3595-		regulator-always-on;
3596-		regulator-boot-on;
3597-		gpio = <0x19 0x09 0x00>;
3598-		pinctrl-names = "default";
3599-		pinctrl-0 = <0xf2 0xf4>;
3600-		regulator-name = "n4_pwren";
3601-		phandle = <0x1a1>;
3602-	};
3603-
3604-	vcc-gnss {
3605-		compatible = "regulator-fixed";
3606-		enable-active-high;
3607-		regulator-boot-on;
3608-		regulator-always-on;
3609-		gpio = <0x23 0x19 0x00>;
3610-		pinctrl-names = "default";
3611-		pinctrl-0 = <0xf3>;
3612-		regulator-name = "vcc_gnss";
3613-		phandle = <0x1a2>;
3614-	};
3615-
3616-	chosen {
3617-		stdout-path = "serial2:1500000n8";
3618-	};
3619-
3620-	vcc-phy-regulator {
\n---- current_dtb.dts: usb3/dwc3 node contexts ----
469-		power-domains = <0x1e 0x17>;
470-		disable-cqe-dcmd;
471-		status = "okay";
472-		bus-width = <0x08>;
473-		mmc-hs400-1_8v;
474-		mmc-hs400-enhanced-strobe;
475-		non-removable;
476-		phandle = <0x92>;
477-	};
478-
479:	usb@fe380000 {
480-		compatible = "generic-ehci";
481-		reg = <0x00 0xfe380000 0x00 0x20000>;
482-		interrupts = <0x00 0x1a 0x04 0x00>;
483-		clocks = <0x08 0x1c8 0x08 0x1c9 0x2e>;
484-		phys = <0x2f>;
485-		phy-names = "usb";
486-		status = "okay";
487-	};
488-
489:	usb@fe3a0000 {
490-		compatible = "generic-ohci";
491-		reg = <0x00 0xfe3a0000 0x00 0x20000>;
492-		interrupts = <0x00 0x1c 0x04 0x00>;
493-		clocks = <0x08 0x1c8 0x08 0x1c9 0x2e>;
494-		phys = <0x2f>;
495-		phy-names = "usb";
496-		status = "okay";
497-	};
498-
499:	usb@fe3c0000 {
500-		compatible = "generic-ehci";
501-		reg = <0x00 0xfe3c0000 0x00 0x20000>;
502-		interrupts = <0x00 0x1e 0x04 0x00>;
503-		clocks = <0x08 0x1ca 0x08 0x1cb 0x30>;
504-		phys = <0x31>;
505-		phy-names = "usb";
506-		status = "okay";
507-	};
508-
509:	usb@fe3e0000 {
510-		compatible = "generic-ohci";
511-		reg = <0x00 0xfe3e0000 0x00 0x20000>;
512-		interrupts = <0x00 0x20 0x04 0x00>;
513-		clocks = <0x08 0x1ca 0x08 0x1cb 0x30>;
514-		phys = <0x31>;
515-		phy-names = "usb";
516-		status = "okay";
517-	};
518-
519-	debug@fe430000 {
520-		compatible = "arm,coresight-cpu-debug\0arm,primecell";
521-		reg = <0x00 0xfe430000 0x00 0x1000>;
522-		clocks = <0x08 0x14d>;
523-		clock-names = "apb_pclk";
524-		cpu = <0x02>;
525-	};
526-
527-	debug@fe432000 {
528-		compatible = "arm,coresight-cpu-debug\0arm,primecell";
529-		reg = <0x00 0xfe432000 0x00 0x1000>;
530-		clocks = <0x08 0x14d>;
531-		clock-names = "apb_pclk";
532-		cpu = <0x03>;
533-	};
534-
535-	debug@fe434000 {
536-		compatible = "arm,coresight-cpu-debug\0arm,primecell";
537-		reg = <0x00 0xfe434000 0x00 0x1000>;
538-		clocks = <0x08 0x14d>;
539-		clock-names = "apb_pclk";
--
557-	};
558-
559-	debug@fe710000 {
560-		compatible = "arm,coresight-cpu-debug\0arm,primecell";
561-		reg = <0x00 0xfe710000 0x00 0x1000>;
562-		clocks = <0x08 0x14c>;
563-		clock-names = "apb_pclk";
564-		cpu = <0x07>;
565-	};
566-
567:	usb@fe800000 {
568:		compatible = "rockchip,rk3399-dwc3";
569-		#address-cells = <0x02>;
570-		#size-cells = <0x02>;
571-		ranges;
572-		clocks = <0x08 0x81 0x08 0x83 0x08 0xf6 0x08 0xf8 0x08 0xf4 0x08 0xf9>;
573:		clock-names = "ref_clk\0suspend_clk\0bus_clk\0aclk_usb3_rksoc_axi_perf\0aclk_usb3\0grf_clk";
574-		resets = <0x08 0x125>;
575:		reset-names = "usb3-otg";
576-		status = "okay";
577-
578:		usb@fe800000 {
579:			compatible = "snps,dwc3";
580-			reg = <0x00 0xfe800000 0x00 0x100000>;
581-			interrupts = <0x00 0x69 0x04 0x00>;
582-			clocks = <0x08 0x81 0x08 0xf6 0x08 0x83>;
583-			clock-names = "ref\0bus_early\0suspend";
584:			dr_mode = "otg";
585-			phys = <0x32 0x33>;
586:			phy-names = "usb2-phy\0usb3-phy";
587-			phy_type = "utmi_wide";
588-			snps,dis_enblslpm_quirk;
589-			snps,dis-u2-freeclk-exists-quirk;
590-			snps,dis_u2_susphy_quirk;
591-			snps,dis-del-phy-power-chg-quirk;
592-			snps,dis-tx-ipgap-linecheck-quirk;
593-			power-domains = <0x1e 0x18>;
594-			status = "okay";
595-		};
596-	};
597-
598:	usb@fe900000 {
599:		compatible = "rockchip,rk3399-dwc3";
600-		#address-cells = <0x02>;
601-		#size-cells = <0x02>;
602-		ranges;
603-		clocks = <0x08 0x82 0x08 0x84 0x08 0xf7 0x08 0xf8 0x08 0xf4 0x08 0xf9>;
604:		clock-names = "ref_clk\0suspend_clk\0bus_clk\0aclk_usb3_rksoc_axi_perf\0aclk_usb3\0grf_clk";
605-		resets = <0x08 0x126>;
606:		reset-names = "usb3-otg";
607-		status = "okay";
608-
609:		usb@fe900000 {
610:			compatible = "snps,dwc3";
611-			reg = <0x00 0xfe900000 0x00 0x100000>;
612-			interrupts = <0x00 0x6e 0x04 0x00>;
613-			clocks = <0x08 0x82 0x08 0xf7 0x08 0x84>;
614-			clock-names = "ref\0bus_early\0suspend";
615-			dr_mode = "host";
616-			phys = <0x34 0x35>;
617:			phy-names = "usb2-phy\0usb3-phy";
618-			phy_type = "utmi_wide";
619-			snps,dis_enblslpm_quirk;
620-			snps,dis-u2-freeclk-exists-quirk;
621-			snps,dis_u2_susphy_quirk;
622-			snps,dis-del-phy-power-chg-quirk;
623-			snps,dis-tx-ipgap-linecheck-quirk;
624-			power-domains = <0x1e 0x18>;
625-			status = "okay";
626-		};
627-	};
628-
629-	dp@fec00000 {
630-		compatible = "rockchip,rk3399-cdn-dp";
631-		reg = <0x00 0xfec00000 0x00 0x100000>;
632-		interrupts = <0x00 0x09 0x04 0x00>;
633-		assigned-clocks = <0x08 0x72 0x08 0xa1>;
634-		assigned-clock-rates = <0x5f5e100 0xbebc200>;
635-		clocks = <0x08 0x72 0x08 0x175 0x08 0xa1 0x08 0x16f>;
636-		clock-names = "core-clk\0pclk\0spdif\0grf";
637-		phys = <0x36 0x37>;
638-		power-domains = <0x1e 0x15>;
639-		resets = <0x08 0x103 0x08 0x148 0x08 0x14a 0x08 0xfd>;
640-		reset-names = "spdif\0dptx\0apb\0core";
641-		rockchip,grf = <0x1f>;
642-		#sound-dai-cells = <0x01>;
643-		status = "disabled";
644-
645-		ports {
646-
647-			port {
--
1941-			host-port {
1942-				phy-supply = <0xd0>;
1943-				vbus-supply = <0xd0>;
1944-				#phy-cells = <0x00>;
1945-				interrupts = <0x00 0x1b 0x04 0x00>;
1946-				interrupt-names = "linestate";
1947-				status = "okay";
1948-				phandle = <0x2f>;
1949-			};
1950-
1951:			otg-port {
1952-				phy-supply = <0xd1>;
1953-				vbus-supply = <0xd1>;
1954-				#phy-cells = <0x00>;
1955-				interrupts = <0x00 0x67 0x04 0x00 0x00 0x68 0x04 0x00 0x00 0x6a 0x04 0x00>;
1956:				interrupt-names = "otg-bvalid\0otg-id\0linestate";
1957-				status = "okay";
1958-				phandle = <0x32>;
1959-			};
1960-		};
1961-
1962-		usb2phy@e460 {
1963-			compatible = "rockchip,rk3399-usb2phy";
1964-			reg = <0xe460 0x10>;
1965-			clocks = <0x08 0x7c>;
1966-			clock-names = "phyclk";
1967-			#clock-cells = <0x00>;
1968-			clock-output-names = "clk_usbphy1_480m";
1969-			status = "okay";
1970-			phandle = <0x30>;
1971-
1972-			host-port {
1973-				phy-supply = <0xc4>;
1974-				vbus-supply = <0xc4>;
1975-				#phy-cells = <0x00>;
1976-				interrupts = <0x00 0x1f 0x04 0x00>;
1977-				interrupt-names = "linestate";
1978-				status = "okay";
1979-				phandle = <0x31>;
1980-			};
1981-
1982:			otg-port {
1983-				#phy-cells = <0x00>;
1984-				interrupts = <0x00 0x6c 0x04 0x00 0x00 0x6d 0x04 0x00 0x00 0x6f 0x04 0x00>;
1985:				interrupt-names = "otg-bvalid\0otg-id\0linestate";
1986-				status = "okay";
1987-				phandle = <0x34>;
1988-			};
1989-		};
1990-
1991-		phy@f780 {
1992-			compatible = "rockchip,rk3399-emmc-phy";
1993-			reg = <0xf780 0x24>;
1994-			clocks = <0x92>;
1995-			clock-names = "emmcclk";
1996-			drive-impedance-ohm = <0x32>;
1997-			#phy-cells = <0x00>;
1998-			status = "okay";
1999-			phandle = <0x2d>;
2000-		};
2001-
2002-		pcie-phy {
2003-			compatible = "rockchip,rk3399-pcie-phy";
2004-			clocks = <0x08 0x8a>;
2005-			clock-names = "refclk";
2006-			#phy-cells = <0x01>;
2007-			resets = <0x08 0x87>;
2008-			reset-names = "phy";
2009-			status = "okay";
2010-			phandle = <0x18>;
2011-		};
2012-	};
2013-
2014-	phy@ff7c0000 {
2015-		compatible = "rockchip,rk3399-typec-phy";
--
2022-		resets = <0x08 0x95 0x08 0x94 0x08 0x14c>;
2023-		reset-names = "uphy\0uphy-pipe\0uphy-tcphy";
2024-		rockchip,grf = <0x1f>;
2025-		status = "okay";
2026-
2027-		dp-port {
2028-			#phy-cells = <0x00>;
2029-			phandle = <0x36>;
2030-		};
2031-
2032:		usb3-port {
2033-			#phy-cells = <0x00>;
2034-			phandle = <0x33>;
2035-		};
2036-	};
2037-
2038-	phy@ff800000 {
2039-		compatible = "rockchip,rk3399-typec-phy";
2040-		reg = <0x00 0xff800000 0x00 0x40000>;
2041-		clocks = <0x08 0x80 0x08 0x7f>;
2042-		clock-names = "tcpdcore\0tcpdphy-ref";
2043-		assigned-clocks = <0x08 0x80>;
2044-		assigned-clock-rates = <0x2faf080>;
2045-		power-domains = <0x1e 0x09>;
2046-		resets = <0x08 0x9d 0x08 0x9c 0x08 0x14d>;
2047-		reset-names = "uphy\0uphy-pipe\0uphy-tcphy";
2048-		rockchip,grf = <0x1f>;
2049-		status = "okay";
2050-
2051-		dp-port {
2052-			#phy-cells = <0x00>;
2053-			phandle = <0x37>;
2054-		};
2055-
2056:		usb3-port {
2057-			#phy-cells = <0x00>;
2058-			phandle = <0x35>;
2059-		};
2060-	};
2061-
2062-	watchdog@ff848000 {
2063-		status = "disabled";
2064-		compatible = "rockchip,rk3399-wdt\0snps,dw-wdt";
2065-		reg = <0x00 0xff848000 0x00 0x100>;
2066-		clocks = <0x08 0x17c>;
2067-		interrupts = <0x00 0x78 0x04 0x00>;
2068-	};
2069-
2070-	rktimer@ff850000 {
2071-		compatible = "rockchip,rk3399-timer";
2072-		reg = <0x00 0xff850000 0x00 0x1000>;
2073-		interrupts = <0x00 0x51 0x04 0x00>;
2074-		clocks = <0x08 0x168 0x08 0x5a>;
2075-		clock-names = "pclk\0timer";
2076-	};
2077-
2078-	spdif@ff870000 {
2079-		compatible = "rockchip,rk3399-spdif";
2080-		reg = <0x00 0xff870000 0x00 0x1000>;
2081-		interrupts = <0x00 0x42 0x04 0x00>;
2082-		dmas = <0x58 0x07>;
2083-		dma-names = "tx";
2084-		clock-names = "mclk\0hclk";
2085-		clocks = <0x08 0x55 0x08 0x1d7>;
2086-		pinctrl-names = "default";
--
3353-		};
3354-
3355-		host_vbus_drv {
3356-
3357-			host-vbus-drv {
3358-				rockchip,pins = <0x01 0x0d 0x00 0xb5>;
3359-				phandle = <0xd2>;
3360-			};
3361-		};
3362-
3363:		otg_vbus_drv {
3364-
3365:			otg-vbus-drv {
3366-				rockchip,pins = <0x04 0x15 0x00 0xb5>;
3367-				phandle = <0xd3>;
3368-			};
3369-		};
3370-	};
3371-
3372-	opp-table-0 {
3373-		compatible = "operating-points-v2";
3374-		opp-shared;
3375-		phandle = <0x0c>;
3376-
3377-		opp00 {
3378-			opp-hz = <0x00 0x18519600>;
3379-			opp-microvolt = <0xc96a8 0xc96a8 0x1312d0>;
3380-			clock-latency-ns = <0x9c40>;
3381-		};
3382-
3383-		opp01 {
3384-			opp-hz = <0x00 0x23c34600>;
3385-			opp-microvolt = <0xc96a8 0xc96a8 0x1312d0>;
3386-		};
3387-
3388-		opp02 {
3389-			opp-hz = <0x00 0x30a32c00>;
3390-			opp-microvolt = <0xcf850 0xcf850 0x1312d0>;
3391-		};
3392-
3393-		opp03 {
3394-			opp-hz = <0x00 0x3c14dc00>;
3395-			opp-microvolt = <0xe1d48 0xe1d48 0x1312d0>;
--
3556-		gpio = <0x81 0x0d 0x00>;
3557-		pinctrl-names = "default";
3558-		pinctrl-0 = <0xd2>;
3559-		regulator-name = "vcc5v0_host";
3560-		regulator-always-on;
3561-		regulator-boot-on;
3562-		vin-supply = <0x83>;
3563-		phandle = <0xd0>;
3564-	};
3565-
3566:	regulator-vbus-otg {
3567-		compatible = "regulator-fixed";
3568-		enable-active-high;
3569-		gpio = <0x3d 0x15 0x00>;
3570-		pinctrl-names = "default";
3571-		pinctrl-0 = <0xd3>;
3572:		regulator-name = "vcc_otg_vbus";
3573-		regulator-always-on;
3574-		regulator-boot-on;
3575-		vin-supply = <0x83>;
3576-		phandle = <0xd1>;
3577-	};
3578-
3579-	regulator-vcc-pcie {
3580-		compatible = "regulator-fixed";
3581-		enable-active-high;
3582-		gpio = <0x3d 0x1c 0x00>;
3583-		pinctrl-names = "default";
3584-		pinctrl-0 = <0xc0>;
3585-		regulator-name = "vcc3v3_pcie";
3586-		regulator-always-on;
3587-		regulator-boot-on;
3588-		vin-supply = <0x83>;
3589-		phandle = <0x1d>;
3590-	};
3591-
3592-	n4-pwren {
3593-		compatible = "regulator-fixed";
3594-		enable-active-high;
3595-		regulator-always-on;
3596-		regulator-boot-on;
3597-		gpio = <0x19 0x09 0x00>;
3598-		pinctrl-names = "default";
3599-		pinctrl-0 = <0xf2 0xf4>;
3600-		regulator-name = "n4_pwren";
3601-		phandle = <0x1a1>;
3602-	};
\n---- baseline_dtb.dts: NPU/PCIe/USB/clock/reset excerpts ----
304:		clock-output-names = "xin24m";
309:	pcie@f8000000 {
310:		compatible = "rockchip,rk3399-pcie";
311:		reg = <0x00 0xf8000000 0x00 0x2000000 0x00 0xfd000000 0x00 0x1000000>;
327:		phys = <0x18 0x00 0x18 0x01 0x18 0x02 0x18 0x03>;
328:		phy-names = "pcie-phy-0\0pcie-phy-1\0pcie-phy-2\0pcie-phy-3";
333:		ep-gpios = <0x19 0x0c 0x00>;
334:		num-lanes = <0x04>;
337:		vpcie0v9-supply = <0x1b>;
338:		vpcie1v8-supply = <0x1c>;
339:		vpcie3v3-supply = <0x1d>;
349:	pcie-ep@f8000000 {
350:		compatible = "rockchip,rk3399-pcie-ep";
356:		num-lanes = <0x04>;
359:		phys = <0x18 0x00 0x18 0x01 0x18 0x02 0x18 0x03>;
360:		phy-names = "pcie-phy-0\0pcie-phy-1\0pcie-phy-2\0pcie-phy-3";
380:		assigned-clock-parents = <0x20>;
381:		clock_in_out = "input";
389:		assigned-clocks = <0x08 0xa6>;
422:		assigned-clocks = <0x08 0x1cd>;
423:		assigned-clock-rates = <0xbebc200>;
446:		assigned-clocks = <0x08 0x4e>;
447:		assigned-clock-rates = <0xbebc200>;
450:		clock-output-names = "emmc_cardclock";
452:		phys = <0x2d>;
453:		phy-names = "phy_arasan";
469:		phys = <0x2f>;
470:		phy-names = "usb";
479:		phys = <0x2f>;
480:		phy-names = "usb";
489:		phys = <0x31>;
490:		phy-names = "usb";
499:		phys = <0x31>;
500:		phy-names = "usb";
553:		compatible = "rockchip,rk3399-dwc3";
560:		reset-names = "usb3-otg";
564:			compatible = "snps,dwc3";
569:			dr_mode = "otg";
570:			phys = <0x32 0x33>;
571:			phy-names = "usb2-phy\0usb3-phy";
584:		compatible = "rockchip,rk3399-dwc3";
591:		reset-names = "usb3-otg";
595:			compatible = "snps,dwc3";
600:			dr_mode = "otg";
601:			phys = <0x34 0x35>;
602:			phy-names = "usb2-phy\0usb3-phy";
618:		assigned-clocks = <0x08 0x72 0x08 0xa1>;
619:		assigned-clock-rates = <0x5f5e100 0xbebc200>;
622:		phys = <0x36 0x37>;
719:		assigned-clocks = <0x08 0x41>;
720:		assigned-clock-rates = <0xbebc200>;
736:		assigned-clocks = <0x08 0x42>;
737:		assigned-clock-rates = <0xbebc200>;
752:			clock-output-names = "hym8563";
764:		assigned-clocks = <0x08 0x43>;
765:		assigned-clock-rates = <0xbebc200>;
782:		assigned-clocks = <0x08 0x44>;
783:		assigned-clock-rates = <0xbebc200>;
797:		assigned-clocks = <0x08 0x45>;
798:		assigned-clock-rates = <0xbebc200>;
812:		assigned-clocks = <0x08 0x46>;
813:		assigned-clock-rates = <0xbebc200>;
1031:		assigned-clocks = <0x08 0x4f>;
1032:		assigned-clock-rates = <0xb71b0>;
1387:		assigned-clocks = <0x7a 0x09>;
1388:		assigned-clock-rates = <0xbebc200>;
1407:			clock-output-names = "rk808-clkout1\0rk808-clkout2";
1640:		assigned-clocks = <0x7a 0x0a>;
1641:		assigned-clock-rates = <0xbebc200>;
1655:		assigned-clocks = <0x7a 0x0b>;
1656:		assigned-clock-rates = <0xbebc200>;
1848:		assigned-clocks = <0x7a 0x01>;
1849:		assigned-clock-rates = <0x284af100>;
1861:		assigned-clocks = <0x08 0x05 0x08 0x04 0x08 0x06 0x08 0xc0 0x08 0x1c0 0x08 0x140 0x08 0xc2 0x08 0x1c1 0x08 0x142 0x08 0xc9 0x08 0x1c2 0x08 0x143 0x08 0xe3 0x08 0xde 0x08 0x106 0x08 0x178 0x08 0xed>;
1862:		assigned-clock-rates = <0x2367b880 0x2faf0800 0x3b9aca00 0x8f0d180 0x47868c0 0x23c3460 0x5f5e100 0x5f5e100 0x2faf080 0x23c34600 0x5f5e100 0x2faf080 0x17d78400 0x17d78400 0xbebc200 0xbebc200 0x17d78400>;
1897:			clock-output-names = "clk_usbphy0_480m";
1901:			host-port {
1910:			otg-port {
1913:				interrupt-names = "otg-bvalid\0otg-id\0linestate";
1926:			clock-output-names = "clk_usbphy1_480m";
1930:			host-port {
1939:			otg-port {
1942:				interrupt-names = "otg-bvalid\0otg-id\0linestate";
1959:		pcie-phy {
1960:			compatible = "rockchip,rk3399-pcie-phy";
1976:		assigned-clocks = <0x08 0x7e>;
1977:		assigned-clock-rates = <0x2faf080>;
2000:		assigned-clocks = <0x08 0x80>;
2001:		assigned-clock-rates = <0x2faf080>;
2100:		assigned-clocks = <0x08 0xdb 0x08 0x1db>;
2101:		assigned-clock-rates = <0x17d78400 0x5f5e100>;
2163:		assigned-clocks = <0x08 0xd9 0x08 0x1d9>;
2164:		assigned-clock-rates = <0x17d78400 0x5f5e100>;
2229:		phys = <0xa4>;
2230:		phy-names = "dphy";
2265:		phys = <0xa6>;
2266:		phy-names = "dphy";
2650:		pcfg-input-enable {
2651:			input-enable;
2654:		pcfg-input-pull-up {
2655:			input-enable;
2659:		pcfg-input-pull-down {
2660:			input-enable;
3222:		pcie {
3233:			pcie-pwr {
3263:		vbus_host {
3402:		clock-output-names = "clkin_gmac";
3413:		reset-gpios = <0xbc 0x1b 0x01>;
3438:	regulator-vbus-host {
3442:		regulator-name = "vbus_host";
3462:	regulator-vcc-pcie {
3468:		regulator-name = "vcc3v3_pcie";
\n---- baseline_dtb.dts: pcie node contexts ----
297-		interrupts = <0x01 0x0d 0x08 0x00 0x01 0x0e 0x08 0x00 0x01 0x0b 0x08 0x00 0x01 0x0a 0x08 0x00>;
298-		arm,no-tick-in-suspend;
299-	};
300-
301-	xin24m {
302-		compatible = "fixed-clock";
303-		clock-frequency = <0x16e3600>;
304-		clock-output-names = "xin24m";
305-		#clock-cells = <0x00>;
306-		phandle = <0x8e>;
307-	};
308-
309:	pcie@f8000000 {
310:		compatible = "rockchip,rk3399-pcie";
311:		reg = <0x00 0xf8000000 0x00 0x2000000 0x00 0xfd000000 0x00 0x1000000>;
312-		reg-names = "axi-base\0apb-base";
313-		device_type = "pci";
314-		#address-cells = <0x03>;
315-		#size-cells = <0x02>;
316-		#interrupt-cells = <0x01>;
317-		aspm-no-l0s;
318-		bus-range = <0x00 0x1f>;
319-		clocks = <0x08 0xc5 0x08 0xc4 0x08 0x147 0x08 0xa0>;
320-		clock-names = "aclk\0aclk-perf\0hclk\0pm";
321-		interrupts = <0x00 0x31 0x04 0x00 0x00 0x32 0x04 0x00 0x00 0x33 0x04 0x00>;
322-		interrupt-names = "sys\0legacy\0client";
323-		interrupt-map-mask = <0x00 0x00 0x00 0x07>;
324-		interrupt-map = <0x00 0x00 0x00 0x01 0x16 0x00 0x00 0x00 0x00 0x02 0x16 0x01 0x00 0x00 0x00 0x03 0x16 0x02 0x00 0x00 0x00 0x04 0x16 0x03>;
325-		max-link-speed = <0x01>;
326-		msi-map = <0x00 0x17 0x00 0x1000>;
327-		phys = <0x18 0x00 0x18 0x01 0x18 0x02 0x18 0x03>;
328:		phy-names = "pcie-phy-0\0pcie-phy-1\0pcie-phy-2\0pcie-phy-3";
329-		ranges = <0x82000000 0x00 0xfa000000 0x00 0xfa000000 0x00 0x1e00000 0x81000000 0x00 0xfbe00000 0x00 0xfbe00000 0x00 0x100000>;
330-		resets = <0x08 0x82 0x08 0x83 0x08 0x84 0x08 0x85 0x08 0x86 0x08 0x81 0x08 0x80>;
331-		reset-names = "core\0mgmt\0mgmt-sticky\0pipe\0pm\0pclk\0aclk";
332-		status = "okay";
333-		ep-gpios = <0x19 0x0c 0x00>;
334-		num-lanes = <0x04>;
335-		pinctrl-0 = <0x1a>;
336-		pinctrl-names = "default";
337:		vpcie0v9-supply = <0x1b>;
338:		vpcie1v8-supply = <0x1c>;
339:		vpcie3v3-supply = <0x1d>;
340-
341-		interrupt-controller {
342-			interrupt-controller;
343-			#address-cells = <0x00>;
344-			#interrupt-cells = <0x01>;
345-			phandle = <0x16>;
346-		};
347-	};
348-
349:	pcie-ep@f8000000 {
350:		compatible = "rockchip,rk3399-pcie-ep";
351-		reg = <0x00 0xfd000000 0x00 0x1000000 0x00 0xfa000000 0x00 0x2000000>;
352-		reg-names = "apb-base\0mem-base";
353-		clocks = <0x08 0xc5 0x08 0xc4 0x08 0x147 0x08 0xa0>;
354-		clock-names = "aclk\0aclk-perf\0hclk\0pm";
355-		max-functions = [08];
356-		num-lanes = <0x04>;
357-		resets = <0x08 0x82 0x08 0x83 0x08 0x84 0x08 0x85 0x08 0x86 0x08 0x81 0x08 0x80>;
358-		reset-names = "core\0mgmt\0mgmt-sticky\0pipe\0pm\0pclk\0aclk";
359-		phys = <0x18 0x00 0x18 0x01 0x18 0x02 0x18 0x03>;
360:		phy-names = "pcie-phy-0\0pcie-phy-1\0pcie-phy-2\0pcie-phy-3";
361-		rockchip,max-outbound-regions = <0x20>;
362-		pinctrl-names = "default";
363-		pinctrl-0 = <0x1a>;
364-		status = "disabled";
365-	};
366-
367-	ethernet@fe300000 {
368-		compatible = "rockchip,rk3399-gmac";
369-		reg = <0x00 0xfe300000 0x00 0x10000>;
370-		interrupts = <0x00 0x0c 0x04 0x00>;
371-		interrupt-names = "macirq";
372-		clocks = <0x08 0x69 0x08 0x67 0x08 0x68 0x08 0x66 0x08 0x6a 0x08 0xd5 0x08 0x166>;
373-		clock-names = "stmmaceth\0mac_clk_rx\0mac_clk_tx\0clk_mac_ref\0clk_mac_refout\0aclk_mac\0pclk_mac";
374-		power-domains = <0x1e 0x16>;
375-		resets = <0x08 0x89>;
376-		reset-names = "stmmaceth";
377-		rockchip,grf = <0x1f>;
378-		snps,txpbl = <0x04>;
379-		status = "disabled";
380-		assigned-clock-parents = <0x20>;
381-		clock_in_out = "input";
382-		phy-mode = "rgmii";
383-		pinctrl-names = "default";
384-		pinctrl-0 = <0x21>;
385-		snps,reset-active-low;
386-		snps,reset-delays-us = <0x00 0x2710 0xc350>;
387-		tx_delay = <0x28>;
388-		rx_delay = <0x11>;
389-		assigned-clocks = <0x08 0xa6>;
390-		phy-supply = <0x22>;
391-		snps,reset-gpio = <0x23 0x0f 0x01>;
392-	};
393-
394-	mmc@fe310000 {
395-		compatible = "rockchip,rk3399-dw-mshc\0rockchip,rk3288-dw-mshc";
--
1947-
1948-		phy@f780 {
1949-			compatible = "rockchip,rk3399-emmc-phy";
1950-			reg = <0xf780 0x24>;
1951-			clocks = <0x92>;
1952-			clock-names = "emmcclk";
1953-			drive-impedance-ohm = <0x32>;
1954-			#phy-cells = <0x00>;
1955-			status = "okay";
1956-			phandle = <0x2d>;
1957-		};
1958-
1959:		pcie-phy {
1960:			compatible = "rockchip,rk3399-pcie-phy";
1961-			clocks = <0x08 0x8a>;
1962-			clock-names = "refclk";
1963-			#phy-cells = <0x01>;
1964-			resets = <0x08 0x87>;
1965-			reset-names = "phy";
1966-			status = "okay";
1967-			phandle = <0x18>;
1968-		};
1969-	};
1970-
1971-	phy@ff7c0000 {
1972-		compatible = "rockchip,rk3399-typec-phy";
1973-		reg = <0x00 0xff7c0000 0x00 0x40000>;
1974-		clocks = <0x08 0x7e 0x08 0x7d>;
1975-		clock-names = "tcpdcore\0tcpdphy-ref";
1976-		assigned-clocks = <0x08 0x7e>;
1977-		assigned-clock-rates = <0x2faf080>;
1978-		power-domains = <0x1e 0x08>;
1979-		resets = <0x08 0x95 0x08 0x94 0x08 0x14c>;
1980-		reset-names = "uphy\0uphy-pipe\0uphy-tcphy";
1981-		rockchip,grf = <0x1f>;
1982-		status = "okay";
1983-
1984-		dp-port {
1985-			#phy-cells = <0x00>;
1986-			phandle = <0x36>;
1987-		};
1988-
1989-		usb3-port {
1990-			#phy-cells = <0x00>;
1991-			phandle = <0x33>;
1992-		};
1993-	};
1994-
1995-	phy@ff800000 {
--
3210-		hdmi {
3211-
3212-			hdmi-i2c-xfer {
3213-				rockchip,pins = <0x04 0x11 0x03 0xb5 0x04 0x10 0x03 0xb5>;
3214-			};
3215-
3216-			hdmi-cec {
3217-				rockchip,pins = <0x04 0x17 0x01 0xb5>;
3218-				phandle = <0xaa>;
3219-			};
3220-		};
3221-
3222:		pcie {
3223-
3224-			pci-clkreqn-cpm {
3225-				rockchip,pins = <0x02 0x1a 0x00 0xb5>;
3226-			};
3227-
3228-			pci-clkreqnb-cpm {
3229-				rockchip,pins = <0x04 0x18 0x00 0xb5>;
3230-				phandle = <0x1a>;
3231-			};
3232-
3233:			pcie-pwr {
3234-				rockchip,pins = <0x04 0x1c 0x00 0xb8>;
3235-				phandle = <0xc0>;
3236-			};
3237-		};
3238-
3239-		hym8563 {
3240-
3241-			hym8563-int {
3242-				rockchip,pins = <0x04 0x1e 0x00 0xb8>;
3243-				phandle = <0x3c>;
3244-			};
3245-		};
3246-
3247-		pmic {
3248-
3249-			pmic-int-l {
3250-				rockchip,pins = <0x01 0x12 0x00 0xb8>;
3251-				phandle = <0x82>;
3252-			};
3253-		};
3254-
3255-		sdio-pwrseq {
3256-
3257-			wifi-enable-h {
3258-				rockchip,pins = <0x02 0x1b 0x00 0xb5>;
3259-				phandle = <0xbb>;
3260-			};
3261-		};
3262-
3263-		vbus_host {
3264-
3265-			usb1-en-oc {
3266-				rockchip,pins = <0x04 0x19 0x00 0xb8>;
3267-				phandle = <0xbe>;
3268-			};
--
3450-	regulator-vbus-typec {
3451-		compatible = "regulator-fixed";
3452-		pinctrl-names = "default";
3453-		pinctrl-0 = <0xbf>;
3454-		regulator-name = "vbus_typec";
3455-		regulator-always-on;
3456-		vin-supply = <0x83>;
3457-		enable-active-high;
3458-		gpio = <0x3d 0x1a 0x00>;
3459-		phandle = <0x91>;
3460-	};
3461-
3462:	regulator-vcc-pcie {
3463-		compatible = "regulator-fixed";
3464-		enable-active-high;
3465-		gpio = <0x3d 0x1c 0x00>;
3466-		pinctrl-names = "default";
3467-		pinctrl-0 = <0xc0>;
3468:		regulator-name = "vcc3v3_pcie";
3469-		regulator-always-on;
3470-		regulator-boot-on;
3471-		vin-supply = <0x83>;
3472-		phandle = <0x1d>;
3473-	};
3474-
3475-	chosen {
3476-		stdout-path = "serial2:1500000n8";
3477-	};
3478-};
\n---- baseline_dtb.dts: usb3/dwc3 node contexts ----
454-		power-domains = <0x1e 0x17>;
455-		disable-cqe-dcmd;
456-		status = "okay";
457-		bus-width = <0x08>;
458-		mmc-hs400-1_8v;
459-		mmc-hs400-enhanced-strobe;
460-		non-removable;
461-		phandle = <0x92>;
462-	};
463-
464:	usb@fe380000 {
465-		compatible = "generic-ehci";
466-		reg = <0x00 0xfe380000 0x00 0x20000>;
467-		interrupts = <0x00 0x1a 0x04 0x00>;
468-		clocks = <0x08 0x1c8 0x08 0x1c9 0x2e>;
469-		phys = <0x2f>;
470-		phy-names = "usb";
471-		status = "okay";
472-	};
473-
474:	usb@fe3a0000 {
475-		compatible = "generic-ohci";
476-		reg = <0x00 0xfe3a0000 0x00 0x20000>;
477-		interrupts = <0x00 0x1c 0x04 0x00>;
478-		clocks = <0x08 0x1c8 0x08 0x1c9 0x2e>;
479-		phys = <0x2f>;
480-		phy-names = "usb";
481-		status = "okay";
482-	};
483-
484:	usb@fe3c0000 {
485-		compatible = "generic-ehci";
486-		reg = <0x00 0xfe3c0000 0x00 0x20000>;
487-		interrupts = <0x00 0x1e 0x04 0x00>;
488-		clocks = <0x08 0x1ca 0x08 0x1cb 0x30>;
489-		phys = <0x31>;
490-		phy-names = "usb";
491-		status = "okay";
492-	};
493-
494:	usb@fe3e0000 {
495-		compatible = "generic-ohci";
496-		reg = <0x00 0xfe3e0000 0x00 0x20000>;
497-		interrupts = <0x00 0x20 0x04 0x00>;
498-		clocks = <0x08 0x1ca 0x08 0x1cb 0x30>;
499-		phys = <0x31>;
500-		phy-names = "usb";
501-		status = "okay";
502-	};
503-
504-	debug@fe430000 {
505-		compatible = "arm,coresight-cpu-debug\0arm,primecell";
506-		reg = <0x00 0xfe430000 0x00 0x1000>;
507-		clocks = <0x08 0x14d>;
508-		clock-names = "apb_pclk";
509-		cpu = <0x02>;
510-	};
511-
512-	debug@fe432000 {
513-		compatible = "arm,coresight-cpu-debug\0arm,primecell";
514-		reg = <0x00 0xfe432000 0x00 0x1000>;
515-		clocks = <0x08 0x14d>;
516-		clock-names = "apb_pclk";
517-		cpu = <0x03>;
518-	};
519-
520-	debug@fe434000 {
521-		compatible = "arm,coresight-cpu-debug\0arm,primecell";
522-		reg = <0x00 0xfe434000 0x00 0x1000>;
523-		clocks = <0x08 0x14d>;
524-		clock-names = "apb_pclk";
--
542-	};
543-
544-	debug@fe710000 {
545-		compatible = "arm,coresight-cpu-debug\0arm,primecell";
546-		reg = <0x00 0xfe710000 0x00 0x1000>;
547-		clocks = <0x08 0x14c>;
548-		clock-names = "apb_pclk";
549-		cpu = <0x07>;
550-	};
551-
552:	usb@fe800000 {
553:		compatible = "rockchip,rk3399-dwc3";
554-		#address-cells = <0x02>;
555-		#size-cells = <0x02>;
556-		ranges;
557-		clocks = <0x08 0x81 0x08 0x83 0x08 0xf6 0x08 0xf8 0x08 0xf4 0x08 0xf9>;
558:		clock-names = "ref_clk\0suspend_clk\0bus_clk\0aclk_usb3_rksoc_axi_perf\0aclk_usb3\0grf_clk";
559-		resets = <0x08 0x125>;
560:		reset-names = "usb3-otg";
561-		status = "okay";
562-
563:		usb@fe800000 {
564:			compatible = "snps,dwc3";
565-			reg = <0x00 0xfe800000 0x00 0x100000>;
566-			interrupts = <0x00 0x69 0x04 0x00>;
567-			clocks = <0x08 0x81 0x08 0xf6 0x08 0x83>;
568-			clock-names = "ref\0bus_early\0suspend";
569:			dr_mode = "otg";
570-			phys = <0x32 0x33>;
571:			phy-names = "usb2-phy\0usb3-phy";
572-			phy_type = "utmi_wide";
573-			snps,dis_enblslpm_quirk;
574-			snps,dis-u2-freeclk-exists-quirk;
575-			snps,dis_u2_susphy_quirk;
576-			snps,dis-del-phy-power-chg-quirk;
577-			snps,dis-tx-ipgap-linecheck-quirk;
578-			power-domains = <0x1e 0x18>;
579-			status = "okay";
580-		};
581-	};
582-
583:	usb@fe900000 {
584:		compatible = "rockchip,rk3399-dwc3";
585-		#address-cells = <0x02>;
586-		#size-cells = <0x02>;
587-		ranges;
588-		clocks = <0x08 0x82 0x08 0x84 0x08 0xf7 0x08 0xf8 0x08 0xf4 0x08 0xf9>;
589:		clock-names = "ref_clk\0suspend_clk\0bus_clk\0aclk_usb3_rksoc_axi_perf\0aclk_usb3\0grf_clk";
590-		resets = <0x08 0x126>;
591:		reset-names = "usb3-otg";
592-		status = "disabled";
593-
594:		usb@fe900000 {
595:			compatible = "snps,dwc3";
596-			reg = <0x00 0xfe900000 0x00 0x100000>;
597-			interrupts = <0x00 0x6e 0x04 0x00>;
598-			clocks = <0x08 0x82 0x08 0xf7 0x08 0x84>;
599-			clock-names = "ref\0bus_early\0suspend";
600:			dr_mode = "otg";
601-			phys = <0x34 0x35>;
602:			phy-names = "usb2-phy\0usb3-phy";
603-			phy_type = "utmi_wide";
604-			snps,dis_enblslpm_quirk;
605-			snps,dis-u2-freeclk-exists-quirk;
606-			snps,dis_u2_susphy_quirk;
607-			snps,dis-del-phy-power-chg-quirk;
608-			snps,dis-tx-ipgap-linecheck-quirk;
609-			power-domains = <0x1e 0x18>;
610-			status = "disabled";
611-		};
612-	};
613-
614-	dp@fec00000 {
615-		compatible = "rockchip,rk3399-cdn-dp";
616-		reg = <0x00 0xfec00000 0x00 0x100000>;
617-		interrupts = <0x00 0x09 0x04 0x00>;
618-		assigned-clocks = <0x08 0x72 0x08 0xa1>;
619-		assigned-clock-rates = <0x5f5e100 0xbebc200>;
620-		clocks = <0x08 0x72 0x08 0x175 0x08 0xa1 0x08 0x16f>;
621-		clock-names = "core-clk\0pclk\0spdif\0grf";
622-		phys = <0x36 0x37>;
623-		power-domains = <0x1e 0x15>;
624-		resets = <0x08 0x103 0x08 0x148 0x08 0x14a 0x08 0xfd>;
625-		reset-names = "spdif\0dptx\0apb\0core";
626-		rockchip,grf = <0x1f>;
627-		#sound-dai-cells = <0x01>;
628-		status = "disabled";
629-
630-		ports {
631-
632-			port {
--
1900-
1901-			host-port {
1902-				#phy-cells = <0x00>;
1903-				interrupts = <0x00 0x1b 0x04 0x00>;
1904-				interrupt-names = "linestate";
1905-				status = "okay";
1906-				phy-supply = <0x90>;
1907-				phandle = <0x2f>;
1908-			};
1909-
1910:			otg-port {
1911-				#phy-cells = <0x00>;
1912-				interrupts = <0x00 0x67 0x04 0x00 0x00 0x68 0x04 0x00 0x00 0x6a 0x04 0x00>;
1913:				interrupt-names = "otg-bvalid\0otg-id\0linestate";
1914-				status = "okay";
1915-				phy-supply = <0x91>;
1916-				phandle = <0x32>;
1917-			};
1918-		};
1919-
1920-		usb2phy@e460 {
1921-			compatible = "rockchip,rk3399-usb2phy";
1922-			reg = <0xe460 0x10>;
1923-			clocks = <0x08 0x7c>;
1924-			clock-names = "phyclk";
1925-			#clock-cells = <0x00>;
1926-			clock-output-names = "clk_usbphy1_480m";
1927-			status = "okay";
1928-			phandle = <0x30>;
1929-
1930-			host-port {
1931-				#phy-cells = <0x00>;
1932-				interrupts = <0x00 0x1f 0x04 0x00>;
1933-				interrupt-names = "linestate";
1934-				status = "okay";
1935-				phy-supply = <0x90>;
1936-				phandle = <0x31>;
1937-			};
1938-
1939:			otg-port {
1940-				#phy-cells = <0x00>;
1941-				interrupts = <0x00 0x6c 0x04 0x00 0x00 0x6d 0x04 0x00 0x00 0x6f 0x04 0x00>;
1942:				interrupt-names = "otg-bvalid\0otg-id\0linestate";
1943-				status = "disabled";
1944-				phandle = <0x34>;
1945-			};
1946-		};
1947-
1948-		phy@f780 {
1949-			compatible = "rockchip,rk3399-emmc-phy";
1950-			reg = <0xf780 0x24>;
1951-			clocks = <0x92>;
1952-			clock-names = "emmcclk";
1953-			drive-impedance-ohm = <0x32>;
1954-			#phy-cells = <0x00>;
1955-			status = "okay";
1956-			phandle = <0x2d>;
1957-		};
1958-
1959-		pcie-phy {
1960-			compatible = "rockchip,rk3399-pcie-phy";
1961-			clocks = <0x08 0x8a>;
1962-			clock-names = "refclk";
1963-			#phy-cells = <0x01>;
1964-			resets = <0x08 0x87>;
1965-			reset-names = "phy";
1966-			status = "okay";
1967-			phandle = <0x18>;
1968-		};
1969-	};
1970-
1971-	phy@ff7c0000 {
1972-		compatible = "rockchip,rk3399-typec-phy";
--
1979-		resets = <0x08 0x95 0x08 0x94 0x08 0x14c>;
1980-		reset-names = "uphy\0uphy-pipe\0uphy-tcphy";
1981-		rockchip,grf = <0x1f>;
1982-		status = "okay";
1983-
1984-		dp-port {
1985-			#phy-cells = <0x00>;
1986-			phandle = <0x36>;
1987-		};
1988-
1989:		usb3-port {
1990-			#phy-cells = <0x00>;
1991-			phandle = <0x33>;
1992-		};
1993-	};
1994-
1995-	phy@ff800000 {
1996-		compatible = "rockchip,rk3399-typec-phy";
1997-		reg = <0x00 0xff800000 0x00 0x40000>;
1998-		clocks = <0x08 0x80 0x08 0x7f>;
1999-		clock-names = "tcpdcore\0tcpdphy-ref";
2000-		assigned-clocks = <0x08 0x80>;
2001-		assigned-clock-rates = <0x2faf080>;
2002-		power-domains = <0x1e 0x09>;
2003-		resets = <0x08 0x9d 0x08 0x9c 0x08 0x14d>;
2004-		reset-names = "uphy\0uphy-pipe\0uphy-tcphy";
2005-		rockchip,grf = <0x1f>;
2006-		status = "disabled";
2007-
2008-		dp-port {
2009-			#phy-cells = <0x00>;
2010-			phandle = <0x37>;
2011-		};
2012-
2013:		usb3-port {
2014-			#phy-cells = <0x00>;
2015-			phandle = <0x35>;
2016-		};
2017-	};
2018-
2019-	watchdog@ff848000 {
2020-		status = "disabled";
2021-		compatible = "rockchip,rk3399-wdt\0snps,dw-wdt";
2022-		reg = <0x00 0xff848000 0x00 0x100>;
2023-		clocks = <0x08 0x17c>;
2024-		interrupts = <0x00 0x78 0x04 0x00>;
2025-	};
2026-
2027-	rktimer@ff850000 {
2028-		compatible = "rockchip,rk3399-timer";
2029-		reg = <0x00 0xff850000 0x00 0x1000>;
2030-		interrupts = <0x00 0x51 0x04 0x00>;
2031-		clocks = <0x08 0x168 0x08 0x5a>;
2032-		clock-names = "pclk\0timer";
2033-	};
2034-
2035-	spdif@ff870000 {
2036-		compatible = "rockchip,rk3399-spdif";
2037-		reg = <0x00 0xff870000 0x00 0x1000>;
2038-		interrupts = <0x00 0x42 0x04 0x00>;
2039-		dmas = <0x58 0x07>;
2040-		dma-names = "tx";
2041-		clock-names = "mclk\0hclk";
2042-		clocks = <0x08 0x55 0x08 0x1d7>;
2043-		pinctrl-names = "default";
\n================ REMOTE COMPARISON: 4.4 working vs 6.18.33 mainline ================
\n################################################################
## HOST 192.168.50.129
################################################################
== uname/os ==
Linux LPA3399Pro 4.4.194 #1 SMP Thu Jun 12 08:43:20 UTC 2025 aarch64 GNU/Linux
PRETTY_NAME="Debian GNU/Linux 10 (buster)"
NAME="Debian GNU/Linux"
VERSION_ID="10"
VERSION="10 (buster)"
VERSION_CODENAME=buster
ID=debian
HOME_URL="https://www.debian.org/"
SUPPORT_URL="https://www.debian.org/support"
BUG_REPORT_URL="https://bugs.debian.org/"
\n== NPU success indicators ==
Bus 001 Device 009: ID 2207:1005 Fuzhou Rockchip Electronics Company
List of ntb devices attached
0123456789ABCDEF    cfbc0c55    PCIE
root      1281     1  1 Jul01 ?        00:54:52 npu_transfer_proxy
\n== kernel command line / boot dtb clues ==
storagemedia=emmc androidboot.storagemedia=emmc androidboot.mode=normal  androidboot.verifiedbootstate=orange androidboot.slot_suffix= androidboot.serialno=42cc03b9de2b73e6  rw rootwait earlycon=uart8250,mmio32,0xff1a0000 swiotlb=1 console=ttyFIQ0 root=PARTUUID=614e0000-0000 rootfstype=ext4 coherent_pool=1m
-- /sys/firmware/devicetree/base/model --
Rockchip RK3399pro evb v13 linux board with multi camera
-- /sys/firmware/devicetree/base/compatible --
rockchip,rk3399pro-evb-v13-linux
rockchip,rk3399pro
\n== live DT nodes matching npu/pcie/usb/clock/reset ==
/sys/firmware/devicetree/base/__symbols__/cif_clkout
/sys/firmware/devicetree/base/__symbols__/npu_ref_clk
/sys/firmware/devicetree/base/__symbols__/otg_vbus_drv
/sys/firmware/devicetree/base/__symbols__/pcfg_input
/sys/firmware/devicetree/base/__symbols__/pcie0
/sys/firmware/devicetree/base/__symbols__/pcie0_intc
/sys/firmware/devicetree/base/__symbols__/pcie_clkreqn
/sys/firmware/devicetree/base/__symbols__/pcie_clkreqn_cpm
/sys/firmware/devicetree/base/__symbols__/pcie_clkreqnb
/sys/firmware/devicetree/base/__symbols__/pcie_clkreqnb_cpm
/sys/firmware/devicetree/base/__symbols__/pcie_phy
/sys/firmware/devicetree/base/__symbols__/qos_pcie
/sys/firmware/devicetree/base/__symbols__/qos_usb_host0
/sys/firmware/devicetree/base/__symbols__/qos_usb_host1
/sys/firmware/devicetree/base/__symbols__/qos_usb_otg0
/sys/firmware/devicetree/base/__symbols__/qos_usb_otg1
/sys/firmware/devicetree/base/__symbols__/tcphy0_usb3
/sys/firmware/devicetree/base/__symbols__/tcphy1_usb3
/sys/firmware/devicetree/base/__symbols__/u2phy0_otg
/sys/firmware/devicetree/base/__symbols__/u2phy1_otg
/sys/firmware/devicetree/base/__symbols__/usb_host0_ehci
/sys/firmware/devicetree/base/__symbols__/usb_host0_ohci
/sys/firmware/devicetree/base/__symbols__/usb_host1_ehci
/sys/firmware/devicetree/base/__symbols__/usb_host1_ohci
/sys/firmware/devicetree/base/__symbols__/usbacm_video_control
/sys/firmware/devicetree/base/__symbols__/usbacm_video_control_in
/sys/firmware/devicetree/base/__symbols__/usbacm_video_control_out
/sys/firmware/devicetree/base/__symbols__/usbdrd3_0
/sys/firmware/devicetree/base/__symbols__/usbdrd3_1
/sys/firmware/devicetree/base/__symbols__/usbdrd_dwc3_0
/sys/firmware/devicetree/base/__symbols__/usbdrd_dwc3_1
/sys/firmware/devicetree/base/__symbols__/vcc5v0_usb
/sys/firmware/devicetree/base/__symbols__/vcc_otg_vbus
/sys/firmware/devicetree/base/__symbols__/wifi_enable_h
/sys/firmware/devicetree/base/otg-vbus-regulator
/sys/firmware/devicetree/base/pcie-phy
/sys/firmware/devicetree/base/pcie@f8000000
/sys/firmware/devicetree/base/phy@ff7c0000/rockchip,usb3-host-disable
/sys/firmware/devicetree/base/phy@ff7c0000/rockchip,usb3-host-port
/sys/firmware/devicetree/base/phy@ff7c0000/rockchip,usb3tousb2-en
/sys/firmware/devicetree/base/phy@ff7c0000/usb3-port
/sys/firmware/devicetree/base/phy@ff800000/rockchip,usb3-host-disable
/sys/firmware/devicetree/base/phy@ff800000/rockchip,usb3-host-port
/sys/firmware/devicetree/base/phy@ff800000/rockchip,usb3tousb2-en
/sys/firmware/devicetree/base/phy@ff800000/usb3-port
/sys/firmware/devicetree/base/pinctrl/isp/cif-clkout
/sys/firmware/devicetree/base/pinctrl/npu_clk
/sys/firmware/devicetree/base/pinctrl/npu_clk/npu-ref-clk
/sys/firmware/devicetree/base/pinctrl/pcfg-input
/sys/firmware/devicetree/base/pinctrl/pcfg-input/input-enable
/sys/firmware/devicetree/base/pinctrl/pcie
/sys/firmware/devicetree/base/pinctrl/sdio-pwrseq/wifi-enable-h
/sys/firmware/devicetree/base/pinctrl/usb
/sys/firmware/devicetree/base/pinctrl/usb/otg-vbus-drv
/sys/firmware/devicetree/base/power-management@ff310000/power-controller/pd_usb3@24
/sys/firmware/devicetree/base/syscon@ff770000/usb2-phy@e450
/sys/firmware/devicetree/base/syscon@ff770000/usb2-phy@e450/otg-port
/sys/firmware/devicetree/base/syscon@ff770000/usb2-phy@e460
/sys/firmware/devicetree/base/syscon@ff770000/usb2-phy@e460/otg-port
/sys/firmware/devicetree/base/usb0
/sys/firmware/devicetree/base/usb0/dwc3@fe800000
/sys/firmware/devicetree/base/usb0/dwc3@fe800000/snps,usb3-warm-reset-on-resume-quirk
/sys/firmware/devicetree/base/usb1
/sys/firmware/devicetree/base/usb1/dwc3@fe900000
/sys/firmware/devicetree/base/usb1/dwc3@fe900000/snps,usb3-warm-reset-on-resume-quirk
/sys/firmware/devicetree/base/usb@fe340000
/sys/firmware/devicetree/base/usb@fe380000
/sys/firmware/devicetree/base/usb@fe3a0000
/sys/firmware/devicetree/base/usb@fe3c0000
/sys/firmware/devicetree/base/usb@fe3e0000
/sys/firmware/devicetree/base/usbacm-video-control
/sys/firmware/devicetree/base/wireless-wlan/WIFI,host_wake_irq
/sys/firmware/devicetree/base/wireless-wlan/wifi_chip_type
\n== live DT status values for candidate nodes ==
/sys/firmware/devicetree/base/pcie-phy status=okay
/sys/firmware/devicetree/base/pcie@f8000000 status=okay
/sys/firmware/devicetree/base/phy@ff7c0000/usb3-port status=<none>
/sys/firmware/devicetree/base/phy@ff800000/usb3-port status=<none>
/sys/firmware/devicetree/base/pinctrl/npu_clk status=<none>
/sys/firmware/devicetree/base/pinctrl/npu_clk/npu-ref-clk status=<none>
/sys/firmware/devicetree/base/pinctrl/pcfg-input status=<none>
/sys/firmware/devicetree/base/pinctrl/pcie status=<none>
/sys/firmware/devicetree/base/pinctrl/usb status=<none>
/sys/firmware/devicetree/base/power-management@ff310000/power-controller/pd_usb3@24 status=<none>
/sys/firmware/devicetree/base/syscon@ff770000/usb2-phy@e450 status=okay
/sys/firmware/devicetree/base/syscon@ff770000/usb2-phy@e460 status=okay
/sys/firmware/devicetree/base/usb0 status=okay
/sys/firmware/devicetree/base/usb0/dwc3@fe800000 status=okay
/sys/firmware/devicetree/base/usb1 status=okay
/sys/firmware/devicetree/base/usb1/dwc3@fe900000 status=okay
/sys/firmware/devicetree/base/usb@fe340000 status=disabled
/sys/firmware/devicetree/base/usb@fe380000 status=okay
/sys/firmware/devicetree/base/usb@fe3a0000 status=okay
/sys/firmware/devicetree/base/usb@fe3c0000 status=okay
/sys/firmware/devicetree/base/usb@fe3e0000 status=okay
/sys/firmware/devicetree/base/usbacm-video-control status=okay
\n== PCI/PCIe runtime enumeration ==
00:00.0 PCI bridge [0604]: Fuzhou Rockchip Electronics Co., Ltd RK3399 PCI Express Root Port [1d87:0100] (prog-if 00 [Normal decode])
	Control: I/O- Mem- BusMaster- SpecCycle- MemWINV- VGASnoop- ParErr- Stepping- SERR- FastB2B- DisINTx-
	Status: Cap+ 66MHz- UDF- FastB2B- ParErr- DEVSEL=fast >TAbort- <TAbort- <MAbort- >SERR- <PERR- INTx-
	Interrupt: pin A routed to IRQ 262
	Bus: primary=00, secondary=00, subordinate=00, sec-latency=0
	I/O behind bridge: 00000000-00000fff
	Memory behind bridge: 00000000-000fffff
	Prefetchable memory behind bridge: 00000000-000fffff
	Secondary status: 66MHz- FastB2B- ParErr- DEVSEL=fast >TAbort- <TAbort- <MAbort- <SERR- <PERR-
	BridgeCtl: Parity- SERR- NoISA- VGA- MAbort- >Reset- FastB2B-
		PriDiscTmr- SecDiscTmr- DiscTmrStat- DiscTmrSERREn-
	Capabilities: [80] Power Management version 3
		Flags: PMEClk- DSI- D1+ D2- AuxCurrent=0mA PME(D0+,D1+,D2-,D3hot+,D3cold-)
		Status: D0 NoSoftRst+ PME-Enable- DSel=0 DScale=0 PME-
	Capabilities: [90] MSI: Enable- Count=1/1 Maskable+ 64bit+
		Address: 0000000000000000  Data: 0000
		Masking: 00000000  Pending: 00000000
	Capabilities: [b0] MSI-X: Enable- Count=1 Masked-
		Vector table: BAR=0 offset=00000000
		PBA: BAR=0 offset=00000008
	Capabilities: [c0] Express (v2) Root Port (Slot+), MSI 00
		DevCap:	MaxPayload 256 bytes, PhantFunc 0
			ExtTag- RBE+
		DevCtl:	Report errors: Correctable- Non-Fatal- Fatal- Unsupported-
			RlxdOrd+ ExtTag- PhantFunc- AuxPwr- NoSnoop+
			MaxPayload 128 bytes, MaxReadReq 512 bytes
		DevSta:	CorrErr- UncorrErr- FatalErr- UnsuppReq- AuxPwr- TransPend-
		LnkCap:	Port #0, Speed 2.5GT/s, Width x4, ASPM L1, Exit Latency L0s <256ns, L1 <8us
			ClockPM- Surprise- LLActRep- BwNot+ ASPMOptComp+
		LnkCtl:	ASPM Disabled; RCB 64 bytes Disabled- CommClk+
			ExtSynch- ClockPM- AutWidDis- BWInt+ AutBWInt+
		LnkSta:	Speed 2.5GT/s, Width x2, TrErr- Train- SlotClk- DLActive- BWMgmt- ABWMgmt-
		SltCap:	AttnBtn- PwrCtrl- MRL- AttnInd- PwrInd- HotPlug- Surprise-
			Slot #0, PowerLimit 0.000W; Interlock- NoCompl-
		SltCtl:	Enable: AttnBtn- PwrFlt- MRL- PresDet- CmdCplt- HPIrq- LinkChg-
			Control: AttnInd Off, PwrInd Off, Power+ Interlock-
		SltSta:	Status: AttnBtn- PowerFlt- MRL+ CmdCplt- PresDet- Interlock-
			Changed: MRL- PresDet- LinkState-
		RootCtl: ErrCorrectable- ErrNon-Fatal- ErrFatal- PMEIntEna- CRSVisible-
		RootCap: CRSVisible-
		RootSta: PME ReqID 0000, PMEStatus- PMEPending-
		DevCap2: Completion Timeout: Range B, TimeoutDis+, LTR+, OBFF Via message ARIFwd+
		DevCtl2: Completion Timeout: 50us to 50ms, TimeoutDis-, LTR-, OBFF Disabled ARIFwd-
		LnkCtl2: Target Link Speed: 2.5GT/s, EnterCompliance- SpeedDis-
			 Transmit Margin: Normal Operating Range, EnterModifiedCompliance- ComplianceSOS-
			 Compliance De-emphasis: -6dB
		LnkSta2: Current De-emphasis Level: -6dB, EqualizationComplete-, EqualizationPhase1-
			 EqualizationPhase2-, EqualizationPhase3-, LinkEqualizationRequest-
	Capabilities: [100 v2] Advanced Error Reporting
		UESta:	DLP- SDES- TLP- FCP- CmpltTO- CmpltAbrt- UnxCmplt- RxOF- MalfTLP- ECRC- UnsupReq- ACSViol-
		UEMsk:	DLP- SDES- TLP- FCP- CmpltTO- CmpltAbrt- UnxCmplt- RxOF- MalfTLP- ECRC- UnsupReq- ACSViol-
		UESvrt:	DLP+ SDES+ TLP- FCP+ CmpltTO- CmpltAbrt- UnxCmplt- RxOF+ MalfTLP+ ECRC- UnsupReq- ACSViol-
		CESta:	RxErr- BadTLP- BadDLLP- Rollover- Timeout- NonFatalErr-
		CEMsk:	RxErr- BadTLP- BadDLLP- Rollover- Timeout- NonFatalErr+
		AERCap:	First Error Pointer: 00, GenCap+ CGenEn- ChkCap+ ChkEn-
	Capabilities: [274 v1] Transaction Processing Hints
		Interrupt vector mode supported
		Device specific mode supported
		Steering table in TPH capability structure
	Kernel driver in use: pcieport

01:00.0 Non-VGA unclassified device [0000]: Fuzhou Rockchip Electronics Co., Ltd RK1808 Neural Network Processor Card [1d87:1808] (rev 01)
	Control: I/O- Mem+ BusMaster+ SpecCycle- MemWINV- VGASnoop- ParErr- Stepping- SERR- FastB2B- DisINTx-
	Status: Cap+ 66MHz- UDF- FastB2B- ParErr- DEVSEL=fast >TAbort- <TAbort- <MAbort- >SERR- <PERR- INTx-
	Latency: 0
	Interrupt: pin A routed to IRQ 261
	Region 0: Memory at <ignored> (32-bit, non-prefetchable) [size=512M]
	Region 1: Memory at <unassigned> (32-bit, non-prefetchable) [size=512M]
	Region 2: Memory at <unassigned> (32-bit, non-prefetchable) [size=512M]
	Region 3: Memory at <unassigned> (32-bit, non-prefetchable) [size=512M]
	Region 4: Memory at <unassigned> (32-bit, non-prefetchable) [size=128M]
	Region 5: Memory at <unassigned> (32-bit, non-prefetchable) [size=128M]
	Expansion ROM at <unassigned> [disabled] [size=64K]
	Capabilities: [40] Power Management version 3
		Flags: PMEClk- DSI- D1+ D2+ AuxCurrent=375mA PME(D0+,D1+,D2-,D3hot+,D3cold-)
		Status: D0 NoSoftRst+ PME-Enable- DSel=0 DScale=0 PME-
	Capabilities: [50] MSI: Enable- Count=1/32 Maskable+ 64bit+
		Address: 0000000000000000  Data: 0000
		Masking: 00000000  Pending: 00000000
	Capabilities: [70] Express (v2) Endpoint, MSI 08
		DevCap:	MaxPayload 128 bytes, PhantFunc 0, Latency L0s unlimited, L1 unlimited
			ExtTag- AttnBtn- AttnInd- PwrInd- RBE+ FLReset- SlotPowerLimit 0.000W
		DevCtl:	Report errors: Correctable- Non-Fatal- Fatal- Unsupported-
			RlxdOrd+ ExtTag- PhantFunc- AuxPwr- NoSnoop-
			MaxPayload 128 bytes, MaxReadReq 512 bytes
		DevSta:	CorrErr- UncorrErr- FatalErr- UnsuppReq- AuxPwr- TransPend-
		LnkCap:	Port #0, Speed 8GT/s, Width x2, ASPM L0s L1, Exit Latency L0s unlimited, L1 <64us
			ClockPM- Surprise- LLActRep- BwNot- ASPMOptComp+
		LnkCtl:	ASPM Disabled; RCB 64 bytes Disabled- CommClk-
			ExtSynch- ClockPM- AutWidDis- BWInt- AutBWInt-
		LnkSta:	Speed 2.5GT/s, Width x2, TrErr- Train- SlotClk+ DLActive- BWMgmt- ABWMgmt-
		DevCap2: Completion Timeout: Not Supported, TimeoutDis+, LTR+, OBFF Via message/WAKE#
		DevCtl2: Completion Timeout: 50us to 50ms, TimeoutDis-, LTR-, OBFF Disabled
		LnkCtl2: Target Link Speed: 5GT/s, EnterCompliance- SpeedDis-
			 Transmit Margin: Normal Operating Range, EnterModifiedCompliance- ComplianceSOS-
			 Compliance De-emphasis: -6dB
		LnkSta2: Current De-emphasis Level: -3.5dB, EqualizationComplete-, EqualizationPhase1-
			 EqualizationPhase2-, EqualizationPhase3-, LinkEqualizationRequest-
	Capabilities: [b0] MSI-X: Enable- Count=64 Masked-
		Vector table: BAR=4 offset=00000000
		PBA: BAR=4 offset=00002800
	Capabilities: [100 v2] Advanced Error Reporting
		UESta:	DLP- SDES- TLP- FCP- CmpltTO- CmpltAbrt- UnxCmplt- RxOF- MalfTLP- ECRC- UnsupReq- ACSViol-
		UEMsk:	DLP- SDES- TLP- FCP- CmpltTO- CmpltAbrt- UnxCmplt- RxOF- MalfTLP- ECRC- UnsupReq- ACSViol-
		UESvrt:	DLP+ SDES+ TLP- FCP+ CmpltTO- CmpltAbrt- UnxCmplt- RxOF+ MalfTLP+ ECRC- UnsupReq- ACSViol-
		CESta:	RxErr- BadTLP- BadDLLP- Rollover- Timeout- NonFatalErr-
		CEMsk:	RxErr- BadTLP- BadDLLP- Rollover- Timeout- NonFatalErr+
		AERCap:	First Error Pointer: 00, GenCap+ CGenEn- ChkCap+ ChkEn-
	Capabilities: [148 v1] #19
	Capabilities: [158 v1] Latency Tolerance Reporting
		Max snoop latency: 0ns
		Max no snoop latency: 0ns
	Capabilities: [160 v1] L1 PM Substates
		L1SubCap: PCI-PM_L1.2+ PCI-PM_L1.1+ ASPM_L1.2+ ASPM_L1.1+ L1_PM_Substates+
			  PortCommonModeRestoreTime=150us PortTPowerOnTime=150us
		L1SubCtl1: PCI-PM_L1.2- PCI-PM_L1.1- ASPM_L1.2- ASPM_L1.1-
			   T_CommonMode=0us LTR1.2_Threshold=0ns
		L1SubCtl2: T_PwrOn=10us
	Capabilities: [170 v1] #16
	Capabilities: [1a0 v1] Vendor Specific Information: ID=0002 Rev=4 Len=100 <?>
	Capabilities: [2a0 v1] #15

/sys/bus/pci/devices
/sys/bus/pci/devices/0000:00:00.0
/sys/bus/pci/devices/0000:01:00.0
-- /sys/bus/pci/devices/0000:00:00.0 --
vendor=0x1d87
device=0x0100
class=0x060400
subsystem_vendor=0x0000
subsystem_device=0x0000
irq=262
/sys/devices/platform/f8000000.pcie/pci0000:00/0000:00:00.0
-- /sys/bus/pci/devices/0000:01:00.0 --
vendor=0x1d87
device=0x1808
class=0x000000
subsystem_vendor=0x0000
subsystem_device=0x0000
irq=261
/sys/devices/platform/f8000000.pcie/pci0000:00/0000:00:00.0/0000:01:00.0
\n== platform PCIe/NPU sysfs nodes and driver binding ==
/sys/devices/platform/f8000000.pcie
/sys/devices/platform/f8000000.pcie/pci0000:00/0000:00:00.0/0000:00:00.0:pcie01
/sys/devices/platform/f8000000.pcie/pci0000:00/0000:00:00.0/0000:00:00.0:pcie02
/sys/devices/platform/f8000000.pcie/pcie_deferred
/sys/devices/platform/f8000000.pcie/pcie_reset_ep
/sys/devices/platform/ff3c0000.i2c/i2c-0/0-0020/input
/sys/devices/platform/ff3c0000.i2c/i2c-0/0-0020/input/input0
/sys/devices/platform/pcie-phy
/sys/devices/platform/pcie-phy/phy/phy-pcie-phy.7
/sys/devices/platform/rk809-sound/sound/card0/input1
/sys/devices/platform/rk_headset/input
/sys/devices/platform/rk_headset/input/input2
-- /sys/devices/platform/f8000000.pcie --
driver=/sys/bus/platform/drivers/rockchip-pcie
modalias=of:NpcieT<NULL>Crockchip,rk3399-pcieof_status=okay
compatible=rockchip,rk3399-pcie,
pcie_reset_ep=-- /sys/devices/platform/f8000000.pcie/pci0000:00/0000:00:00.0/0000:00:00.0:pcie01 --
driver=/sys/bus/pci_express/drivers/pcie_pme
-- /sys/devices/platform/f8000000.pcie/pci0000:00/0000:00:00.0/0000:00:00.0:pcie02 --
driver=/sys/bus/pci_express/drivers/aer
-- /sys/devices/platform/ff3c0000.i2c/i2c-0/0-0020/input --
driver=<none>
-- /sys/devices/platform/pcie-phy --
driver=/sys/bus/platform/drivers/rockchip-pcie-phy
modalias=of:Npcie-phyT<NULL>Crockchip,rk3399-pcie-phyof_status=okay
compatible=rockchip,rk3399-pcie-phy,
-- /sys/devices/platform/pcie-phy/phy/phy-pcie-phy.7 --
driver=<none>
of_status=okay
compatible=rockchip,rk3399-pcie-phy,
-- /sys/devices/platform/rk809-sound/sound/card0/input1 --
driver=<none>
modalias=input:b0000v0000p0000e0000-e0,5,kramlsfw2,
-- /sys/devices/platform/rk_headset/input --
driver=<none>
-- /sys/devices/platform/rk_headset/input/input2 --
driver=<none>
modalias=input:b0000v0001p0001e0100-e0,1,kE2,ramlsfw
\n== USB host/controller runtime topology ==
-- /sys/bus/platform/devices/fe380000.usb --
driver=/sys/bus/platform/drivers/ehci-platform
of_status=okay
compatible=generic-ehci,
-- /sys/bus/platform/devices/fe3a0000.usb --
driver=/sys/bus/platform/drivers/ohci-platform
of_status=okay
compatible=generic-ohci,
-- /sys/bus/platform/devices/fe3c0000.usb --
driver=/sys/bus/platform/drivers/ehci-platform
of_status=okay
compatible=generic-ehci,
-- /sys/bus/platform/devices/fe3e0000.usb --
driver=/sys/bus/platform/drivers/ohci-platform
of_status=okay
compatible=generic-ohci,
-- /sys/bus/platform/devices/ff770000.syscon:usb2-phy@e450 --
driver=/sys/bus/platform/drivers/rockchip-usb2phy
of_status=okay
compatible=rockchip,rk3399-usb2phy,
-- /sys/bus/platform/devices/ff770000.syscon:usb2-phy@e460 --
driver=/sys/bus/platform/drivers/rockchip-usb2phy
of_status=okay
compatible=rockchip,rk3399-usb2phy,
-- /sys/bus/platform/devices/usb0 --
driver=/sys/bus/platform/drivers/rockchip-dwc3
of_status=okay
compatible=rockchip,rk3399-dwc3,
-- /sys/bus/platform/devices/usb1 --
driver=/sys/bus/platform/drivers/rockchip-dwc3
of_status=okay
compatible=rockchip,rk3399-dwc3,
-- /sys/bus/platform/devices/usbacm-video-control --
driver=/sys/bus/platform/drivers/usbacm-video-control
of_status=okay
compatible=rockchip,usbacm-video-control,
-- /sys/bus/platform/devices/fe800000.dwc3 --
driver=/sys/bus/platform/drivers/dwc3
of_status=okay
dr_mode=otg
compatible=snps,dwc3,
-- /sys/bus/platform/devices/fe900000.dwc3 --
driver=/sys/bus/platform/drivers/dwc3
of_status=okay
dr_mode=host
compatible=snps,dwc3,
-- /sys/bus/platform/devices/xhci-hcd.10.auto --
driver=/sys/bus/platform/drivers/xhci-hcd
-- /sys/bus/platform/devices/xhci-hcd.11.auto --
driver=/sys/bus/platform/drivers/xhci-hcd
/:  Bus 06.Port 1: Dev 1, Class=root_hub, Driver=xhci-hcd/1p, 5000M
    |__ Port 1: Dev 2, If 0, Class=Mass Storage, Driver=uas, 5000M
/:  Bus 05.Port 1: Dev 1, Class=root_hub, Driver=xhci-hcd/1p, 480M
/:  Bus 04.Port 1: Dev 1, Class=root_hub, Driver=ohci-platform/1p, 12M
/:  Bus 03.Port 1: Dev 1, Class=root_hub, Driver=ehci-platform/1p, 480M
    |__ Port 1: Dev 2, If 0, Class=Hub, Driver=hub/4p, 480M
        |__ Port 1: Dev 3, If 0, Class=Communications, Driver=cdc_ether, 480M
        |__ Port 1: Dev 3, If 1, Class=CDC Data, Driver=cdc_ether, 480M
        |__ Port 1: Dev 3, If 2, Class=Vendor Specific Class, Driver=option, 480M
        |__ Port 1: Dev 3, If 3, Class=Vendor Specific Class, Driver=option, 480M
        |__ Port 1: Dev 3, If 4, Class=Vendor Specific Class, Driver=option, 480M
/:  Bus 02.Port 1: Dev 1, Class=root_hub, Driver=ohci-platform/1p, 12M
/:  Bus 01.Port 1: Dev 1, Class=root_hub, Driver=ehci-platform/1p, 480M
    |__ Port 1: Dev 9, If 0, Class=Communications, Driver=npu_acm, 480M
    |__ Port 1: Dev 9, If 1, Class=CDC Data, Driver=npu_acm, 480M
\n== clocks/regulators/resets that affect NPU link ==
-- /sys/kernel/debug/clk/clk_wifi_pmu --
clk_rate=24000000
clk_enable_count=1
-- /sys/kernel/debug/clk/rk808-clkout2 --
clk_rate=32768
clk_enable_count=7
/sys/kernel/debug/clk/aclk_pcie
/sys/kernel/debug/clk/aclk_perf_pcie
/sys/kernel/debug/clk/aclk_usb3
/sys/kernel/debug/clk/aclk_usb3_grf
/sys/kernel/debug/clk/aclk_usb3_noc
/sys/kernel/debug/clk/aclk_usb3_rksoc_axi_perf
/sys/kernel/debug/clk/aclk_usb3otg0
/sys/kernel/debug/clk/aclk_usb3otg1
/sys/kernel/debug/clk/clk_pcie_core
/sys/kernel/debug/clk/clk_pcie_core_cru
/sys/kernel/debug/clk/clk_pcie_pm
/sys/kernel/debug/clk/clk_pciephy_ref
/sys/kernel/debug/clk/clk_pciephy_ref100m
/sys/kernel/debug/clk/clk_usb2phy0_ref
/sys/kernel/debug/clk/clk_usb2phy1_ref
/sys/kernel/debug/clk/clk_usb3otg0_ref
/sys/kernel/debug/clk/clk_usb3otg0_suspend
/sys/kernel/debug/clk/clk_usb3otg1_ref
/sys/kernel/debug/clk/clk_usb3otg1_suspend
/sys/kernel/debug/clk/clk_usbphy0_480m
/sys/kernel/debug/clk/clk_usbphy0_480m_src
/sys/kernel/debug/clk/clk_usbphy1_480m
/sys/kernel/debug/clk/clk_usbphy1_480m_src
/sys/kernel/debug/clk/clk_usbphy_480m
/sys/kernel/debug/clk/clk_wifi_div
/sys/kernel/debug/clk/clk_wifi_frac
/sys/kernel/debug/clk/clk_wifi_pmu
/sys/kernel/debug/clk/pclk_pcie
/sys/kernel/debug/clk/pclk_usbphy_mux_g
-- regulator /sys/class/regulator/regulator.13 name=vcc3v3_sys --
state=enabled
microvolts=3300000
min_microvolts=3300000
max_microvolts=3300000
num_users=0
type=voltage
-- regulator /sys/class/regulator/regulator.2 name=vcc5v0_host --
state=enabled
num_users=0
type=voltage
-- regulator /sys/class/regulator/regulator.24 name=vcc5v0_usb --
state=enabled
num_users=2
type=voltage
-- regulator /sys/class/regulator/regulator.3 name=vcc3v3_ahda --
state=disabled
num_users=0
type=voltage
-- regulator /sys/class/regulator/regulator.7 name=vcc5v0_sys --
microvolts=5000000
num_users=0
type=voltage
\n== kernel modules / config clues ==
\n== dmesg link-related full tail ==
[585176.618089] cdc_ether 3-1.1:1.0 usb0: kevent 12 may have been dropped
[600191.607614] cdc_ether 3-1.1:1.0 usb0: kevent 12 may have been dropped
[600191.607635] cdc_ether 3-1.1:1.0 usb0: kevent 12 may have been dropped
[600191.609292] cdc_ether 3-1.1:1.0 usb0: kevent 12 may have been dropped
\n################################################################
## HOST 192.168.50.113
################################################################
== uname/os ==
Linux armbian 6.18.33 #1 SMP PREEMPT Fri Jun 26 05:37:52 UTC 2026 aarch64 GNU/Linux
PRETTY_NAME="Armbian OS 26.05.0 trixie"
NAME="Debian GNU/Linux"
VERSION_ID="13"
VERSION="13 (trixie)"
VERSION_CODENAME=trixie
DEBIAN_VERSION_FULL=13.5
ID=debian
HOME_URL="https://www.armbian.com"
SUPPORT_URL="https://forum.armbian.com"
BUG_REPORT_URL="https://www.armbian.com/bugs"
ARMBIAN_PRETTY_NAME="Armbian OS 26.05.0 trixie"
\n== NPU success indicators ==
Bus 003 Device 011: ID 2207:180a Fuzhou Rockchip Electronics Company USB-MSC
List of ntb devices attached
\n== kernel command line / boot dtb clues ==
root=PARTUUID=61ec8aeb-3d1a-48fa-a9da-54d744ed8bdf rootflags=data=writeback rw rootwait rootdelay=10 rootfstype=ext4 console=ttyS2,1500000 console=tty1 panic=0 usbcore.autosuspend=-1 initcall_blacklist=psci_checker printk.devkmsg=on log_buf_len=16M maxcpus=4 systemd.default_timeout_start_sec=20 plymouth.enable=0 net.ifnames=0 clk_ignore_unused
-- /sys/firmware/devicetree/base/model --
Radxa ROCK Pi N10
-- /sys/firmware/devicetree/base/compatible --
radxa,rockpi-n10
vamrs,rk3399pro-vmarc-som
rockchip,rk3399pro
\n== live DT nodes matching npu/pcie/usb/clock/reset ==
/sys/firmware/devicetree/base/pcie-ep@f8000000
/sys/firmware/devicetree/base/pcie@f8000000
/sys/firmware/devicetree/base/pcie@f8000000/vpcie0v9-supply
/sys/firmware/devicetree/base/pcie@f8000000/vpcie1v8-supply
/sys/firmware/devicetree/base/pcie@f8000000/vpcie3v3-supply
/sys/firmware/devicetree/base/phy@ff7c0000/usb3-port
/sys/firmware/devicetree/base/phy@ff800000/usb3-port
/sys/firmware/devicetree/base/pinctrl/cif/cif-clkouta
/sys/firmware/devicetree/base/pinctrl/npu
/sys/firmware/devicetree/base/pinctrl/npu/npu-ref-clk
/sys/firmware/devicetree/base/pinctrl/otg_vbus_drv
/sys/firmware/devicetree/base/pinctrl/otg_vbus_drv/otg-vbus-drv
/sys/firmware/devicetree/base/pinctrl/pcfg-input-enable
/sys/firmware/devicetree/base/pinctrl/pcfg-input-enable/input-enable
/sys/firmware/devicetree/base/pinctrl/pcfg-input-pull-down
/sys/firmware/devicetree/base/pinctrl/pcfg-input-pull-down/input-enable
/sys/firmware/devicetree/base/pinctrl/pcfg-input-pull-up
/sys/firmware/devicetree/base/pinctrl/pcfg-input-pull-up/input-enable
/sys/firmware/devicetree/base/pinctrl/pcie
/sys/firmware/devicetree/base/pinctrl/pcie/pcie-pwr
/sys/firmware/devicetree/base/pinctrl/sdio-pwrseq/wifi-enable-h
/sys/firmware/devicetree/base/pinctrl/testclk/test-clkout0
/sys/firmware/devicetree/base/pinctrl/testclk/test-clkout1
/sys/firmware/devicetree/base/pinctrl/testclk/test-clkout2
/sys/firmware/devicetree/base/pinctrl/vbus_host/usb1-en-oc
/sys/firmware/devicetree/base/pinctrl/vbus_typec/usb0-en-oc
/sys/firmware/devicetree/base/regulator-vbus-otg
/sys/firmware/devicetree/base/regulator-vcc-pcie
/sys/firmware/devicetree/base/syscon@ff770000/pcie-phy
/sys/firmware/devicetree/base/syscon@ff770000/usb2phy@e450
/sys/firmware/devicetree/base/syscon@ff770000/usb2phy@e450/otg-port
/sys/firmware/devicetree/base/syscon@ff770000/usb2phy@e460
/sys/firmware/devicetree/base/syscon@ff770000/usb2phy@e460/otg-port
/sys/firmware/devicetree/base/usb@fe380000
/sys/firmware/devicetree/base/usb@fe3a0000
/sys/firmware/devicetree/base/usb@fe3c0000
/sys/firmware/devicetree/base/usb@fe3e0000
/sys/firmware/devicetree/base/usb@fe800000
/sys/firmware/devicetree/base/usb@fe800000/usb@fe800000
/sys/firmware/devicetree/base/usb@fe900000
/sys/firmware/devicetree/base/usb@fe900000/usb@fe900000
\n== live DT status values for candidate nodes ==
/sys/firmware/devicetree/base/pcie-ep@f8000000 status=disabled
/sys/firmware/devicetree/base/pcie@f8000000 status=disabled
/sys/firmware/devicetree/base/phy@ff7c0000/usb3-port status=<none>
/sys/firmware/devicetree/base/phy@ff800000/usb3-port status=<none>
/sys/firmware/devicetree/base/pinctrl/npu status=<none>
/sys/firmware/devicetree/base/pinctrl/npu/npu-ref-clk status=<none>
/sys/firmware/devicetree/base/pinctrl/pcfg-input-enable status=<none>
/sys/firmware/devicetree/base/pinctrl/pcfg-input-pull-down status=<none>
/sys/firmware/devicetree/base/pinctrl/pcfg-input-pull-up status=<none>
/sys/firmware/devicetree/base/pinctrl/pcie status=<none>
/sys/firmware/devicetree/base/pinctrl/pcie/pcie-pwr status=<none>
/sys/firmware/devicetree/base/pinctrl/vbus_host/usb1-en-oc status=<none>
/sys/firmware/devicetree/base/pinctrl/vbus_typec/usb0-en-oc status=<none>
/sys/firmware/devicetree/base/regulator-vcc-pcie status=<none>
/sys/firmware/devicetree/base/syscon@ff770000/pcie-phy status=okay
/sys/firmware/devicetree/base/syscon@ff770000/usb2phy@e450 status=okay
/sys/firmware/devicetree/base/syscon@ff770000/usb2phy@e460 status=okay
/sys/firmware/devicetree/base/usb@fe380000 status=okay
/sys/firmware/devicetree/base/usb@fe3a0000 status=okay
/sys/firmware/devicetree/base/usb@fe3c0000 status=okay
/sys/firmware/devicetree/base/usb@fe3e0000 status=okay
/sys/firmware/devicetree/base/usb@fe800000 status=okay
/sys/firmware/devicetree/base/usb@fe800000/usb@fe800000 status=okay
/sys/firmware/devicetree/base/usb@fe900000 status=okay
/sys/firmware/devicetree/base/usb@fe900000/usb@fe900000 status=okay
\n== PCI/PCIe runtime enumeration ==
/sys/bus/pci/devices
\n== platform PCIe/NPU sysfs nodes and driver binding ==
/sys/devices/platform/ff3c0000.i2c/i2c-0/0-0020/rk805-pwrkey.3.auto/input
/sys/devices/platform/ff770000.syscon/ff770000.syscon:pcie-phy
/sys/devices/platform/ff770000.syscon/ff770000.syscon:pcie-phy/phy/phy-ff770000.syscon:pcie-phy.1
/sys/devices/platform/ff770000.syscon/ff770000.syscon:pcie-phy/phy/phy-ff770000.syscon:pcie-phy.2
/sys/devices/platform/ff770000.syscon/ff770000.syscon:pcie-phy/phy/phy-ff770000.syscon:pcie-phy.3
/sys/devices/platform/ff770000.syscon/ff770000.syscon:pcie-phy/phy/phy-ff770000.syscon:pcie-phy.4
/sys/devices/platform/pinctrl/consumer:platform:regulator-vcc-pcie
/sys/devices/platform/pinctrl/ff790000.gpio/consumer:platform:regulator-vcc-pcie
/sys/devices/platform/regulator-vcc-pcie
/sys/devices/platform/regulator-vcc5v0-sys/consumer:platform:regulator-vcc-pcie
-- /sys/devices/platform/ff770000.syscon/ff770000.syscon:pcie-phy --
driver=/sys/bus/platform/drivers/rockchip-pcie-phy
modalias=of:Npcie-phyT(null)Crockchip,rk3399-pcie-phy
of_status=okay
compatible=rockchip,rk3399-pcie-phy,
-- /sys/devices/platform/ff770000.syscon/ff770000.syscon:pcie-phy/phy/phy-ff770000.syscon:pcie-phy.1 --
driver=<none>
of_status=okay
compatible=rockchip,rk3399-pcie-phy,
-- /sys/devices/platform/ff770000.syscon/ff770000.syscon:pcie-phy/phy/phy-ff770000.syscon:pcie-phy.2 --
driver=<none>
of_status=okay
compatible=rockchip,rk3399-pcie-phy,
-- /sys/devices/platform/ff770000.syscon/ff770000.syscon:pcie-phy/phy/phy-ff770000.syscon:pcie-phy.3 --
driver=<none>
of_status=okay
compatible=rockchip,rk3399-pcie-phy,
-- /sys/devices/platform/ff770000.syscon/ff770000.syscon:pcie-phy/phy/phy-ff770000.syscon:pcie-phy.4 --
driver=<none>
of_status=okay
compatible=rockchip,rk3399-pcie-phy,
-- /sys/devices/platform/regulator-vcc-pcie --
driver=/sys/bus/platform/drivers/reg-fixed-voltage
modalias=of:Nregulator-vcc-pcieT(null)Cregulator-fixed
compatible=regulator-fixed,
\n== USB host/controller runtime topology ==
-- /sys/bus/platform/devices/fe380000.usb --
driver=/sys/bus/platform/drivers/ehci-platform
of_status=okay
compatible=generic-ehci,
-- /sys/bus/platform/devices/fe3a0000.usb --
driver=/sys/bus/platform/drivers/ohci-platform
of_status=okay
compatible=generic-ohci,
-- /sys/bus/platform/devices/fe3c0000.usb --
driver=/sys/bus/platform/drivers/ehci-platform
of_status=okay
compatible=generic-ehci,
-- /sys/bus/platform/devices/fe3e0000.usb --
driver=/sys/bus/platform/drivers/ohci-platform
of_status=okay
compatible=generic-ohci,
-- /sys/bus/platform/devices/fe800000.usb --
driver=/sys/bus/platform/drivers/dwc3
of_status=okay
dr_mode=otg
compatible=snps,dwc3,
-- /sys/bus/platform/devices/fe900000.usb --
driver=/sys/bus/platform/drivers/dwc3
of_status=okay
dr_mode=host
compatible=snps,dwc3,
-- /sys/bus/platform/devices/ff770000.syscon:usb2phy@e450 --
driver=/sys/bus/platform/drivers/rockchip-usb2phy
of_status=okay
compatible=rockchip,rk3399-usb2phy,
-- /sys/bus/platform/devices/ff770000.syscon:usb2phy@e460 --
driver=/sys/bus/platform/drivers/rockchip-usb2phy
of_status=okay
compatible=rockchip,rk3399-usb2phy,
-- /sys/bus/platform/devices/usb@fe800000 --
driver=/sys/bus/platform/drivers/dwc3-of-simple
of_status=okay
compatible=rockchip,rk3399-dwc3,
-- /sys/bus/platform/devices/usb@fe900000 --
driver=/sys/bus/platform/drivers/dwc3-of-simple
of_status=okay
compatible=rockchip,rk3399-dwc3,
-- /sys/bus/platform/devices/xhci-hcd.0.auto --
driver=/sys/bus/platform/drivers/xhci-hcd
-- /sys/bus/platform/devices/xhci-hcd.8.auto --
driver=/sys/bus/platform/drivers/xhci-hcd
/:  Bus 001.Port 001: Dev 001, Class=root_hub, Driver=xhci-hcd/1p, 480M
/:  Bus 002.Port 001: Dev 001, Class=root_hub, Driver=xhci-hcd/1p, 5000M
/:  Bus 003.Port 001: Dev 001, Class=root_hub, Driver=ehci-platform/1p, 480M
    |__ Port 001: Dev 011, If 0, Class=Vendor Specific Class, Driver=[none], 480M
/:  Bus 004.Port 001: Dev 001, Class=root_hub, Driver=ohci-platform/1p, 12M
/:  Bus 005.Port 001: Dev 001, Class=root_hub, Driver=xhci-hcd/1p, 480M
/:  Bus 006.Port 001: Dev 001, Class=root_hub, Driver=xhci-hcd/1p, 5000M
/:  Bus 007.Port 001: Dev 001, Class=root_hub, Driver=ehci-platform/1p, 480M
    |__ Port 001: Dev 002, If 0, Class=Hub, Driver=hub/4p, 480M
        |__ Port 001: Dev 004, If 0, Class=Communications, Driver=cdc_ether, 480M
        |__ Port 001: Dev 004, If 1, Class=CDC Data, Driver=cdc_ether, 480M
        |__ Port 001: Dev 004, If 2, Class=Vendor Specific Class, Driver=option, 480M
        |__ Port 001: Dev 004, If 3, Class=Vendor Specific Class, Driver=option, 480M
        |__ Port 001: Dev 004, If 4, Class=Vendor Specific Class, Driver=option, 480M
/:  Bus 008.Port 001: Dev 001, Class=root_hub, Driver=ohci-platform/1p, 12M
\n== clocks/regulators/resets that affect NPU link ==
-- /sys/kernel/debug/clk/clk_wifi_pmu --
clk_rate=24000000
clk_enable_count=0
-- /sys/kernel/debug/clk/rk808-clkout2 --
clk_rate=32768
clk_enable_count=1
/sys/kernel/debug/clk/aclk_pcie
/sys/kernel/debug/clk/aclk_perf_pcie
/sys/kernel/debug/clk/aclk_usb3
/sys/kernel/debug/clk/aclk_usb3_grf
/sys/kernel/debug/clk/aclk_usb3_noc
/sys/kernel/debug/clk/aclk_usb3_rksoc_axi_perf
/sys/kernel/debug/clk/aclk_usb3otg0
/sys/kernel/debug/clk/aclk_usb3otg1
/sys/kernel/debug/clk/clk_pcie_core
/sys/kernel/debug/clk/clk_pcie_core_cru
/sys/kernel/debug/clk/clk_pcie_pm
/sys/kernel/debug/clk/clk_pciephy_ref
/sys/kernel/debug/clk/clk_pciephy_ref100m
/sys/kernel/debug/clk/clk_usb2phy0_ref
/sys/kernel/debug/clk/clk_usb2phy1_ref
/sys/kernel/debug/clk/clk_usb3otg0_ref
/sys/kernel/debug/clk/clk_usb3otg0_suspend
/sys/kernel/debug/clk/clk_usb3otg1_ref
/sys/kernel/debug/clk/clk_usb3otg1_suspend
/sys/kernel/debug/clk/clk_usbphy0_480m
/sys/kernel/debug/clk/clk_usbphy0_480m_src
/sys/kernel/debug/clk/clk_usbphy1_480m
/sys/kernel/debug/clk/clk_usbphy1_480m_src
/sys/kernel/debug/clk/clk_usbphy_480m
/sys/kernel/debug/clk/clk_wifi_div
/sys/kernel/debug/clk/clk_wifi_frac
/sys/kernel/debug/clk/clk_wifi_pmu
/sys/kernel/debug/clk/pclk_pcie
/sys/kernel/debug/clk/pclk_usbphy_mux_g
-- regulator /sys/class/regulator/regulator.10 name=vcc3v3_pcie --
state=enabled
num_users=1
type=voltage
-- regulator /sys/class/regulator/regulator.14 name=vcc3v3_sys --
state=enabled
microvolts=3300000
min_microvolts=3300000
max_microvolts=3300000
num_users=2
type=voltage
-- regulator /sys/class/regulator/regulator.25 name=vcc5v0_usb2 --
state=enabled
num_users=2
type=voltage
-- regulator /sys/class/regulator/regulator.5 name=vcc5v0_sys --
microvolts=5000000
num_users=15
type=voltage
-- regulator /sys/class/regulator/regulator.8 name=vcc5v0_host --
state=enabled
num_users=2
type=voltage
\n== kernel modules / config clues ==
usb_wwan               20480  1 option
cdc_ether              16384  0
usbserial              32768  2 usb_wwan,option
usbnet                 36864  1 cdc_ether
rockchipdrm           200704  0
dw_hdmi_qp             16384  1 rockchipdrm
analogix_dp            36864  1 rockchipdrm
drm_dma_helper         20480  1 rockchipdrm
dw_mipi_dsi            20480  1 rockchipdrm
drm_client_lib         12288  1 rockchipdrm
drm_dp_aux_bus         12288  1 rockchipdrm
dw_hdmi                40960  1 rockchipdrm
rockchip_vdec          36864  0
drm_display_helper    188416  4 rockchipdrm,dw_hdmi,analogix_dp,dw_hdmi_qp
v4l2_vp9               20480  2 rockchip_vdec,hantro_vpu
drm_kms_helper        184320  8 dw_mipi_dsi,drm_dma_helper,drm_display_helper,rockchipdrm,dw_hdmi,drm_client_lib,analogix_dp,dw_hdmi_qp
rockchip_rga           24576  0
v4l2_h264              12288  2 rockchip_vdec,hantro_vpu
videobuf2_dma_sg       16384  1 rockchip_rga
videobuf2_dma_contig    16384  2 rockchip_vdec,hantro_vpu
drm                   593920  9 drm_kms_helper,dw_mipi_dsi,drm_dma_helper,drm_display_helper,rockchipdrm,dw_hdmi,drm_client_lib,analogix_dp,dw_hdmi_qp
v4l2_mem2mem           36864  3 rockchip_vdec,hantro_vpu,rockchip_rga
onboard_usb_dev        24576  0
videobuf2_v4l2         28672  4 rockchip_vdec,hantro_vpu,rockchip_rga,v4l2_mem2mem
videobuf2_common       57344  8 rockchip_vdec,videobuf2_dma_contig,videobuf2_v4l2,hantro_vpu,rockchip_rga,videobuf2_dma_sg,v4l2_mem2mem,videobuf2_memops
cec                    53248  2 drm_display_helper,dw_hdmi
videodev              253952  5 rockchip_vdec,videobuf2_v4l2,hantro_vpu,rockchip_rga,v4l2_mem2mem
rockchip_dfi           20480  0
mc                     57344  6 rockchip_vdec,videodev,videobuf2_v4l2,hantro_vpu,videobuf2_common,v4l2_mem2mem
CONFIG_PCI=y
CONFIG_PCI_DOMAINS=y
CONFIG_PCI_DOMAINS_GENERIC=y
CONFIG_PCI_SYSCALL=y
CONFIG_PCIEPORTBUS=y
CONFIG_PCIEAER=y
# CONFIG_PCIEAER_INJECT is not set
# CONFIG_PCIE_ECRC is not set
CONFIG_PCIEASPM=y
CONFIG_PCIEASPM_DEFAULT=y
# CONFIG_PCIEASPM_POWERSAVE is not set
# CONFIG_PCIEASPM_POWER_SUPERSAVE is not set
# CONFIG_PCIEASPM_PERFORMANCE is not set
CONFIG_PCIE_PME=y
# CONFIG_PCIE_DPC is not set
# CONFIG_PCIE_PTM is not set
CONFIG_PCI_MSI=y
CONFIG_PCI_QUIRKS=y
# CONFIG_PCI_DEBUG is not set
# CONFIG_PCI_REALLOC_ENABLE_AUTO is not set
# CONFIG_PCI_STUB is not set
# CONFIG_PCI_PF_STUB is not set
CONFIG_PCI_ATS=y
# CONFIG_PCI_DOE is not set
CONFIG_PCI_ECAM=y
CONFIG_PCI_BRIDGE_EMUL=y
CONFIG_PCI_IOV=y
# CONFIG_PCI_NPEM is not set
# CONFIG_PCI_PRI is not set
CONFIG_PCI_PASID=y
# CONFIG_PCIE_TPH is not set
CONFIG_PCI_LABEL=y
CONFIG_PCI_DYNAMIC_OF_NODES=y
CONFIG_PCI_HOST_COMMON=y
CONFIG_PCI_AARDVARK=y
CONFIG_PCIE_ALTERA=y
CONFIG_PCIE_ALTERA_MSI=y
# CONFIG_PCIE_APPLE is not set
CONFIG_PCIE_BRCMSTB=m
CONFIG_PCIE_IPROC=y
CONFIG_PCIE_IPROC_PLATFORM=y
CONFIG_PCIE_IPROC_MSI=y
CONFIG_PCI_HOST_THUNDER_PEM=y
CONFIG_PCI_HOST_THUNDER_ECAM=y
# CONFIG_PCI_FTPCI100 is not set
CONFIG_PCI_HOST_GENERIC=y
# CONFIG_PCIE_HISI_ERR is not set
# CONFIG_PCIE_MEDIATEK is not set
CONFIG_PCIE_MEDIATEK_GEN3=m
CONFIG_PCI_TEGRA=y
CONFIG_PCIE_RCAR_HOST=y
CONFIG_PCIE_RCAR_EP=y
CONFIG_PCIE_ROCKCHIP=y
CONFIG_PCIE_ROCKCHIP_HOST=y
# CONFIG_PCIE_ROCKCHIP_EP is not set
CONFIG_PCI_XGENE=y
CONFIG_PCI_XGENE_MSI=y
# CONFIG_PCIE_XILINX is not set
# CONFIG_PCIE_XILINX_DMA_PL is not set
# CONFIG_PCIE_XILINX_NWL is not set
# CONFIG_PCIE_XILINX_CPM is not set
# CONFIG_PCIE_CADENCE_PLAT_HOST is not set
# CONFIG_PCIE_CADENCE_PLAT_EP is not set
# CONFIG_PCIE_SG2042_HOST is not set
# CONFIG_PCI_J721E_HOST is not set
# CONFIG_PCI_J721E_EP is not set
CONFIG_PCIE_DW=y
# CONFIG_PCIE_DW_DEBUGFS is not set
CONFIG_PCIE_DW_HOST=y
CONFIG_PCIE_DW_EP=y
# CONFIG_PCIE_AL is not set
# CONFIG_PCIE_AMD_MDB is not set
CONFIG_PCI_MESON=m
CONFIG_PCI_IMX6=y
CONFIG_PCI_IMX6_HOST=y
# CONFIG_PCI_IMX6_EP is not set
CONFIG_PCI_LAYERSCAPE=y
# CONFIG_PCI_LAYERSCAPE_EP is not set
CONFIG_PCI_HISI=y
CONFIG_PCIE_KIRIN=y
CONFIG_PCIE_HISI_STB=y
# CONFIG_PCIE_KEEMBAY_HOST is not set
# CONFIG_PCIE_KEEMBAY_EP is not set
CONFIG_PCIE_ARMADA_8K=y
CONFIG_PCIE_TEGRA194=m
CONFIG_PCIE_TEGRA194_HOST=m
CONFIG_PCIE_TEGRA194_EP=m
# CONFIG_PCIE_DW_PLAT_HOST is not set
# CONFIG_PCIE_DW_PLAT_EP is not set
CONFIG_PCIE_QCOM_COMMON=y
CONFIG_PCIE_QCOM=y
# CONFIG_PCIE_QCOM_EP is not set
CONFIG_PCIE_RCAR_GEN4=m
CONFIG_PCIE_RCAR_GEN4_HOST=m
CONFIG_PCIE_RCAR_GEN4_EP=m
CONFIG_PCIE_ROCKCHIP_DW=y
CONFIG_PCIE_ROCKCHIP_DW_HOST=y
# CONFIG_PCIE_ROCKCHIP_DW_EP is not set
# CONFIG_PCI_EXYNOS is not set
# CONFIG_PCIE_UNIPHIER is not set
# CONFIG_PCIE_UNIPHIER_EP is not set
# CONFIG_PCIE_SOPHGO_DW is not set
# CONFIG_PCIE_STM32_HOST is not set
# CONFIG_PCIE_STM32_EP is not set
# CONFIG_PCI_KEYSTONE_HOST is not set
# CONFIG_PCI_KEYSTONE_EP is not set
CONFIG_PCIE_VISCONTI_HOST=y
CONFIG_PCIE_MOBIVEIL=y
CONFIG_PCIE_MOBIVEIL_HOST=y
CONFIG_PCIE_LAYERSCAPE_GEN4=y
# CONFIG_PCIE_MOBIVEIL_PLAT is not set
# CONFIG_PCIE_MICROCHIP_HOST is not set
CONFIG_PCI_ENDPOINT=y
CONFIG_PCI_ENDPOINT_CONFIGFS=y
# CONFIG_PCI_ENDPOINT_MSI_DOORBELL is not set
CONFIG_PCI_EPF_TEST=m
# CONFIG_PCI_EPF_NTB is not set
# CONFIG_PCI_SW_SWITCHTEC is not set
CONFIG_PCI_PWRCTRL=y
CONFIG_PCI_PWRCTRL_PWRSEQ=m
CONFIG_PCI_PWRCTRL_SLOT=y
CONFIG_PCI_ENDPOINT_TEST=m
# CONFIG_PCIE_THERMAL is not set
# CONFIG_PCIPCWATCHDOG is not set
CONFIG_USB_XHCI_HCD=y
# CONFIG_USB_XHCI_DBGCAP is not set
CONFIG_USB_XHCI_PCI=y
CONFIG_USB_XHCI_PCI_RENESAS=m
CONFIG_USB_XHCI_PLATFORM=y
# CONFIG_USB_XHCI_HISTB is not set
CONFIG_USB_XHCI_MTK=y
# CONFIG_USB_XHCI_MVEBU is not set
CONFIG_USB_XHCI_RCAR=y
CONFIG_USB_XHCI_RZV2M=y
# CONFIG_USB_XHCI_SIDEBAND is not set
CONFIG_USB_XHCI_TEGRA=y
CONFIG_USB_DWC3=y
# CONFIG_USB_DWC3_ULPI is not set
# CONFIG_USB_DWC3_HOST is not set
# CONFIG_USB_DWC3_GADGET is not set
CONFIG_USB_DWC3_DUAL_ROLE=y
CONFIG_USB_DWC3_EXYNOS=y
CONFIG_USB_DWC3_PCI=y
CONFIG_USB_DWC3_HAPS=y
CONFIG_USB_DWC3_KEYSTONE=y
CONFIG_USB_DWC3_MESON_G12A=y
CONFIG_USB_DWC3_OF_SIMPLE=y
CONFIG_USB_DWC3_QCOM=y
CONFIG_USB_DWC3_IMX8MP=y
CONFIG_USB_DWC3_XILINX=y
CONFIG_USB_DWC3_AM62=y
CONFIG_USB_DWC3_RTK=y
CONFIG_USB_DWC3_GENERIC_PLAT=y
CONFIG_USB_GADGET=y
# CONFIG_USB_GADGET_DEBUG is not set
# CONFIG_USB_GADGET_DEBUG_FILES is not set
# CONFIG_USB_GADGET_DEBUG_FS is not set
CONFIG_USB_GADGET_VBUS_DRAW=2
CONFIG_USB_GADGET_STORAGE_NUM_BUFFERS=2
# CONFIG_USB_GADGET_XILINX is not set
CONFIG_USB_F_FS=m
CONFIG_USB_CONFIGFS=m
CONFIG_USB_CONFIGFS_SERIAL=y
CONFIG_USB_CONFIGFS_ACM=y
CONFIG_USB_CONFIGFS_OBEX=y
CONFIG_USB_CONFIGFS_NCM=y
CONFIG_USB_CONFIGFS_ECM=y
CONFIG_USB_CONFIGFS_ECM_SUBSET=y
CONFIG_USB_CONFIGFS_RNDIS=y
CONFIG_USB_CONFIGFS_EEM=y
CONFIG_USB_CONFIGFS_MASS_STORAGE=y
# CONFIG_USB_CONFIGFS_F_LB_SS is not set
CONFIG_USB_CONFIGFS_F_FS=y
# CONFIG_USB_CONFIGFS_F_UAC1 is not set
# CONFIG_USB_CONFIGFS_F_UAC1_LEGACY is not set
# CONFIG_USB_CONFIGFS_F_UAC2 is not set
# CONFIG_USB_CONFIGFS_F_MIDI is not set
# CONFIG_USB_CONFIGFS_F_MIDI2 is not set
# CONFIG_USB_CONFIGFS_F_HID is not set
# CONFIG_USB_CONFIGFS_F_UVC is not set
# CONFIG_USB_CONFIGFS_F_PRINTER is not set
# CONFIG_USB_GADGETFS is not set
# CONFIG_NTB is not set
CONFIG_PHY_ROCKCHIP_DP=y
# CONFIG_PHY_ROCKCHIP_DPHY_RX0 is not set
CONFIG_PHY_ROCKCHIP_EMMC=y
CONFIG_PHY_ROCKCHIP_INNO_HDMI=y
CONFIG_PHY_ROCKCHIP_INNO_USB2=y
# CONFIG_PHY_ROCKCHIP_INNO_CSIDPHY is not set
CONFIG_PHY_ROCKCHIP_INNO_DSIDPHY=m
CONFIG_PHY_ROCKCHIP_NANENG_COMBO_PHY=m
CONFIG_PHY_ROCKCHIP_PCIE=y
# CONFIG_PHY_ROCKCHIP_SAMSUNG_DCPHY is not set
CONFIG_PHY_ROCKCHIP_SAMSUNG_HDPTX=m
CONFIG_PHY_ROCKCHIP_SNPS_PCIE3=y
CONFIG_PHY_ROCKCHIP_TYPEC=y
CONFIG_PHY_ROCKCHIP_USB=y
CONFIG_PHY_ROCKCHIP_USBDP=m
\n== dmesg link-related full tail ==
[    0.000000] Booting Linux on physical CPU 0x0000000000 [0x410fd034]
[    0.000000] arch_timer: cp15 timer running at 24.00MHz (phys).
[    0.108150] /syscon@ff770000/phy@f780: Fixed dependency cycle(s) with /mmc@fe330000
[    0.110665] /mmc@fe330000: Fixed dependency cycle(s) with /syscon@ff770000/phy@f780
[    0.110782] /syscon@ff770000/phy@f780: Fixed dependency cycle(s) with /mmc@fe330000
[    0.563044] rk_gmac-dwmac fe300000.ethernet: clock input or output? (output).
[    0.564757] rk_gmac-dwmac fe300000.ethernet: integrated PHY? (no).
[    0.857966] xhci-hcd xhci-hcd.0.auto: xHCI Host Controller
[    0.858517] xhci-hcd xhci-hcd.0.auto: new USB bus registered, assigned bus number 1
[    0.859355] xhci-hcd xhci-hcd.0.auto: hcc params 0x0220fe64 hci version 0x110 quirks 0x0000808002000010
[    0.860222] xhci-hcd xhci-hcd.0.auto: irq 57, io mem 0xfe800000
[    0.868625] xhci-hcd xhci-hcd.0.auto: xHCI Host Controller
[    0.869167] xhci-hcd xhci-hcd.0.auto: new USB bus registered, assigned bus number 2
[    0.869872] xhci-hcd xhci-hcd.0.auto: Host supports USB 3.0 SuperSpeed
[    0.993144] xhci-hcd xhci-hcd.8.auto: xHCI Host Controller
[    0.993664] xhci-hcd xhci-hcd.8.auto: new USB bus registered, assigned bus number 5
[    0.994456] xhci-hcd xhci-hcd.8.auto: hcc params 0x0220fe64 hci version 0x110 quirks 0x0000808002000010
[    0.995335] xhci-hcd xhci-hcd.8.auto: irq 87, io mem 0xfe900000
[    0.996018] xhci-hcd xhci-hcd.8.auto: xHCI Host Controller
[    0.996538] xhci-hcd xhci-hcd.8.auto: new USB bus registered, assigned bus number 6
[    0.997223] xhci-hcd xhci-hcd.8.auto: Host supports USB 3.0 SuperSpeed
[   11.241682] platform sdio-pwrseq: deferred probe pending: pwrseq_simple: reset control not ready
[   22.167290] input: rk805 pwrkey as /devices/platform/ff3c0000.i2c/i2c-0/0-0020/rk805-pwrkey.3.auto/input/input0
[   28.587163] rk_gmac-dwmac fe300000.ethernet eth0: PHY [stmmac-0:00] driver [YT8521 Gigabit Ethernet] (irq=POLL)
[   28.599338] rk_gmac-dwmac fe300000.ethernet eth0: configuring for phy/rgmii link mode
[15167.494146] usb 3-1: new high-speed USB device number 2 using ehci-platform
[15172.410285] usb 3-1: USB disconnect, device number 2
[15172.722329] usb 3-1: new high-speed USB device number 3 using ehci-platform
[15418.480055] usb 3-1: USB disconnect, device number 3
[15418.801317] usb 3-1: new high-speed USB device number 4 using ehci-platform
[15423.065429] usb 3-1: reset high-speed USB device number 4 using ehci-platform
[15423.405571] usb 3-1: device descriptor read/64, error -71
[15423.654072] usb 3-1: device firmware changed
[15423.654948] usb 3-1: USB disconnect, device number 4
[15423.781239] usb 3-1: new high-speed USB device number 5 using ehci-platform
[16125.393834] usb 3-1: USB disconnect, device number 5
[16125.707163] usb 3-1: new high-speed USB device number 6 using ehci-platform
[16129.823154] usb 3-1: reset high-speed USB device number 6 using ehci-platform
[16130.167176] usb 3-1: device descriptor read/64, error -71
[16130.415659] usb 3-1: device firmware changed
[16130.416404] usb 3-1: USB disconnect, device number 6
[16130.547426] usb 3-1: new high-speed USB device number 7 using ehci-platform
[16378.211092] usb 3-1: USB disconnect, device number 7
[16378.522265] usb 3-1: new high-speed USB device number 8 using ehci-platform
[16382.674221] usb 3-1: reset high-speed USB device number 8 using ehci-platform
[16383.010266] usb 3-1: device descriptor read/64, error -71
[16383.258751] usb 3-1: device firmware changed
[16383.260276] usb 3-1: USB disconnect, device number 8
[16383.386244] usb 3-1: new high-speed USB device number 9 using ehci-platform
[16403.290941] usb 3-1: USB disconnect, device number 9
[16403.602183] usb 3-1: new high-speed USB device number 10 using ehci-platform
[16407.761977] usb 3-1: reset high-speed USB device number 10 using ehci-platform
[16408.097896] usb 3-1: device descriptor read/64, error -71
[16408.346681] usb 3-1: device firmware changed
[16408.347545] usb 3-1: USB disconnect, device number 10
[16408.474180] usb 3-1: new high-speed USB device number 11 using ehci-platform
