# Continue fixed official 4.4 DT export after SIGPIPE from tar|head
# time: 2026-07-03T20:14:03+08:00

================ verify retrieved tar ================
-rwxrwxrwx 1 root root 3399680 Jul  3 20:13 npu_dt_diff_official_fixed_20260703_201315/official4_4_live_dtfs_python.tar
d8ea5f709955cad85ee05b2f4bb2d7d2dab936503d364c25382e7113ec2ce79a  npu_dt_diff_official_fixed_20260703_201315/official4_4_live_dtfs_python.tar
name
model
compatible
serial-number
#address-cells
#size-cells
interrupt-parent
dmc/name
dmc/vop-pn-msch-readlatency
dmc/interrupts
dmc/ddr_timing
dmc/upthreshold
dmc/compatible
dmc/clock-names
dmc/operating-points-v2
dmc/vop-bw-dmc-freq
dmc/clocks
dmc/devfreq-events
dmc/system-status-freq
dmc/downdifferential
dmc/auto-freq-en
dmc/status
dmc/center-supply
dmc/phandle
dmc/auto-min-freq
hdmi-hdcp2@ff988000/reg
hdmi-hdcp2@ff988000/name
hdmi-hdcp2@ff988000/interrupts
hdmi-hdcp2@ff988000/compatible
hdmi-hdcp2@ff988000/clock-names
hdmi-hdcp2@ff988000/clocks
hdmi-hdcp2@ff988000/status
hdmi-hdcp2@ff988000/phandle
amba/name
amba/compatible
amba/ranges
amba/#address-cells
amba/#size-cells
amba/dma-controller@ff6d0000/reg
amba/dma-controller@ff6d0000/name
filelist lines=3398
================ decompile official live DT ================
4589 npu_dt_diff_official_fixed_20260703_201315/official4_4_live.dts
a143732771fc1b76037004840e0feee01f7cff9f2d8dd13fa445981dd143c702  npu_dt_diff_official_fixed_20260703_201315/official4_4_live.dts
1153-		compatible = "rockchip,rk3399-pcie-phy";
1154-		phandle = <0x97>;
1155-		reset-names = "phy";
1156-		resets = <0x08 0x87>;
1157-		rockchip,grf = <0x17>;
1158-		status = "okay";
1159-	};
1160-
1161:	pcie@f8000000 {
1162-		#address-cells = <0x03>;
1163-		#interrupt-cells = <0x01>;
1164-		#size-cells = <0x02>;
1165-		aspm-no-l0s;
1166-		bus-range = <0x00 0x1f>;
1167-		busno = <0x00>;
1168-		clock-names = "aclk\0aclk-perf\0hclk\0pm";
1169-		clocks = <0x08 0xc5 0x08 0xc4 0x08 0x147 0x08 0xa0>;
1170-		compatible = "rockchip,rk3399-pcie";
1171-		interrupt-map = <0x00 0x00 0x00 0x01 0x96 0x00 0x00 0x00 0x00 0x02 0x96 0x01 0x00 0x00 0x00 0x03 0x96 0x02 0x00 0x00 0x00 0x04 0x96 0x03>;
1172-		interrupt-map-mask = <0x00 0x00 0x00 0x07>;
1173-		interrupt-names = "sys\0legacy\0client";
1174-		interrupts = <0x00 0x31 0x04 0x00 0x00 0x32 0x04 0x00 0x00 0x33 0x04 0x00>;
1175-		linux,pci-domain = <0x00>;
1176-		max-link-speed = <0x01>;
1177-		memory-region = <0x99>;
1178-		msi-map = <0x00 0x95 0x00 0x1000>;
1179-		num-lanes = <0x04>;
1180-		phandle = <0x12f>;
1181-		phy-names = "pcie-phy";
1182-		phys = <0x97>;
1183-		pinctrl-0 = <0x98>;
1184-		pinctrl-names = "default";
1185-		power-domains = <0x16 0x0e>;
1186-		ranges = <0x83000000 0x00 0xfa000000 0x00 0xfa000000 0x00 0x1e00000 0x81000000 0x00 0xfbe00000 0x00 0xfbe00000 0x00 0x100000>;
1187-		reg = <0x00 0xf8000000 0x00 0x2000000 0x00 0xfd000000 0x00 0x1000000>;
1188-		reg-names = "axi-base\0apb-base";
1189-		reset-names = "core\0mgmt\0mgmt-sticky\0pipe\0pm\0pclk\0aclk";
1190-		resets = <0x08 0x82 0x08 0x83 0x08 0x84 0x08 0x85 0x08 0x86 0x08 0x81 0x08 0x80>;
1191-		rockchip,deferred = <0x01>;
1192-		rockchip,dma_trx_enabled = <0x01>;
1193-		status = "okay";
1194-
1195-		interrupt-controller {
1196-			#address-cells = <0x00>;
1197-			#interrupt-cells = <0x01>;
1198-			interrupt-controller;
1199-			phandle = <0x96>;
1200-		};
1201-	};
1202-
1203-	phy@ff7c0000 {
1204-		#phy-cells = <0x01>;
1205-		assigned-clock-rates = <0x2faf080>;
1206-		assigned-clocks = <0x08 0x7e>;
1207-		clock-names = "tcpdcore\0tcpdphy-ref";
1208-		clocks = <0x08 0x7e 0x08 0x7d>;
1209-		compatible = "rockchip,rk3399-typec-phy";
1210-		phandle = <0x141>;
1211-		power-domains = <0x16 0x08>;
1212-		reg = <0x00 0xff7c0000 0x00 0x40000>;
1213-		reset-names = "uphy\0uphy-pipe\0uphy-tcphy";
1214-		resets = <0x08 0x95 0x08 0x94 0x08 0x14c>;
1215-		rockchip,external-psm = <0xe588 0x0e 0x1e>;
1216-		rockchip,grf = <0x17>;
================ copy previous mainline and generate focused diffs ================
   7187 npu_dt_diff_official_fixed_20260703_201315/mainline_vs_official_live.diff
   1781 npu_dt_diff_official_fixed_20260703_201315/mainline_vs_official_live_pcie_npu.filtered.diff
     11 npu_dt_diff_official_fixed_20260703_201315/stable_vs_bad_pcie.diff
      8 npu_dt_diff_official_fixed_20260703_201315/stable_vs_bad_pcie.filtered.diff
   1781 npu_dt_diff_official_fixed_20260703_201315/mainline_vs_official_live_pcie_npu.filtered.diff
      8 npu_dt_diff_official_fixed_20260703_201315/stable_vs_bad_pcie.filtered.diff
  20739 npu_dt_diff_official_fixed_20260703_201315/mainline6_18_live.dts.relevant.txt
  20768 npu_dt_diff_official_fixed_20260703_201315/mainline_bad_pcie_boot.dts.relevant.txt
  20768 npu_dt_diff_official_fixed_20260703_201315/mainline_stable_boot.dts.relevant.txt
  24223 npu_dt_diff_official_fixed_20260703_201315/official4_4_live.dts.relevant.txt
  97274 total
================ decisive summary ================
## official4_4 pcie@f8000000
- status = "okay"
- compatible = "rockchip,rk3399-pcie"
- num-lanes = <0x04>
- max-link-speed = <0x01>
- pinctrl-0 = <0x98>
- phys = <0x97>
- phy-names = "pcie-phy"
- ranges = <0x83000000 0x00 0xfa000000 0x00 0xfa000000 0x00 0x1e00000 0x81000000 0x00 0xfbe00000 0x00 0xfbe00000 0x00 0x100000>
- reset-names = "core\0mgmt\0mgmt-sticky\0pipe\0pm\0pclk\0aclk"
## mainline6_18 pcie@f8000000
- status = "disabled"
- compatible = "rockchip,rk3399-pcie"
- num-lanes = <0x04>
- max-link-speed = <0x01>
- vpcie3v3-supply = <0x1d>
- vpcie1v8-supply = <0x1c>
- vpcie0v9-supply = <0x1b>
- pinctrl-0 = <0x1a>
- phys = <0x18 0x00 0x18 0x01 0x18 0x02 0x18 0x03>
- phy-names = "pcie-phy-0", "pcie-phy-1", "pcie-phy-2", "pcie-phy-3"
- ranges = <0x82000000 0x00 0xfa000000 0x00 0xfa000000 0x00 0x1e00000 0x81000000 0x00 0xfbe00000 0x00 0xfbe00000 0x00 0x100000>
- reset-names = "core", "mgmt", "mgmt-sticky", "pipe", "pm", "pclk", "aclk"
================ stable vs bad ================
2:+++ mainline_bad_pcie_boot.norm.dts	2026-07-03 20:14:05.510975500 +0800
5: 		resets = <0x08 0x82 0x08 0x83 0x08 0x84 0x08 0x85 0x08 0x86 0x08 0x81 0x08 0x80>;
6: 		reset-names = "core\0mgmt\0mgmt-sticky\0pipe\0pm\0pclk\0aclk";
7:-		status = "disabled";
8:+		status = "okay";
9: 		num-lanes = <0x04>;
10: 		pinctrl-0 = <0x1a>;
11: 		pinctrl-names = "default";
================ filtered diff first 220 ================
9:+	compatible = "rockchip,rk3399pro-evb-v13-linux\0rockchip,rk3399pro";
12:-	compatible = "radxa,rockpi-n10", "vamrs,rk3399pro-vmarc-som", "rockchip,rk3399pro";
16:-		pinctrl-names = "default";
18:-		pinctrl-0 = <0x40>;
19:-		clock-names = "i2c", "pclk";
20:-		assigned-clocks = <0x08 0x45>;
21:-		assigned-clock-rates = <0xbebc200>;
23:-		clocks = <0x08 0x45 0x08 0x159>;
25:-		compatible = "rockchip,rk3399-i2c";
26:-		status = "disabled";
31:-		pinctrl-names = "default";
32:-		pinctrl-0 = <0x8a>;
33:-		clocks = <0x7a 0x1e>;
35:-		compatible = "rockchip,rk3399-pwm", "rockchip,rk3288-pwm";
36:-		status = "okay";
60:-		clock-names = "tcpdcore", "tcpdphy-ref";
61:-		assigned-clocks = <0x08 0x7e>;
62:-		assigned-clock-rates = <0x2faf080>;
63:-		resets = <0x08 0x95 0x08 0x94 0x08 0x14c>;
64:-		clocks = <0x08 0x7e 0x08 0x7d>;
65:-		compatible = "rockchip,rk3399-typec-phy";
66:-		status = "okay";
69:-		reset-names = "uphy", "uphy-pipe", "uphy-tcphy";
73:+		compatible = "simple-bus";
74:+		ranges;
80:+			clock-names = "apb_pclk";
81:+			clocks = <0x08 0xd3>;
82:+			compatible = "arm,pl330\0arm,primecell";
93:+			clock-names = "apb_pclk";
94:+			clocks = <0x08 0xd4>;
95:+			compatible = "arm,pl330\0arm,primecell";
104:-		pinctrl-names = "default";
106:-		gpio = <0x3d 0x15 0x00>;
107:-		pinctrl-0 = <0xd3>;
111:-		compatible = "regulator-fixed";
115:+		bootargs = "storagemedia=emmc androidboot.storagemedia=emmc androidboot.mode=normal  androidboot.verifiedbootstate=orange androidboot.slot_suffix= androidboot.serialno=42cc03b9de2b73e6  rw rootwait earlycon=uart8250,mmio32,0xff1a0000 swiotlb=1 console=ttyFIQ0 root=PARTUUID=614e0000-0000 rootfstype=ext4 coherent_pool=1m";
119:-		pinctrl-names = "default";
120:-		pinctrl-0 = <0x89>;
121:-		clocks = <0x7a 0x1e>;
123:-		compatible = "rockchip,rk3399-pwm", "rockchip,rk3288-pwm";
125:+		clock-names = "aclk_isp0_noc\0aclk_isp0_wrapper\0hclk_isp0_noc\0hclk_isp0_wrapper\0clk_isp0\0pclk_dphyrx\0clk_cif_out\0clk_cif_pll\0pclk_dphy_ref";
126:+		clocks = <0x08 0xe7 0x08 0xe9 0x08 0x1e1 0x08 0x1e3 0x08 0x6e 0x08 0xa5 0x08 0x89 0x08 0x89 0x08 0x77>;
127:+		compatible = "rockchip,rk3399-cif-isp";
137: 		status = "disabled";
143:-		clock-names = "aclk", "iface";
145:-		clocks = <0x08 0xed 0x08 0x1ec>;
147:-		compatible = "rockchip,iommu";
150:+		clock-names = "aclk_isp1_noc\0aclk_isp1_wrapper\0hclk_isp1_noc\0hclk_isp1_wrapper\0clk_isp1\0pclkin_isp1\0pclk_dphytxrx\0pclk_mipi_dsi\0mipi_dphy_cfg\0clk_cif_out\0clk_cif_pll\0pclk_dphy_ref";
151:+		clocks = <0x08 0xe8 0x08 0xea 0x08 0x1e2 0x08 0x1e4 0x08 0x6f 0x08 0x17b 0x08 0xa4 0x08 0x171 0x08 0x78 0x08 0x89 0x08 0x89 0x08 0x77>;
152:+		compatible = "rockchip,rk3399-cif-isp";
162:+		status = "disabled";
167:-		compatible = "operating-points-v2";
168:+	clock-controller@ff760000 {
169:+		#clock-cells = <0x01>;
170:+		#reset-cells = <0x01>;
171:+		assigned-clock-rates = <0x47868c0 0x2faf080 0x2faf080 0x2faf080 0x2faf080 0x5f5e100 0x2faf080 0x8f0d180 0x8f0d180 0x8f0d180 0x2faf080 0x8f0d180 0x2faf080 0x5f5e100 0x47868c0 0x47868c0 0x30a32c00 0x30a32c00 0x23c34600 0xbebc200 0x2faf0800 0x8f0d180 0x47868c0 0x23c3460 0x11e1a300 0x5f5e100 0x2faf080 0x5f5e100 0x2faf080 0x5f5e100 0x5f5e100 0x5f5e100 0x5f5e100 0x5f5e100 0x5f5e100 0x2faf080 0x2faf080 0x2faf080 0x2faf080 0x2faf080 0xbebc200 0x17d78400 0x17d78400 0x5f5e100 0x5f5e100 0x5f5e100 0x17d78400 0x17d78400 0xbebc200 0x5f5e100 0xbebc200 0xbebc200 0x5f5e100 0x17d78400 0x17d78400 0x17d78400 0x17d78400 0x11e1a300 0x17d78400 0xbebc200 0x17d78400 0x11e1a300 0x11e1a300 0x11e1a300 0x11e1a300 0x23c34600 0x5f5e100 0x8f0d180 0x8f0d180 0x17d78400 0x5f5e100 0x17d78400 0x5f5e100>;
172:+		assigned-clocks = <0x08 0xc0 0x08 0xc2 0x08 0x1c2 0x08 0x4c 0x08 0xf0 0x08 0xcd 0x08 0x1cd 0x08 0x9f 0x08 0x9e 0x08 0xf4 0x08 0xbe 0x08 0xc9 0x08 0x186 0x08 0xd5 0x08 0x88 0x08 0x87 0x08 0x08 0x08 0x09 0x08 0x06 0x08 0xd0 0x08 0x05 0x08 0xc0 0x08 0x1c0 0x08 0x140 0x08 0xc2 0x08 0x1c1 0x08 0x142 0x08 0x1c2 0x08 0x143 0x08 0x41 0x08 0x42 0x08 0x43 0x08 0x44 0x08 0x45 0x08 0x46 0x08 0x47 0x08 0x48 0x08 0x49 0x08 0x4a 0x08 0x4b 0x08 0xfa 0x08 0xe5 0x08 0xe6 0x08 0x6b 0x08 0x6c 0x08 0x16a 0x08 0xde 0x08 0xe3 0x08 0x1cd 0x08 0x85 0x08 0x86 0x08 0x4e 0x08 0xf0 0x08 0xcd 0x08 0xe1 0x08 0xdc 0x08 0x6d 0x08 0xed 0x08 0xeb 0x08 0x178 0x08 0xd5 0x08 0x9f 0x08 0x9e 0x08 0xf4 0x08 0xbe 0x08 0xc9 0x08 0x186 0x08 0x88 0x08 0x87 0x08 0xd9 0x08 0x1d9 0x08 0xdb 0x08 0x1db>;
173:+		compatible = "rockchip,rk3399-cru";
182:+		compatible = "rockchip,cpuinfo";
229:+			clocks = <0x08 0x08>;
230:+			compatible = "arm,cortex-a53\0arm,armv8";
245:-			clock-latency-ns = <0x9c40>;
247:+			clocks = <0x08 0x08>;
248:+			compatible = "arm,cortex-a53\0arm,armv8";
265:+			clocks = <0x08 0x09>;
266:+			compatible = "arm,cortex-a72\0arm,armv8";
282:+			clocks = <0x08 0x09>;
283:+			compatible = "arm,cortex-a72\0arm,armv8";
299:+			clocks = <0x08 0x08>;
300:+			compatible = "arm,cortex-a53\0arm,armv8";
316:+			clocks = <0x08 0x08>;
317:+			compatible = "arm,cortex-a53\0arm,armv8";
337:+				compatible = "arm,idle-state";
347:+				compatible = "arm,idle-state";
358:-		pinctrl-names = "default";
361:+		compatible = "rockchip,ddr-timing";
394:+		clock-names = "pclk_ddr_mon";
395:+		clocks = <0x08 0x179>;
396:+		compatible = "rockchip,rk3399-dfi";
400:+		status = "okay";
404:+		clock-names = "hdmi-tmds-pll\0default-vop-pll";
405:+		clocks = <0x08 0x07 0x08 0x04>;
406:+		compatible = "rockchip,display-subsystem";
411:+		status = "okay";
422:+				status = "disabled";
432:+				status = "disabled";
451:+				status = "okay";
467:+		clock-names = "dmc_clk";
468:+		clocks = <0x08 0xaa>;
469:+		compatible = "rockchip,rk3399-dmc";
476:+		status = "okay";
477:+		system-status-freq = <0x01 0xc3500 0x08 0x80e80 0x02 0x30d40 0x20 0x30d40 0x10 0x927c0 0x10000 0xc3500 0x2000 0xc3500 0x1000 0x61a80 0xc00 0x927c0 0x4000 0x927c0>;
485:-		pinctrl-0 = <0x4c 0x4d 0x4e 0x4f>;
486:-		clock-names = "spiclk", "apb_pclk";
488:-		clocks = <0x08 0x48 0x08 0x15c>;
491:-		compatible = "rockchip,rk3399-spi", "rockchip,rk3066-spi";
493:+		assigned-clock-rates = <0x5f5e100 0xbebc200>;
494:+		assigned-clocks = <0x08 0x72 0x08 0xa1>;
495:+		clock-names = "core-clk\0pclk\0spdif\0grf";
496:+		clocks = <0x08 0x72 0x08 0x175 0x08 0xa1 0x08 0x16f>;
497:+		compatible = "rockchip,rk3399-cdn-dp";
503:+		reset-names = "spdif\0dptx\0apb\0core";
504:+		resets = <0x08 0x103 0x08 0x148 0x08 0x14a 0x08 0xfd>;
506: 		status = "disabled";
529:+					status = "disabled";
536:-		clock-names = "apb_pclk";
538:-		clocks = <0x08 0xd4>;
540:-		compatible = "arm,pl330", "arm,primecell";
545:+		clock-names = "ref\0pclk\0phy_cfg";
546:+		clocks = <0x08 0xa2 0x08 0x170 0x08 0xa3>;
547:+		compatible = "rockchip,rk3399-mipi-dsi";
553:+		reset-names = "apb";
554:+		resets = <0x08 0xfb>;
556:+		status = "disabled";
581:-		pinctrl-names = "bclk_on", "bclk_off";
582:-		pinctrl-0 = <0x94>;
583:-		clock-names = "i2s_clk", "i2s_hclk";
585:-		clocks = <0x08 0x56 0x08 0x1d4>;
588:-		compatible = "rockchip,rk3399-i2s", "rockchip,rk3066-i2s";
589:-		pinctrl-1 = <0x95>;
593:+		clock-names = "ref\0pclk\0phy_cfg";
594:+		clocks = <0x08 0xa2 0x08 0x171 0x08 0xa4>;
595:+		compatible = "rockchip,rk3399-mipi-dsi";
600:+		reset-names = "apb";
601:+		resets = <0x08 0xfc>;
603: 		status = "disabled";
631:+		#clock-cells = <0x00>;
632:+		clock-frequency = <0x00>;
633:+		clock-output-names = "dummy_cpll";
634:+		compatible = "fixed-clock";
639:+		#clock-cells = <0x00>;
640:+		clock-frequency = <0x00>;
641:+		clock-output-names = "dummy_vpll";
642:+		compatible = "fixed-clock";
650:+		clock-freq-min-max = <0x30d40 0x8f0d180>;
651:+		clock-frequency = <0x8f0d180>;
652:+		clock-names = "biu\0ciu\0ciu-drive\0ciu-sample";
653:+		clocks = <0x08 0x1ee 0x08 0x4d 0x08 0x9c 0x08 0x9d>;
654:+		compatible = "rockchip,rk3399-dw-mshc\0rockchip,rk3288-dw-mshc";
664:+		pinctrl-0 = <0x1d 0x1e 0x1f>;
665: 		pinctrl-names = "default";
666:-		pinctrl-0 = <0x88>;
667:-		clocks = <0x7a 0x1e>;
669:-		compatible = "rockchip,rk3399-pwm", "rockchip,rk3288-pwm";
672:+		reset-names = "reset";
673:+		resets = <0x08 0x79>;
675: 		status = "okay";
681:-		clock-names = "apb_pclk";
682:-		clocks = <0x08 0x14c>;
684:-		compatible = "arm,coresight-cpu-debug", "arm,primecell";
687:+		assigned-clock-rates = <0xbebc200>;
688:+		assigned-clocks = <0x08 0x1cd>;
692:+		clock-freq-min-max = <0x61a80 0x8f0d180>;
693:+		clock-frequency = <0x8f0d180>;
694:+		clock-names = "biu\0ciu\0ciu-drive\0ciu-sample";
695:+		clocks = <0x08 0x1ce 0x08 0x4c 0x08 0x9a 0x08 0x9b>;
696:+		compatible = "rockchip,rk3399-dw-mshc\0rockchip,rk3288-dw-mshc";
703:+		pinctrl-0 = <0x22 0x23 0x24 0x25>;
704:+		pinctrl-names = "default";
707:+		reset-names = "reset";
708:+		resets = <0x08 0x7a>;
713:+		status = "okay";
719:-	pinctrl {
722:-		compatible = "rockchip,rk3399-pinctrl";
724:-		ranges;
727:+		clock-names = "dp\0pclk";
728:+		clocks = <0x08 0x16a 0x08 0x16c>;
729:+		compatible = "rockchip,rk3399-edp";
734:+		reset-names = "dp";
735:+		resets = <0x08 0x11d>;
737:+		status = "disabled";
745:-				rockchip,pins = <0x04 0x11 0x01 0xb5 0x04 0x10 0x01 0xb5>;
756:+					status = "disabled";
772:+		clock-names = "pclk_efuse";
773:+		clocks = <0x08 0x17d>;
774:+		compatible = "rockchip,rk3399-efuse";
778:-			aw9523-reset {
779:-				rockchip,pins = <0x01 0x0a 0x00 0xd4>;
787:-		npu {
793:-			npu-ref-clk {
794:-				rockchip,pins = <0x00 0x02 0x01 0xb5>;
802:-		clock {
809:-				rockchip,pins = <0x00 0x00 0x02 0xb5>;
823:-				rockchip,pins = <0x02 0x0b 0x01 0xb8>;
833:-				rockchip,pins = <0x02 0x0c 0x01 0xb8>;
843:-				rockchip,pins = <0x02 0x0a 0x01 0xb8>;
849:-				rockchip,pins = <0x02 0x09 0x01 0xb8>;
876:-		gpio@ff720000 {
877:-			gpio-controller;
879:-			clocks = <0x7a 0x17>;
880:-			compatible = "rockchip,gpio-bank";
887:-			#gpio-cells = <0x02>;
892:-		pcfg-input-pull-up {
894:-			input-enable;
896:+		assigned-clock-parents = <0x1a>;
897:+		assigned-clocks = <0x08 0xa6>;
898:+		clock-names = "stmmaceth\0mac_clk_rx\0mac_clk_tx\0clk_mac_ref\0clk_mac_refout\0aclk_mac\0pclk_mac";
899:+		clocks = <0x08 0x69 0x08 0x67 0x08 0x68 0x08 0x66 0x08 0x6a 0x08 0xd5 0x08 0x166>;
900:+		clock_in_out = "input";
901:+		compatible = "rockchip,rk3399-gmac";
908:+		pinctrl-0 = <0x1b>;
909:+		pinctrl-names = "default";
912:+		reset-names = "stmmaceth";
913:+		resets = <0x08 0x89>;
916:+		snps,reset-active-low;
917:+		snps,reset-delays-us = <0x00 0x2710 0xc350>;
918:+		snps,reset-gpio = <0x19 0x0f 0x01>;
919:+		status = "okay";
923:+	external-gmac-clock {
924:+		#clock-cells = <0x00>;
925:+		clock-frequency = <0x7735940>;
926:+		clock-output-names = "clkin_gmac";
927:+		compatible = "fixed-clock";
932:+		compatible = "rockchip,fiq-debugger";
935:+		pinctrl-0 = <0x51>;
936:+		pinctrl-names = "default";
946:+		clock-names = "clk_mali";
947:+		clocks = <0x08 0xd0>;
948:+		compatible = "arm,malit860\0arm,malit86x\0arm,malit8xx\0arm,mali-midgard";
957:+		status = "okay";
================ git commit/push ================
