# Continue minimal PCIe DTB test: recover boot DTB path first
# time: 2026-07-03T18:46:02+08:00

================ REMOTE: exhaustive boot/DTB discovery ================
== uname ==
Linux armbian 6.18.33 #1 SMP PREEMPT Fri Jun 26 05:37:52 UTC 2026 aarch64 GNU/Linux
\n== mounts/block/partitions ==
TARGET                                          SOURCE         FSTYPE     OPTIONS
/                                               /dev/mmcblk1p2 ext4       rw,relatime,data=writeback
|-/dev                                          devtmpfs       devtmpfs   rw,relatime,size=1896052k,nr_inodes=474013,mode=755
| |-/dev/shm                                    tmpfs          tmpfs      rw,nosuid,nodev
| |-/dev/pts                                    devpts         devpts     rw,nosuid,noexec,relatime,gid=5,mode=600,ptmxmode=000
| |-/dev/hugepages                              hugetlbfs      hugetlbfs  rw,nosuid,nodev,relatime,pagesize=2M
| `-/dev/mqueue                                 mqueue         mqueue     rw,nosuid,nodev,noexec,relatime
|-/proc                                         proc           proc       rw,nosuid,nodev,noexec,relatime
|-/sys                                          sysfs          sysfs      rw,nosuid,nodev,noexec,relatime
| |-/sys/kernel/security                        securityfs     securityfs rw,nosuid,nodev,noexec,relatime
| |-/sys/fs/cgroup                              cgroup2        cgroup2    rw,nosuid,nodev,noexec,relatime,nsdelegate,memory_recursiveprot
| |-/sys/fs/pstore                              none           pstore     rw,nosuid,nodev,noexec,relatime
| |-/sys/fs/bpf                                 bpf            bpf        rw,nosuid,nodev,noexec,relatime,mode=700
| |-/sys/kernel/debug                           debugfs        debugfs    rw,nosuid,nodev,noexec,relatime
| `-/sys/fs/fuse/connections                    fusectl        fusectl    rw,nosuid,nodev,noexec,relatime
|-/run                                          tmpfs          tmpfs      rw,nosuid,nodev,size=767292k,nr_inodes=819200,mode=755
| |-/run/lock                                   tmpfs          tmpfs      rw,nosuid,nodev,noexec,relatime,size=5120k
| |-/run/credentials/systemd-journald.service   tmpfs          tmpfs      ro,nosuid,nodev,noexec,relatime,nosymfollow,size=1024k,nr_inodes=1024,mode=700,noswap
| |-/run/user/0                                 tmpfs          tmpfs      rw,nosuid,nodev,relatime,size=383644k,nr_inodes=95911,mode=700
| |-/run/credentials/getty@tty1.service         tmpfs          tmpfs      ro,nosuid,nodev,noexec,relatime,nosymfollow,size=1024k,nr_inodes=1024,mode=700,noswap
| `-/run/credentials/serial-getty@ttyS2.service tmpfs          tmpfs      ro,nosuid,nodev,noexec,relatime,nosymfollow,size=1024k,nr_inodes=1024,mode=700,noswap
`-/tmp                                          tmpfs          tmpfs      rw,nosuid,nodev,nr_inodes=1048576
NAME         FSTYPE FSVER LABEL  UUID                                 FSAVAIL FSUSE% MOUNTPOINTS
mmcblk0
|-mmcblk0p1
|-mmcblk0p2
|-mmcblk0p3
|-mmcblk0p4
|-mmcblk0p5
`-mmcblk0p6  ext4   1.0          e8be8b6f-5850-488a-92df-0476c3353186
mmcblk0boot0
mmcblk0boot1
mmcblk1
|-mmcblk1p1  ext4   1.0   BOOT   955919d4-e37d-4c44-99d6-c0a5552f798c
`-mmcblk1p2  ext4   1.0   ROOTFS d52f7f8b-fa0e-4c9f-a552-d6df4329ac87   10.6G    22% /
major minor  #blocks  name

 179        0   15388672 mmcblk0
 179        1       4096 mmcblk0p1
 179        2       4096 mmcblk0p2
 179        3      32768 mmcblk0p3
 179        4      98304 mmcblk0p4
 179        5      32768 mmcblk0p5
 179        6   15204335 mmcblk0p6
 179       32       4096 mmcblk0boot0
 179       64       4096 mmcblk0boot1
 179       96   15101952 mmcblk1
 179       97     523264 mmcblk1p1
 179       98   14561263 mmcblk1p2
\n== /boot tree ==
total 8
drwxr-xr-x  2 root root 4096 Jun 11 18:58 .
drwxrwxrwx 21 root root 4096 Jul  3 11:31 ..
-rw-r--r--  1 root root    0 Jun  1 18:29 .next
-rw-r--r-- 0 /boot/.next ->
drwxr-xr-x 4096 /boot ->
\n== boot config files content ==
\n== candidate dtb files everywhere likely dirs ==
\n== live dt model/compatible/status ==
--- /sys/firmware/devicetree/base/model ---
Radxa ROCK Pi N10
--- /sys/firmware/devicetree/base/compatible ---
radxa,rockpi-n10
vamrs,rk3399pro-vmarc-som
rockchip,rk3399pro
--- /sys/firmware/devicetree/base/pcie@f8000000/status ---
disabled
\n== sha256 of possible dtbs and compare rough strings ==

Selected remote DTB:
