npu_dt_diff_official_fixed_20260703_201315/official4_4_live.dts: Warning (unit_address_vs_reg): /memory: node has a reg or ranges property, but no unit name
npu_dt_diff_official_fixed_20260703_201315/official4_4_live.dts: Warning (unit_address_format): /reserved-memory/drm-logo@00000000: unit name should not have leading 0s
npu_dt_diff_official_fixed_20260703_201315/official4_4_live.dts: Warning (unit_address_format): /i2c@ff160000/wk2204@01: unit name should not have leading 0s
npu_dt_diff_official_fixed_20260703_201315/official4_4_live.dts: Warning (i2c_bus_reg): /i2c@ff160000/wk2204@01: I2C bus unit address format error, expected "1"
npu_dt_diff_official_fixed_20260703_201315/official4_4_live.dts: Warning (avoid_unnecessary_addr_size): /dp@fec00000: unnecessary #address-cells/#size-cells without "ranges", "dma-ranges" or child "reg" property
npu_dt_diff_official_fixed_20260703_201315/official4_4_live.dts: Warning (avoid_unnecessary_addr_size): /dp@fec00000/ports: unnecessary #address-cells/#size-cells without "ranges", "dma-ranges" or child "reg" property
npu_dt_diff_official_fixed_20260703_201315/official4_4_live.dts: Warning (avoid_unnecessary_addr_size): /dsi@ff960000: unnecessary #address-cells/#size-cells without "ranges", "dma-ranges" or child "reg" property
npu_dt_diff_official_fixed_20260703_201315/official4_4_live.dts: Warning (avoid_unnecessary_addr_size): /dsi@ff968000: unnecessary #address-cells/#size-cells without "ranges", "dma-ranges" or child "reg" property
npu_dt_diff_official_fixed_20260703_201315/official4_4_live.dts: Warning (avoid_unnecessary_addr_size): /syscon@ff320000: unnecessary #address-cells/#size-cells without "ranges", "dma-ranges" or child "reg" property
npu_dt_diff_official_fixed_20260703_201315/official4_4_live.dts: Warning (unique_unit_address): /cif_isp@ff910000: duplicate unit-address (also used in node /rkisp1@ff910000)
npu_dt_diff_official_fixed_20260703_201315/official4_4_live.dts: Warning (unique_unit_address): /cif_isp@ff920000: duplicate unit-address (also used in node /rkisp1@ff920000)
npu_dt_diff_official_fixed_20260703_201315/official4_4_live.dts: Warning (unique_unit_address): /dsi@ff968000: duplicate unit-address (also used in node /mipi-dphy-tx1rx1@ff968000)
npu_dt_diff_official_fixed_20260703_201315/official4_4_live.dts: Warning (clocks_property): /amba/dma-controller@ff6d0000:clocks: cell 0 is not a phandle reference
npu_dt_diff_official_fixed_20260703_201315/official4_4_live.dts: Warning (clocks_property): /amba/dma-controller@ff6e0000:clocks: cell 0 is not a phandle reference
npu_dt_diff_official_fixed_20260703_201315/official4_4_live.dts: Warning (clocks_property): /cif_isp@ff910000:clocks: cell 0 is not a phandle reference
npu_dt_diff_official_fixed_20260703_201315/official4_4_live.dts: Warning (clocks_property): /cif_isp@ff910000:clocks: cell 2 is not a phandle reference
npu_dt_diff_official_fixed_20260703_201315/official4_4_live.dts: Warning (clocks_property): /cif_isp@ff910000:clocks: cell 4 is not a phandle reference
npu_dt_diff_official_fixed_20260703_201315/official4_4_live.dts: Warning (clocks_property): /cif_isp@ff910000:clocks: cell 6 is not a phandle reference
npu_dt_diff_official_fixed_20260703_201315/official4_4_live.dts: Warning (clocks_property): /cif_isp@ff910000:clocks: cell 8 is not a phandle reference
npu_dt_diff_official_fixed_20260703_201315/official4_4_live.dts: Warning (clocks_property): /cif_isp@ff910000:clocks: cell 10 is not a phandle reference
npu_dt_diff_official_fixed_20260703_201315/official4_4_live.dts: Warning (clocks_property): /cif_isp@ff910000:clocks: cell 12 is not a phandle reference
npu_dt_diff_official_fixed_20260703_201315/official4_4_live.dts: Warning (clocks_property): /cif_isp@ff910000:clocks: cell 14 is not a phandle reference
npu_dt_diff_official_fixed_20260703_201315/official4_4_live.dts: Warning (clocks_property): /cif_isp@ff910000:clocks: cell 16 is not a phandle reference
npu_dt_diff_official_fixed_20260703_201315/official4_4_live.dts: Warning (clocks_property): /cif_isp@ff920000:clocks: cell 0 is not a phandle reference
npu_dt_diff_official_fixed_20260703_201315/official4_4_live.dts: Warning (clocks_property): /cif_isp@ff920000:clocks: cell 2 is not a phandle reference
npu_dt_diff_official_fixed_20260703_201315/official4_4_live.dts: Warning (clocks_property): /cif_isp@ff920000:clocks: cell 4 is not a phandle reference
npu_dt_diff_official_fixed_20260703_201315/official4_4_live.dts: Warning (clocks_property): /cif_isp@ff920000:clocks: cell 6 is not a phandle reference
npu_dt_diff_official_fixed_20260703_201315/official4_4_live.dts: Warning (clocks_property): /cif_isp@ff920000:clocks: cell 8 is not a phandle reference
npu_dt_diff_official_fixed_20260703_201315/official4_4_live.dts: Warning (clocks_property): /cif_isp@ff920000:clocks: cell 10 is not a phandle reference
npu_dt_diff_official_fixed_20260703_201315/official4_4_live.dts: Warning (clocks_property): /cif_isp@ff920000:clocks: cell 12 is not a phandle reference
npu_dt_diff_official_fixed_20260703_201315/official4_4_live.dts: Warning (clocks_property): /cif_isp@ff920000:clocks: cell 14 is not a phandle reference
npu_dt_diff_official_fixed_20260703_201315/official4_4_live.dts: Warning (clocks_property): /cif_isp@ff920000:clocks: cell 16 is not a phandle reference
npu_dt_diff_official_fixed_20260703_201315/official4_4_live.dts: Warning (clocks_property): /cif_isp@ff920000:clocks: cell 18 is not a phandle reference
npu_dt_diff_official_fixed_20260703_201315/official4_4_live.dts: Warning (clocks_property): /cif_isp@ff920000:clocks: cell 20 is not a phandle reference
npu_dt_diff_official_fixed_20260703_201315/official4_4_live.dts: Warning (clocks_property): /cif_isp@ff920000:clocks: cell 22 is not a phandle reference
npu_dt_diff_official_fixed_20260703_201315/official4_4_live.dts: Warning (clocks_property): /cpus/cpu@0:clocks: cell 0 is not a phandle reference
npu_dt_diff_official_fixed_20260703_201315/official4_4_live.dts: Warning (clocks_property): /cpus/cpu@1:clocks: cell 0 is not a phandle reference
npu_dt_diff_official_fixed_20260703_201315/official4_4_live.dts: Warning (clocks_property): /cpus/cpu@100:clocks: cell 0 is not a phandle reference
npu_dt_diff_official_fixed_20260703_201315/official4_4_live.dts: Warning (clocks_property): /cpus/cpu@101:clocks: cell 0 is not a phandle reference
npu_dt_diff_official_fixed_20260703_201315/official4_4_live.dts: Warning (clocks_property): /cpus/cpu@2:clocks: cell 0 is not a phandle reference
npu_dt_diff_official_fixed_20260703_201315/official4_4_live.dts: Warning (clocks_property): /cpus/cpu@3:clocks: cell 0 is not a phandle reference
npu_dt_diff_official_fixed_20260703_201315/official4_4_live.dts: Warning (clocks_property): /dfi@ff630000:clocks: cell 0 is not a phandle reference
npu_dt_diff_official_fixed_20260703_201315/official4_4_live.dts: Warning (clocks_property): /display-subsystem:clocks: cell 0 is not a phandle reference
npu_dt_diff_official_fixed_20260703_201315/official4_4_live.dts: Warning (clocks_property): /display-subsystem:clocks: cell 2 is not a phandle reference
npu_dt_diff_official_fixed_20260703_201315/official4_4_live.dts: Warning (clocks_property): /dmc:clocks: cell 0 is not a phandle reference
npu_dt_diff_official_fixed_20260703_201315/official4_4_live.dts: Warning (clocks_property): /dp@fec00000:clocks: cell 0 is not a phandle reference
npu_dt_diff_official_fixed_20260703_201315/official4_4_live.dts: Warning (clocks_property): /dp@fec00000:clocks: cell 2 is not a phandle reference
npu_dt_diff_official_fixed_20260703_201315/official4_4_live.dts: Warning (clocks_property): /dp@fec00000:clocks: cell 4 is not a phandle reference
npu_dt_diff_official_fixed_20260703_201315/official4_4_live.dts: Warning (clocks_property): /dp@fec00000:clocks: cell 6 is not a phandle reference
npu_dt_diff_official_fixed_20260703_201315/official4_4_live.dts: Warning (clocks_property): /dsi@ff960000:clocks: cell 0 is not a phandle reference
npu_dt_diff_official_fixed_20260703_201315/official4_4_live.dts: Warning (clocks_property): /dsi@ff960000:clocks: cell 2 is not a phandle reference
npu_dt_diff_official_fixed_20260703_201315/official4_4_live.dts: Warning (clocks_property): /dsi@ff960000:clocks: cell 4 is not a phandle reference
npu_dt_diff_official_fixed_20260703_201315/official4_4_live.dts: Warning (clocks_property): /dsi@ff968000:clocks: cell 0 is not a phandle reference
npu_dt_diff_official_fixed_20260703_201315/official4_4_live.dts: Warning (clocks_property): /dsi@ff968000:clocks: cell 2 is not a phandle reference
npu_dt_diff_official_fixed_20260703_201315/official4_4_live.dts: Warning (clocks_property): /dsi@ff968000:clocks: cell 4 is not a phandle reference
npu_dt_diff_official_fixed_20260703_201315/official4_4_live.dts: Warning (clocks_property): /dwmmc@fe310000:clocks: cell 0 is not a phandle reference
npu_dt_diff_official_fixed_20260703_201315/official4_4_live.dts: Warning (clocks_property): /dwmmc@fe310000:clocks: cell 2 is not a phandle reference
npu_dt_diff_official_fixed_20260703_201315/official4_4_live.dts: Warning (clocks_property): /dwmmc@fe310000:clocks: cell 4 is not a phandle reference
npu_dt_diff_official_fixed_20260703_201315/official4_4_live.dts: Warning (clocks_property): /dwmmc@fe310000:clocks: cell 6 is not a phandle reference
npu_dt_diff_official_fixed_20260703_201315/official4_4_live.dts: Warning (clocks_property): /dwmmc@fe320000:clocks: cell 0 is not a phandle reference
npu_dt_diff_official_fixed_20260703_201315/official4_4_live.dts: Warning (clocks_property): /dwmmc@fe320000:clocks: cell 2 is not a phandle reference
npu_dt_diff_official_fixed_20260703_201315/official4_4_live.dts: Warning (clocks_property): /dwmmc@fe320000:clocks: cell 4 is not a phandle reference
npu_dt_diff_official_fixed_20260703_201315/official4_4_live.dts: Warning (clocks_property): /dwmmc@fe320000:clocks: cell 6 is not a phandle reference
npu_dt_diff_official_fixed_20260703_201315/official4_4_live.dts: Warning (clocks_property): /edp@ff970000:clocks: cell 0 is not a phandle reference
npu_dt_diff_official_fixed_20260703_201315/official4_4_live.dts: Warning (clocks_property): /edp@ff970000:clocks: cell 2 is not a phandle reference
npu_dt_diff_official_fixed_20260703_201315/official4_4_live.dts: Warning (clocks_property): /efuse@ff690000:clocks: cell 0 is not a phandle reference
npu_dt_diff_official_fixed_20260703_201315/official4_4_live.dts: Warning (clocks_property): /ethernet@fe300000:clocks: cell 0 is not a phandle reference
npu_dt_diff_official_fixed_20260703_201315/official4_4_live.dts: Warning (clocks_property): /ethernet@fe300000:clocks: cell 2 is not a phandle reference
npu_dt_diff_official_fixed_20260703_201315/official4_4_live.dts: Warning (clocks_property): /ethernet@fe300000:clocks: cell 4 is not a phandle reference
npu_dt_diff_official_fixed_20260703_201315/official4_4_live.dts: Warning (clocks_property): /ethernet@fe300000:clocks: cell 6 is not a phandle reference
npu_dt_diff_official_fixed_20260703_201315/official4_4_live.dts: Warning (clocks_property): /ethernet@fe300000:clocks: cell 8 is not a phandle reference
npu_dt_diff_official_fixed_20260703_201315/official4_4_live.dts: Warning (clocks_property): /ethernet@fe300000:clocks: cell 10 is not a phandle reference
npu_dt_diff_official_fixed_20260703_201315/official4_4_live.dts: Warning (clocks_property): /ethernet@fe300000:clocks: cell 12 is not a phandle reference
npu_dt_diff_official_fixed_20260703_201315/official4_4_live.dts: Warning (clocks_property): /gpu@ff9a0000:clocks: cell 0 is not a phandle reference
npu_dt_diff_official_fixed_20260703_201315/official4_4_live.dts: Warning (clocks_property): /hdmi-hdcp2@ff988000:clocks: cell 0 is not a phandle reference
npu_dt_diff_official_fixed_20260703_201315/official4_4_live.dts: Warning (clocks_property): /hdmi-hdcp2@ff988000:clocks: cell 2 is not a phandle reference
npu_dt_diff_official_fixed_20260703_201315/official4_4_live.dts: Warning (clocks_property): /hdmi-hdcp2@ff988000:clocks: cell 4 is not a phandle reference
npu_dt_diff_official_fixed_20260703_201315/official4_4_live.dts: Warning (clocks_property): /opp-table0:clocks: cell 0 is not a phandle reference
npu_dt_diff_official_fixed_20260703_201315/official4_4_live.dts: Warning (clocks_property): /opp-table1:clocks: cell 0 is not a phandle reference
npu_dt_diff_official_fixed_20260703_201315/official4_4_live.dts: Warning (clocks_property): /pcie-phy:clocks: cell 0 is not a phandle reference
npu_dt_diff_official_fixed_20260703_201315/official4_4_live.dts: Warning (clocks_property): /pcie@f8000000:clocks: cell 0 is not a phandle reference
npu_dt_diff_official_fixed_20260703_201315/official4_4_live.dts: Warning (clocks_property): /pcie@f8000000:clocks: cell 2 is not a phandle reference
npu_dt_diff_official_fixed_20260703_201315/official4_4_live.dts: Warning (clocks_property): /pcie@f8000000:clocks: cell 4 is not a phandle reference
npu_dt_diff_official_fixed_20260703_201315/official4_4_live.dts: Warning (clocks_property): /pcie@f8000000:clocks: cell 6 is not a phandle reference
npu_dt_diff_official_fixed_20260703_201315/official4_4_live.dts: Warning (clocks_property): /phy@ff7c0000:clocks: cell 0 is not a phandle reference
npu_dt_diff_official_fixed_20260703_201315/official4_4_live.dts: Warning (clocks_property): /phy@ff7c0000:clocks: cell 2 is not a phandle reference
npu_dt_diff_official_fixed_20260703_201315/official4_4_live.dts: Warning (clocks_property): /phy@ff800000:clocks: cell 0 is not a phandle reference
npu_dt_diff_official_fixed_20260703_201315/official4_4_live.dts: Warning (clocks_property): /phy@ff800000:clocks: cell 2 is not a phandle reference
npu_dt_diff_official_fixed_20260703_201315/official4_4_live.dts: Warning (clocks_property): /pinctrl/gpio0@ff720000:clocks: cell 0 is not a phandle reference
npu_dt_diff_official_fixed_20260703_201315/official4_4_live.dts: Warning (clocks_property): /pinctrl/gpio1@ff730000:clocks: cell 0 is not a phandle reference
npu_dt_diff_official_fixed_20260703_201315/official4_4_live.dts: Warning (clocks_property): /pinctrl/gpio2@ff780000:clocks: cell 0 is not a phandle reference
npu_dt_diff_official_fixed_20260703_201315/official4_4_live.dts: Warning (clocks_property): /pinctrl/gpio3@ff788000:clocks: cell 0 is not a phandle reference
npu_dt_diff_official_fixed_20260703_201315/official4_4_live.dts: Warning (clocks_property): /pinctrl/gpio4@ff790000:clocks: cell 0 is not a phandle reference
npu_dt_diff_official_fixed_20260703_201315/official4_4_live.dts: Warning (clocks_property): /power-management@ff310000/power-controller/pd_edp@25:clocks: cell 0 is not a phandle reference
npu_dt_diff_official_fixed_20260703_201315/official4_4_live.dts: Warning (clocks_property): /power-management@ff310000/power-controller/pd_emmc@23:clocks: cell 0 is not a phandle reference
npu_dt_diff_official_fixed_20260703_201315/official4_4_live.dts: Warning (clocks_property): /power-management@ff310000/power-controller/pd_gmac@22:clocks: cell 0 is not a phandle reference
npu_dt_diff_official_fixed_20260703_201315/official4_4_live.dts: Warning (clocks_property): /power-management@ff310000/power-controller/pd_gmac@22:clocks: cell 2 is not a phandle reference
npu_dt_diff_official_fixed_20260703_201315/official4_4_live.dts: Warning (clocks_property): /power-management@ff310000/power-controller/pd_gpu@35:clocks: cell 0 is not a phandle reference
npu_dt_diff_official_fixed_20260703_201315/official4_4_live.dts: Warning (clocks_property): /power-management@ff310000/power-controller/pd_iep@34:clocks: cell 0 is not a phandle reference
npu_dt_diff_official_fixed_20260703_201315/official4_4_live.dts: Warning (clocks_property): /power-management@ff310000/power-controller/pd_iep@34:clocks: cell 2 is not a phandle reference
npu_dt_diff_official_fixed_20260703_201315/official4_4_live.dts: Warning (clocks_property): /power-management@ff310000/power-controller/pd_perihp@14:clocks: cell 0 is not a phandle reference
npu_dt_diff_official_fixed_20260703_201315/official4_4_live.dts: Warning (clocks_property): /power-management@ff310000/power-controller/pd_perihp@14/pd_sd@27:clocks: cell 0 is not a phandle reference
npu_dt_diff_official_fixed_20260703_201315/official4_4_live.dts: Warning (clocks_property): /power-management@ff310000/power-controller/pd_perihp@14/pd_sd@27:clocks: cell 2 is not a phandle reference
npu_dt_diff_official_fixed_20260703_201315/official4_4_live.dts: Warning (clocks_property): /power-management@ff310000/power-controller/pd_rga@33:clocks: cell 0 is not a phandle reference
npu_dt_diff_official_fixed_20260703_201315/official4_4_live.dts: Warning (clocks_property): /power-management@ff310000/power-controller/pd_rga@33:clocks: cell 2 is not a phandle reference
npu_dt_diff_official_fixed_20260703_201315/official4_4_live.dts: Warning (clocks_property): /power-management@ff310000/power-controller/pd_sdioaudio@28:clocks: cell 0 is not a phandle reference
npu_dt_diff_official_fixed_20260703_201315/official4_4_live.dts: Warning (clocks_property): /power-management@ff310000/power-controller/pd_usb3@24:clocks: cell 0 is not a phandle reference
npu_dt_diff_official_fixed_20260703_201315/official4_4_live.dts: Warning (clocks_property): /power-management@ff310000/power-controller/pd_vcodec@31:clocks: cell 0 is not a phandle reference
npu_dt_diff_official_fixed_20260703_201315/official4_4_live.dts: Warning (clocks_property): /power-management@ff310000/power-controller/pd_vcodec@31:clocks: cell 2 is not a phandle reference
npu_dt_diff_official_fixed_20260703_201315/official4_4_live.dts: Warning (clocks_property): /power-management@ff310000/power-controller/pd_vdu@32:clocks: cell 0 is not a phandle reference
npu_dt_diff_official_fixed_20260703_201315/official4_4_live.dts: Warning (clocks_property): /power-management@ff310000/power-controller/pd_vdu@32:clocks: cell 2 is not a phandle reference
npu_dt_diff_official_fixed_20260703_201315/official4_4_live.dts: Warning (clocks_property): /power-management@ff310000/power-controller/pd_vio@15/pd_hdcp@21:clocks: cell 0 is not a phandle reference
npu_dt_diff_official_fixed_20260703_201315/official4_4_live.dts: Warning (clocks_property): /power-management@ff310000/power-controller/pd_vio@15/pd_hdcp@21:clocks: cell 2 is not a phandle reference
npu_dt_diff_official_fixed_20260703_201315/official4_4_live.dts: Warning (clocks_property): /power-management@ff310000/power-controller/pd_vio@15/pd_hdcp@21:clocks: cell 4 is not a phandle reference
npu_dt_diff_official_fixed_20260703_201315/official4_4_live.dts: Warning (clocks_property): /power-management@ff310000/power-controller/pd_vio@15/pd_isp0@19:clocks: cell 0 is not a phandle reference
npu_dt_diff_official_fixed_20260703_201315/official4_4_live.dts: Warning (clocks_property): /power-management@ff310000/power-controller/pd_vio@15/pd_isp0@19:clocks: cell 2 is not a phandle reference
npu_dt_diff_official_fixed_20260703_201315/official4_4_live.dts: Warning (clocks_property): /power-management@ff310000/power-controller/pd_vio@15/pd_isp1@20:clocks: cell 0 is not a phandle reference
npu_dt_diff_official_fixed_20260703_201315/official4_4_live.dts: Warning (clocks_property): /power-management@ff310000/power-controller/pd_vio@15/pd_isp1@20:clocks: cell 2 is not a phandle reference
npu_dt_diff_official_fixed_20260703_201315/official4_4_live.dts: Warning (clocks_property): /power-management@ff310000/power-controller/pd_vio@15/pd_tcpc0@RK3399_PD_TCPC0:clocks: cell 0 is not a phandle reference
npu_dt_diff_official_fixed_20260703_201315/official4_4_live.dts: Warning (clocks_property): /power-management@ff310000/power-controller/pd_vio@15/pd_tcpc0@RK3399_PD_TCPC0:clocks: cell 2 is not a phandle reference
npu_dt_diff_official_fixed_20260703_201315/official4_4_live.dts: Warning (clocks_property): /power-management@ff310000/power-controller/pd_vio@15/pd_tcpc1@RK3399_PD_TCPC1:clocks: cell 0 is not a phandle reference
npu_dt_diff_official_fixed_20260703_201315/official4_4_live.dts: Warning (clocks_property): /power-management@ff310000/power-controller/pd_vio@15/pd_tcpc1@RK3399_PD_TCPC1:clocks: cell 2 is not a phandle reference
npu_dt_diff_official_fixed_20260703_201315/official4_4_live.dts: Warning (clocks_property): /power-management@ff310000/power-controller/pd_vio@15/pd_vo@16/pd_vopb@17:clocks: cell 0 is not a phandle reference
npu_dt_diff_official_fixed_20260703_201315/official4_4_live.dts: Warning (clocks_property): /power-management@ff310000/power-controller/pd_vio@15/pd_vo@16/pd_vopb@17:clocks: cell 2 is not a phandle reference
npu_dt_diff_official_fixed_20260703_201315/official4_4_live.dts: Warning (clocks_property): /power-management@ff310000/power-controller/pd_vio@15/pd_vo@16/pd_vopl@18:clocks: cell 0 is not a phandle reference
npu_dt_diff_official_fixed_20260703_201315/official4_4_live.dts: Warning (clocks_property): /power-management@ff310000/power-controller/pd_vio@15/pd_vo@16/pd_vopl@18:clocks: cell 2 is not a phandle reference
npu_dt_diff_official_fixed_20260703_201315/official4_4_live.dts: Warning (clocks_property): /rga@ff680000:clocks: cell 0 is not a phandle reference
npu_dt_diff_official_fixed_20260703_201315/official4_4_live.dts: Warning (clocks_property): /rga@ff680000:clocks: cell 2 is not a phandle reference
npu_dt_diff_official_fixed_20260703_201315/official4_4_live.dts: Warning (clocks_property): /rga@ff680000:clocks: cell 4 is not a phandle reference
npu_dt_diff_official_fixed_20260703_201315/official4_4_live.dts: Warning (clocks_property): /rkisp1@ff910000:clocks: cell 0 is not a phandle reference
npu_dt_diff_official_fixed_20260703_201315/official4_4_live.dts: Warning (clocks_property): /rkisp1@ff910000:clocks: cell 2 is not a phandle reference
npu_dt_diff_official_fixed_20260703_201315/official4_4_live.dts: Warning (clocks_property): /rkisp1@ff910000:clocks: cell 4 is not a phandle reference
npu_dt_diff_official_fixed_20260703_201315/official4_4_live.dts: Warning (clocks_property): /rkisp1@ff910000:clocks: cell 6 is not a phandle reference
npu_dt_diff_official_fixed_20260703_201315/official4_4_live.dts: Warning (clocks_property): /rkisp1@ff910000:clocks: cell 8 is not a phandle reference
npu_dt_diff_official_fixed_20260703_201315/official4_4_live.dts: Warning (clocks_property): /rkisp1@ff920000:clocks: cell 0 is not a phandle reference
npu_dt_diff_official_fixed_20260703_201315/official4_4_live.dts: Warning (clocks_property): /rkisp1@ff920000:clocks: cell 2 is not a phandle reference
npu_dt_diff_official_fixed_20260703_201315/official4_4_live.dts: Warning (clocks_property): /rkisp1@ff920000:clocks: cell 4 is not a phandle reference
npu_dt_diff_official_fixed_20260703_201315/official4_4_live.dts: Warning (clocks_property): /rkisp1@ff920000:clocks: cell 6 is not a phandle reference
npu_dt_diff_official_fixed_20260703_201315/official4_4_live.dts: Warning (clocks_property): /rkisp1@ff920000:clocks: cell 8 is not a phandle reference
npu_dt_diff_official_fixed_20260703_201315/official4_4_live.dts: Warning (clocks_property): /rkisp1@ff920000:clocks: cell 10 is not a phandle reference
npu_dt_diff_official_fixed_20260703_201315/official4_4_live.dts: Warning (clocks_property): /rktimer@ff850000:clocks: cell 0 is not a phandle reference
npu_dt_diff_official_fixed_20260703_201315/official4_4_live.dts: Warning (clocks_property): /rktimer@ff850000:clocks: cell 2 is not a phandle reference
npu_dt_diff_official_fixed_20260703_201315/official4_4_live.dts: Warning (clocks_property): /rkvdec@ff660000:clocks: cell 0 is not a phandle reference
npu_dt_diff_official_fixed_20260703_201315/official4_4_live.dts: Warning (clocks_property): /rkvdec@ff660000:clocks: cell 2 is not a phandle reference
npu_dt_diff_official_fixed_20260703_201315/official4_4_live.dts: Warning (clocks_property): /rkvdec@ff660000:clocks: cell 4 is not a phandle reference
npu_dt_diff_official_fixed_20260703_201315/official4_4_live.dts: Warning (clocks_property): /rkvdec@ff660000:clocks: cell 6 is not a phandle reference
npu_dt_diff_official_fixed_20260703_201315/official4_4_live.dts: Warning (clocks_property): /rng@ff8b8000:clocks: cell 0 is not a phandle reference
npu_dt_diff_official_fixed_20260703_201315/official4_4_live.dts: Warning (clocks_property): /rng@ff8b8000:clocks: cell 2 is not a phandle reference
npu_dt_diff_official_fixed_20260703_201315/official4_4_live.dts: Warning (clocks_property): /saradc@ff100000:clocks: cell 0 is not a phandle reference
npu_dt_diff_official_fixed_20260703_201315/official4_4_live.dts: Warning (clocks_property): /saradc@ff100000:clocks: cell 2 is not a phandle reference
npu_dt_diff_official_fixed_20260703_201315/official4_4_live.dts: Warning (clocks_property): /sdhci@fe330000:clocks: cell 0 is not a phandle reference
npu_dt_diff_official_fixed_20260703_201315/official4_4_live.dts: Warning (clocks_property): /sdhci@fe330000:clocks: cell 2 is not a phandle reference
npu_dt_diff_official_fixed_20260703_201315/official4_4_live.dts: Warning (clocks_property): /sdio-pwrseq:clocks: cell 0 is not a phandle reference
npu_dt_diff_official_fixed_20260703_201315/official4_4_live.dts: Warning (clocks_property): /serial@ff180000:clocks: cell 0 is not a phandle reference
npu_dt_diff_official_fixed_20260703_201315/official4_4_live.dts: Warning (clocks_property): /serial@ff180000:clocks: cell 2 is not a phandle reference
npu_dt_diff_official_fixed_20260703_201315/official4_4_live.dts: Warning (clocks_property): /serial@ff190000:clocks: cell 0 is not a phandle reference
npu_dt_diff_official_fixed_20260703_201315/official4_4_live.dts: Warning (clocks_property): /serial@ff190000:clocks: cell 2 is not a phandle reference
npu_dt_diff_official_fixed_20260703_201315/official4_4_live.dts: Warning (clocks_property): /serial@ff1a0000:clocks: cell 0 is not a phandle reference
npu_dt_diff_official_fixed_20260703_201315/official4_4_live.dts: Warning (clocks_property): /serial@ff1a0000:clocks: cell 2 is not a phandle reference
npu_dt_diff_official_fixed_20260703_201315/official4_4_live.dts: Warning (clocks_property): /serial@ff1b0000:clocks: cell 0 is not a phandle reference
npu_dt_diff_official_fixed_20260703_201315/official4_4_live.dts: Warning (clocks_property): /serial@ff1b0000:clocks: cell 2 is not a phandle reference
npu_dt_diff_official_fixed_20260703_201315/official4_4_live.dts: Warning (clocks_property): /serial@ff370000:clocks: cell 0 is not a phandle reference
npu_dt_diff_official_fixed_20260703_201315/official4_4_live.dts: Warning (clocks_property): /serial@ff370000:clocks: cell 2 is not a phandle reference
npu_dt_diff_official_fixed_20260703_201315/official4_4_live.dts: Warning (clocks_property): /spdif@ff870000:clocks: cell 0 is not a phandle reference
npu_dt_diff_official_fixed_20260703_201315/official4_4_live.dts: Warning (clocks_property): /spdif@ff870000:clocks: cell 2 is not a phandle reference
npu_dt_diff_official_fixed_20260703_201315/official4_4_live.dts: Warning (clocks_property): /spi@ff1c0000:clocks: cell 0 is not a phandle reference
npu_dt_diff_official_fixed_20260703_201315/official4_4_live.dts: Warning (clocks_property): /spi@ff1c0000:clocks: cell 2 is not a phandle reference
npu_dt_diff_official_fixed_20260703_201315/official4_4_live.dts: Warning (clocks_property): /spi@ff1d0000:clocks: cell 0 is not a phandle reference
npu_dt_diff_official_fixed_20260703_201315/official4_4_live.dts: Warning (clocks_property): /spi@ff1d0000:clocks: cell 2 is not a phandle reference
npu_dt_diff_official_fixed_20260703_201315/official4_4_live.dts: Warning (clocks_property): /i2c@ff110000:clocks: cell 0 is not a phandle reference
npu_dt_diff_official_fixed_20260703_201315/official4_4_live.dts: Warning (clocks_property): /i2c@ff110000:clocks: cell 2 is not a phandle reference
npu_dt_diff_official_fixed_20260703_201315/official4_4_live.dts: Warning (clocks_property): /i2c@ff120000:clocks: cell 0 is not a phandle reference
npu_dt_diff_official_fixed_20260703_201315/official4_4_live.dts: Warning (clocks_property): /i2c@ff120000:clocks: cell 2 is not a phandle reference
npu_dt_diff_official_fixed_20260703_201315/official4_4_live.dts: Warning (clocks_property): /i2c@ff120000/pr2000a@5c:clocks: cell 0 is not a phandle reference
npu_dt_diff_official_fixed_20260703_201315/official4_4_live.dts: Warning (clocks_property): /i2c@ff130000:clocks: cell 0 is not a phandle reference
npu_dt_diff_official_fixed_20260703_201315/official4_4_live.dts: Warning (clocks_property): /i2c@ff130000:clocks: cell 2 is not a phandle reference
npu_dt_diff_official_fixed_20260703_201315/official4_4_live.dts: Warning (clocks_property): /i2c@ff140000:clocks: cell 0 is not a phandle reference
npu_dt_diff_official_fixed_20260703_201315/official4_4_live.dts: Warning (clocks_property): /i2c@ff140000:clocks: cell 2 is not a phandle reference
npu_dt_diff_official_fixed_20260703_201315/official4_4_live.dts: Warning (clocks_property): /i2c@ff150000:clocks: cell 0 is not a phandle reference
npu_dt_diff_official_fixed_20260703_201315/official4_4_live.dts: Warning (clocks_property): /i2c@ff150000:clocks: cell 2 is not a phandle reference
npu_dt_diff_official_fixed_20260703_201315/official4_4_live.dts: Warning (clocks_property): /i2c@ff160000:clocks: cell 0 is not a phandle reference
npu_dt_diff_official_fixed_20260703_201315/official4_4_live.dts: Warning (clocks_property): /i2c@ff160000:clocks: cell 2 is not a phandle reference
npu_dt_diff_official_fixed_20260703_201315/official4_4_live.dts: Warning (clocks_property): /i2c@ff3c0000:clocks: cell 0 is not a phandle reference
npu_dt_diff_official_fixed_20260703_201315/official4_4_live.dts: Warning (clocks_property): /i2c@ff3c0000:clocks: cell 2 is not a phandle reference
npu_dt_diff_official_fixed_20260703_201315/official4_4_live.dts: Warning (clocks_property): /i2c@ff3c0000/pmic@20/codec:clocks: cell 0 is not a phandle reference
npu_dt_diff_official_fixed_20260703_201315/official4_4_live.dts: Warning (clocks_property): /i2c@ff3d0000:clocks: cell 0 is not a phandle reference
npu_dt_diff_official_fixed_20260703_201315/official4_4_live.dts: Warning (clocks_property): /i2c@ff3d0000:clocks: cell 2 is not a phandle reference
npu_dt_diff_official_fixed_20260703_201315/official4_4_live.dts: Warning (clocks_property): /i2c@ff3d0000/jaguar1@30:clocks: cell 0 is not a phandle reference
npu_dt_diff_official_fixed_20260703_201315/official4_4_live.dts: Warning (clocks_property): /i2c@ff3e0000:clocks: cell 0 is not a phandle reference
npu_dt_diff_official_fixed_20260703_201315/official4_4_live.dts: Warning (clocks_property): /i2c@ff3e0000:clocks: cell 2 is not a phandle reference
npu_dt_diff_official_fixed_20260703_201315/official4_4_live.dts: Warning (clocks_property): /i2s@ff880000:clocks: cell 0 is not a phandle reference
npu_dt_diff_official_fixed_20260703_201315/official4_4_live.dts: Warning (clocks_property): /i2s@ff880000:clocks: cell 2 is not a phandle reference
npu_dt_diff_official_fixed_20260703_201315/official4_4_live.dts: Warning (clocks_property): /i2s@ff890000:clocks: cell 0 is not a phandle reference
npu_dt_diff_official_fixed_20260703_201315/official4_4_live.dts: Warning (clocks_property): /i2s@ff890000:clocks: cell 2 is not a phandle reference
npu_dt_diff_official_fixed_20260703_201315/official4_4_live.dts: Warning (clocks_property): /i2s@ff8a0000:clocks: cell 0 is not a phandle reference
npu_dt_diff_official_fixed_20260703_201315/official4_4_live.dts: Warning (clocks_property): /i2s@ff8a0000:clocks: cell 2 is not a phandle reference
npu_dt_diff_official_fixed_20260703_201315/official4_4_live.dts: Warning (clocks_property): /iep@ff670000:clocks: cell 0 is not a phandle reference
npu_dt_diff_official_fixed_20260703_201315/official4_4_live.dts: Warning (clocks_property): /iep@ff670000:clocks: cell 2 is not a phandle reference
npu_dt_diff_official_fixed_20260703_201315/official4_4_live.dts: Warning (clocks_property): /iommu@ff650800:clocks: cell 0 is not a phandle reference
npu_dt_diff_official_fixed_20260703_201315/official4_4_live.dts: Warning (clocks_property): /iommu@ff650800:clocks: cell 2 is not a phandle reference
npu_dt_diff_official_fixed_20260703_201315/official4_4_live.dts: Warning (clocks_property): /iommu@ff660480:clocks: cell 0 is not a phandle reference
npu_dt_diff_official_fixed_20260703_201315/official4_4_live.dts: Warning (clocks_property): /iommu@ff660480:clocks: cell 2 is not a phandle reference
npu_dt_diff_official_fixed_20260703_201315/official4_4_live.dts: Warning (clocks_property): /iommu@ff8f3f00:clocks: cell 0 is not a phandle reference
npu_dt_diff_official_fixed_20260703_201315/official4_4_live.dts: Warning (clocks_property): /iommu@ff8f3f00:clocks: cell 2 is not a phandle reference
npu_dt_diff_official_fixed_20260703_201315/official4_4_live.dts: Warning (clocks_property): /iommu@ff903f00:clocks: cell 0 is not a phandle reference
npu_dt_diff_official_fixed_20260703_201315/official4_4_live.dts: Warning (clocks_property): /iommu@ff903f00:clocks: cell 2 is not a phandle reference
npu_dt_diff_official_fixed_20260703_201315/official4_4_live.dts: Warning (clocks_property): /iommu@ff914000:clocks: cell 0 is not a phandle reference
npu_dt_diff_official_fixed_20260703_201315/official4_4_live.dts: Warning (clocks_property): /iommu@ff914000:clocks: cell 2 is not a phandle reference
npu_dt_diff_official_fixed_20260703_201315/official4_4_live.dts: Warning (clocks_property): /iommu@ff924000:clocks: cell 0 is not a phandle reference
npu_dt_diff_official_fixed_20260703_201315/official4_4_live.dts: Warning (clocks_property): /iommu@ff924000:clocks: cell 2 is not a phandle reference
npu_dt_diff_official_fixed_20260703_201315/official4_4_live.dts: Warning (clocks_property): /mipi-dphy-tx1rx1@ff968000:clocks: cell 0 is not a phandle reference
npu_dt_diff_official_fixed_20260703_201315/official4_4_live.dts: Warning (clocks_property): /mipi-dphy-tx1rx1@ff968000:clocks: cell 2 is not a phandle reference
npu_dt_diff_official_fixed_20260703_201315/official4_4_live.dts: Warning (clocks_property): /mipi-dphy-tx1rx1@ff968000:clocks: cell 4 is not a phandle reference
npu_dt_diff_official_fixed_20260703_201315/official4_4_live.dts: Warning (clocks_property): /mipi-dphy-tx1rx1@ff968000:clocks: cell 6 is not a phandle reference
npu_dt_diff_official_fixed_20260703_201315/official4_4_live.dts: Warning (clocks_property): /hdmi@ff940000:clocks: cell 0 is not a phandle reference
npu_dt_diff_official_fixed_20260703_201315/official4_4_live.dts: Warning (clocks_property): /hdmi@ff940000:clocks: cell 2 is not a phandle reference
npu_dt_diff_official_fixed_20260703_201315/official4_4_live.dts: Warning (clocks_property): /hdmi@ff940000:clocks: cell 4 is not a phandle reference
npu_dt_diff_official_fixed_20260703_201315/official4_4_live.dts: Warning (clocks_property): /hdmi@ff940000:clocks: cell 6 is not a phandle reference
npu_dt_diff_official_fixed_20260703_201315/official4_4_live.dts: Warning (clocks_property): /hdmi@ff940000:clocks: cell 8 is not a phandle reference
npu_dt_diff_official_fixed_20260703_201315/official4_4_live.dts: Warning (clocks_property): /spi@ff1e0000:clocks: cell 0 is not a phandle reference
npu_dt_diff_official_fixed_20260703_201315/official4_4_live.dts: Warning (clocks_property): /spi@ff1e0000:clocks: cell 2 is not a phandle reference
npu_dt_diff_official_fixed_20260703_201315/official4_4_live.dts: Warning (clocks_property): /spi@ff1e0000/can@0:clocks: cell 0 is not a phandle reference
npu_dt_diff_official_fixed_20260703_201315/official4_4_live.dts: Warning (clocks_property): /spi@ff1f0000:clocks: cell 0 is not a phandle reference
npu_dt_diff_official_fixed_20260703_201315/official4_4_live.dts: Warning (clocks_property): /spi@ff1f0000:clocks: cell 2 is not a phandle reference
npu_dt_diff_official_fixed_20260703_201315/official4_4_live.dts: Warning (clocks_property): /spi@ff200000:clocks: cell 0 is not a phandle reference
npu_dt_diff_official_fixed_20260703_201315/official4_4_live.dts: Warning (clocks_property): /spi@ff200000:clocks: cell 2 is not a phandle reference
npu_dt_diff_official_fixed_20260703_201315/official4_4_live.dts: Warning (clocks_property): /spi@ff350000:clocks: cell 0 is not a phandle reference
npu_dt_diff_official_fixed_20260703_201315/official4_4_live.dts: Warning (clocks_property): /spi@ff350000:clocks: cell 2 is not a phandle reference
npu_dt_diff_official_fixed_20260703_201315/official4_4_live.dts: Warning (clocks_property): /syscon@ff320000/pmu-pvtm:clocks: cell 0 is not a phandle reference
npu_dt_diff_official_fixed_20260703_201315/official4_4_live.dts: Warning (clocks_property): /syscon@ff770000/mipi-dphy-rx0:clocks: cell 0 is not a phandle reference
npu_dt_diff_official_fixed_20260703_201315/official4_4_live.dts: Warning (clocks_property): /syscon@ff770000/mipi-dphy-rx0:clocks: cell 2 is not a phandle reference
npu_dt_diff_official_fixed_20260703_201315/official4_4_live.dts: Warning (clocks_property): /syscon@ff770000/mipi-dphy-rx0:clocks: cell 4 is not a phandle reference
npu_dt_diff_official_fixed_20260703_201315/official4_4_live.dts: Warning (clocks_property): /syscon@ff770000/phy@f780:clocks: cell 0 is not a phandle reference
npu_dt_diff_official_fixed_20260703_201315/official4_4_live.dts: Warning (clocks_property): /syscon@ff770000/pvtm:clocks: cell 0 is not a phandle reference
npu_dt_diff_official_fixed_20260703_201315/official4_4_live.dts: Warning (clocks_property): /syscon@ff770000/pvtm:clocks: cell 2 is not a phandle reference
npu_dt_diff_official_fixed_20260703_201315/official4_4_live.dts: Warning (clocks_property): /syscon@ff770000/pvtm:clocks: cell 4 is not a phandle reference
npu_dt_diff_official_fixed_20260703_201315/official4_4_live.dts: Warning (clocks_property): /syscon@ff770000/pvtm:clocks: cell 6 is not a phandle reference
npu_dt_diff_official_fixed_20260703_201315/official4_4_live.dts: Warning (clocks_property): /syscon@ff770000/usb2-phy@e450:clocks: cell 0 is not a phandle reference
npu_dt_diff_official_fixed_20260703_201315/official4_4_live.dts: Warning (clocks_property): /syscon@ff770000/usb2-phy@e460:clocks: cell 0 is not a phandle reference
npu_dt_diff_official_fixed_20260703_201315/official4_4_live.dts: Warning (clocks_property): /tsadc@ff260000:clocks: cell 0 is not a phandle reference
npu_dt_diff_official_fixed_20260703_201315/official4_4_live.dts: Warning (clocks_property): /tsadc@ff260000:clocks: cell 2 is not a phandle reference
npu_dt_diff_official_fixed_20260703_201315/official4_4_live.dts: Warning (clocks_property): /usb0:clocks: cell 0 is not a phandle reference
npu_dt_diff_official_fixed_20260703_201315/official4_4_live.dts: Warning (clocks_property): /usb0:clocks: cell 2 is not a phandle reference
npu_dt_diff_official_fixed_20260703_201315/official4_4_live.dts: Warning (clocks_property): /usb0:clocks: cell 4 is not a phandle reference
npu_dt_diff_official_fixed_20260703_201315/official4_4_live.dts: Warning (clocks_property): /usb0:clocks: cell 6 is not a phandle reference
npu_dt_diff_official_fixed_20260703_201315/official4_4_live.dts: Warning (clocks_property): /usb1:clocks: cell 0 is not a phandle reference
npu_dt_diff_official_fixed_20260703_201315/official4_4_live.dts: Warning (clocks_property): /usb1:clocks: cell 2 is not a phandle reference
npu_dt_diff_official_fixed_20260703_201315/official4_4_live.dts: Warning (clocks_property): /usb1:clocks: cell 4 is not a phandle reference
npu_dt_diff_official_fixed_20260703_201315/official4_4_live.dts: Warning (clocks_property): /usb1:clocks: cell 6 is not a phandle reference
npu_dt_diff_official_fixed_20260703_201315/official4_4_live.dts: Warning (clocks_property): /usb@fe340000:clocks: cell 0 is not a phandle reference
npu_dt_diff_official_fixed_20260703_201315/official4_4_live.dts: Warning (clocks_property): /usb@fe340000:clocks: cell 2 is not a phandle reference
npu_dt_diff_official_fixed_20260703_201315/official4_4_live.dts: Warning (clocks_property): /usb@fe340000:clocks: cell 4 is not a phandle reference
npu_dt_diff_official_fixed_20260703_201315/official4_4_live.dts: Warning (clocks_property): /usb@fe380000:clocks: cell 0 is not a phandle reference
npu_dt_diff_official_fixed_20260703_201315/official4_4_live.dts: Warning (clocks_property): /usb@fe380000:clocks: cell 2 is not a phandle reference
npu_dt_diff_official_fixed_20260703_201315/official4_4_live.dts: Warning (clocks_property): /usb@fe380000:clocks: cell 4 is not a phandle reference
npu_dt_diff_official_fixed_20260703_201315/official4_4_live.dts: Warning (clocks_property): /usb@fe3a0000:clocks: cell 0 is not a phandle reference
npu_dt_diff_official_fixed_20260703_201315/official4_4_live.dts: Warning (clocks_property): /usb@fe3a0000:clocks: cell 2 is not a phandle reference
npu_dt_diff_official_fixed_20260703_201315/official4_4_live.dts: Warning (clocks_property): /usb@fe3a0000:clocks: cell 4 is not a phandle reference
npu_dt_diff_official_fixed_20260703_201315/official4_4_live.dts: Warning (clocks_property): /usb@fe3c0000:clocks: cell 0 is not a phandle reference
npu_dt_diff_official_fixed_20260703_201315/official4_4_live.dts: Warning (clocks_property): /usb@fe3c0000:clocks: cell 2 is not a phandle reference
npu_dt_diff_official_fixed_20260703_201315/official4_4_live.dts: Warning (clocks_property): /usb@fe3c0000:clocks: cell 4 is not a phandle reference
npu_dt_diff_official_fixed_20260703_201315/official4_4_live.dts: Warning (clocks_property): /usb@fe3e0000:clocks: cell 0 is not a phandle reference
npu_dt_diff_official_fixed_20260703_201315/official4_4_live.dts: Warning (clocks_property): /usb@fe3e0000:clocks: cell 2 is not a phandle reference
npu_dt_diff_official_fixed_20260703_201315/official4_4_live.dts: Warning (clocks_property): /usb@fe3e0000:clocks: cell 4 is not a phandle reference
npu_dt_diff_official_fixed_20260703_201315/official4_4_live.dts: Warning (clocks_property): /vop@ff8f0000:clocks: cell 0 is not a phandle reference
npu_dt_diff_official_fixed_20260703_201315/official4_4_live.dts: Warning (clocks_property): /vop@ff8f0000:clocks: cell 2 is not a phandle reference
npu_dt_diff_official_fixed_20260703_201315/official4_4_live.dts: Warning (clocks_property): /vop@ff8f0000:clocks: cell 4 is not a phandle reference
npu_dt_diff_official_fixed_20260703_201315/official4_4_live.dts: Warning (clocks_property): /vop@ff8f0000:clocks: cell 6 is not a phandle reference
npu_dt_diff_official_fixed_20260703_201315/official4_4_live.dts: Warning (clocks_property): /vop@ff900000:clocks: cell 0 is not a phandle reference
npu_dt_diff_official_fixed_20260703_201315/official4_4_live.dts: Warning (clocks_property): /vop@ff900000:clocks: cell 2 is not a phandle reference
npu_dt_diff_official_fixed_20260703_201315/official4_4_live.dts: Warning (clocks_property): /vop@ff900000:clocks: cell 4 is not a phandle reference
npu_dt_diff_official_fixed_20260703_201315/official4_4_live.dts: Warning (clocks_property): /vop@ff900000:clocks: cell 6 is not a phandle reference
npu_dt_diff_official_fixed_20260703_201315/official4_4_live.dts: Warning (clocks_property): /voppwm@ff8f01a0:clocks: cell 0 is not a phandle reference
npu_dt_diff_official_fixed_20260703_201315/official4_4_live.dts: Warning (clocks_property): /voppwm@ff9001a0:clocks: cell 0 is not a phandle reference
npu_dt_diff_official_fixed_20260703_201315/official4_4_live.dts: Warning (clocks_property): /vpu_service@ff650000:clocks: cell 0 is not a phandle reference
npu_dt_diff_official_fixed_20260703_201315/official4_4_live.dts: Warning (clocks_property): /vpu_service@ff650000:clocks: cell 2 is not a phandle reference
npu_dt_diff_official_fixed_20260703_201315/official4_4_live.dts: Warning (clocks_property): /watchdog@ff848000:clocks: cell 0 is not a phandle reference
npu_dt_diff_official_fixed_20260703_201315/official4_4_live.dts: Warning (clocks_property): /wireless-bluetooth:clocks: cell 0 is not a phandle reference
npu_dt_diff_official_fixed_20260703_201315/official4_4_live.dts: Warning (clocks_property): /pwm@ff420000:clocks: cell 0 is not a phandle reference
npu_dt_diff_official_fixed_20260703_201315/official4_4_live.dts: Warning (clocks_property): /pwm@ff420010:clocks: cell 0 is not a phandle reference
npu_dt_diff_official_fixed_20260703_201315/official4_4_live.dts: Warning (clocks_property): /pwm@ff420020:clocks: cell 0 is not a phandle reference
npu_dt_diff_official_fixed_20260703_201315/official4_4_live.dts: Warning (clocks_property): /pwm@ff420030:clocks: cell 0 is not a phandle reference
npu_dt_diff_official_fixed_20260703_201315/official4_4_live.dts: Warning (cooling_device_property): /thermal-zones/soc-thermal/cooling-maps/map0:cooling-device: cell 0 is not a phandle reference
npu_dt_diff_official_fixed_20260703_201315/official4_4_live.dts: Warning (cooling_device_property): /thermal-zones/soc-thermal/cooling-maps/map1:cooling-device: cell 0 is not a phandle reference
npu_dt_diff_official_fixed_20260703_201315/official4_4_live.dts: Warning (cooling_device_property): /thermal-zones/soc-thermal/cooling-maps/map2:cooling-device: cell 0 is not a phandle reference
npu_dt_diff_official_fixed_20260703_201315/official4_4_live.dts: Warning (dmas_property): /spdif@ff870000:dmas: cell 0 is not a phandle reference
npu_dt_diff_official_fixed_20260703_201315/official4_4_live.dts: Warning (dmas_property): /spi@ff1c0000:dmas: cell 0 is not a phandle reference
npu_dt_diff_official_fixed_20260703_201315/official4_4_live.dts: Warning (dmas_property): /spi@ff1c0000:dmas: cell 2 is not a phandle reference
npu_dt_diff_official_fixed_20260703_201315/official4_4_live.dts: Warning (dmas_property): /spi@ff1d0000:dmas: cell 0 is not a phandle reference
npu_dt_diff_official_fixed_20260703_201315/official4_4_live.dts: Warning (dmas_property): /spi@ff1d0000:dmas: cell 2 is not a phandle reference
npu_dt_diff_official_fixed_20260703_201315/official4_4_live.dts: Warning (dmas_property): /i2s@ff880000:dmas: cell 0 is not a phandle reference
npu_dt_diff_official_fixed_20260703_201315/official4_4_live.dts: Warning (dmas_property): /i2s@ff880000:dmas: cell 2 is not a phandle reference
npu_dt_diff_official_fixed_20260703_201315/official4_4_live.dts: Warning (dmas_property): /i2s@ff890000:dmas: cell 0 is not a phandle reference
npu_dt_diff_official_fixed_20260703_201315/official4_4_live.dts: Warning (dmas_property): /i2s@ff890000:dmas: cell 2 is not a phandle reference
npu_dt_diff_official_fixed_20260703_201315/official4_4_live.dts: Warning (dmas_property): /i2s@ff8a0000:dmas: cell 0 is not a phandle reference
npu_dt_diff_official_fixed_20260703_201315/official4_4_live.dts: Warning (dmas_property): /i2s@ff8a0000:dmas: cell 2 is not a phandle reference
npu_dt_diff_official_fixed_20260703_201315/official4_4_live.dts: Warning (dmas_property): /spi@ff1e0000:dmas: cell 0 is not a phandle reference
npu_dt_diff_official_fixed_20260703_201315/official4_4_live.dts: Warning (dmas_property): /spi@ff1e0000:dmas: cell 2 is not a phandle reference
npu_dt_diff_official_fixed_20260703_201315/official4_4_live.dts: Warning (dmas_property): /spi@ff1f0000:dmas: cell 0 is not a phandle reference
npu_dt_diff_official_fixed_20260703_201315/official4_4_live.dts: Warning (dmas_property): /spi@ff1f0000:dmas: cell 2 is not a phandle reference
npu_dt_diff_official_fixed_20260703_201315/official4_4_live.dts: Warning (dmas_property): /spi@ff200000:dmas: cell 0 is not a phandle reference
npu_dt_diff_official_fixed_20260703_201315/official4_4_live.dts: Warning (dmas_property): /spi@ff200000:dmas: cell 2 is not a phandle reference
npu_dt_diff_official_fixed_20260703_201315/official4_4_live.dts: Warning (io_channels_property): /rk_headset:io-channels: cell 0 is not a phandle reference
npu_dt_diff_official_fixed_20260703_201315/official4_4_live.dts: Warning (iommus_property): /cif_isp@ff910000:iommus: cell 0 is not a phandle reference
npu_dt_diff_official_fixed_20260703_201315/official4_4_live.dts: Warning (iommus_property): /cif_isp@ff920000:iommus: cell 0 is not a phandle reference
npu_dt_diff_official_fixed_20260703_201315/official4_4_live.dts: Warning (iommus_property): /rkisp1@ff910000:iommus: cell 0 is not a phandle reference
npu_dt_diff_official_fixed_20260703_201315/official4_4_live.dts: Warning (iommus_property): /rkisp1@ff920000:iommus: cell 0 is not a phandle reference
npu_dt_diff_official_fixed_20260703_201315/official4_4_live.dts: Warning (iommus_property): /rkvdec@ff660000:iommus: cell 0 is not a phandle reference
npu_dt_diff_official_fixed_20260703_201315/official4_4_live.dts: Warning (iommus_property): /iep@ff670000:iommus: cell 0 is not a phandle reference
npu_dt_diff_official_fixed_20260703_201315/official4_4_live.dts: Warning (iommus_property): /vop@ff8f0000:iommus: cell 0 is not a phandle reference
npu_dt_diff_official_fixed_20260703_201315/official4_4_live.dts: Warning (iommus_property): /vop@ff900000:iommus: cell 0 is not a phandle reference
npu_dt_diff_official_fixed_20260703_201315/official4_4_live.dts: Warning (iommus_property): /vpu_service@ff650000:iommus: cell 0 is not a phandle reference
npu_dt_diff_official_fixed_20260703_201315/official4_4_live.dts: Warning (phys_property): /dp@fec00000:phys: cell 0 is not a phandle reference
npu_dt_diff_official_fixed_20260703_201315/official4_4_live.dts: Warning (phys_property): /dp@fec00000:phys: cell 1 is not a phandle reference
npu_dt_diff_official_fixed_20260703_201315/official4_4_live.dts: Warning (phys_property): /pcie@f8000000:phys: cell 0 is not a phandle reference
npu_dt_diff_official_fixed_20260703_201315/official4_4_live.dts: Warning (phys_property): /sdhci@fe330000:phys: cell 0 is not a phandle reference
npu_dt_diff_official_fixed_20260703_201315/official4_4_live.dts: Warning (phys_property): /usb0/dwc3@fe800000:phys: cell 0 is not a phandle reference
npu_dt_diff_official_fixed_20260703_201315/official4_4_live.dts: Warning (phys_property): /usb0/dwc3@fe800000:phys: cell 1 is not a phandle reference
npu_dt_diff_official_fixed_20260703_201315/official4_4_live.dts: Warning (phys_property): /usb1/dwc3@fe900000:phys: cell 0 is not a phandle reference
npu_dt_diff_official_fixed_20260703_201315/official4_4_live.dts: Warning (phys_property): /usb1/dwc3@fe900000:phys: cell 1 is not a phandle reference
npu_dt_diff_official_fixed_20260703_201315/official4_4_live.dts: Warning (phys_property): /usb@fe380000:phys: cell 0 is not a phandle reference
npu_dt_diff_official_fixed_20260703_201315/official4_4_live.dts: Warning (phys_property): /usb@fe3a0000:phys: cell 0 is not a phandle reference
npu_dt_diff_official_fixed_20260703_201315/official4_4_live.dts: Warning (phys_property): /usb@fe3c0000:phys: cell 0 is not a phandle reference
npu_dt_diff_official_fixed_20260703_201315/official4_4_live.dts: Warning (phys_property): /usb@fe3e0000:phys: cell 0 is not a phandle reference
npu_dt_diff_official_fixed_20260703_201315/official4_4_live.dts: Warning (power_domains_property): /cif_isp@ff910000:power-domains: cell 0 is not a phandle reference
npu_dt_diff_official_fixed_20260703_201315/official4_4_live.dts: Warning (power_domains_property): /cif_isp@ff920000:power-domains: cell 0 is not a phandle reference
npu_dt_diff_official_fixed_20260703_201315/official4_4_live.dts: Warning (power_domains_property): /dp@fec00000:power-domains: cell 0 is not a phandle reference
npu_dt_diff_official_fixed_20260703_201315/official4_4_live.dts: Warning (power_domains_property): /dsi@ff960000:power-domains: cell 0 is not a phandle reference
npu_dt_diff_official_fixed_20260703_201315/official4_4_live.dts: Warning (power_domains_property): /dsi@ff968000:power-domains: cell 0 is not a phandle reference
npu_dt_diff_official_fixed_20260703_201315/official4_4_live.dts: Warning (power_domains_property): /dwmmc@fe310000:power-domains: cell 0 is not a phandle reference
npu_dt_diff_official_fixed_20260703_201315/official4_4_live.dts: Warning (power_domains_property): /dwmmc@fe320000:power-domains: cell 0 is not a phandle reference
npu_dt_diff_official_fixed_20260703_201315/official4_4_live.dts: Warning (power_domains_property): /edp@ff970000:power-domains: cell 0 is not a phandle reference
npu_dt_diff_official_fixed_20260703_201315/official4_4_live.dts: Warning (power_domains_property): /ethernet@fe300000:power-domains: cell 0 is not a phandle reference
npu_dt_diff_official_fixed_20260703_201315/official4_4_live.dts: Warning (power_domains_property): /gpu@ff9a0000:power-domains: cell 0 is not a phandle reference
npu_dt_diff_official_fixed_20260703_201315/official4_4_live.dts: Warning (power_domains_property): /pcie@f8000000:power-domains: cell 0 is not a phandle reference
npu_dt_diff_official_fixed_20260703_201315/official4_4_live.dts: Warning (power_domains_property): /phy@ff7c0000:power-domains: cell 0 is not a phandle reference
npu_dt_diff_official_fixed_20260703_201315/official4_4_live.dts: Warning (power_domains_property): /phy@ff800000:power-domains: cell 0 is not a phandle reference
npu_dt_diff_official_fixed_20260703_201315/official4_4_live.dts: Warning (power_domains_property): /rga@ff680000:power-domains: cell 0 is not a phandle reference
npu_dt_diff_official_fixed_20260703_201315/official4_4_live.dts: Warning (power_domains_property): /rkisp1@ff910000:power-domains: cell 0 is not a phandle reference
npu_dt_diff_official_fixed_20260703_201315/official4_4_live.dts: Warning (power_domains_property): /rkisp1@ff920000:power-domains: cell 0 is not a phandle reference
npu_dt_diff_official_fixed_20260703_201315/official4_4_live.dts: Warning (power_domains_property): /rkvdec@ff660000:power-domains: cell 0 is not a phandle reference
npu_dt_diff_official_fixed_20260703_201315/official4_4_live.dts: Warning (power_domains_property): /sdhci@fe330000:power-domains: cell 0 is not a phandle reference
npu_dt_diff_official_fixed_20260703_201315/official4_4_live.dts: Warning (power_domains_property): /spdif@ff870000:power-domains: cell 0 is not a phandle reference
npu_dt_diff_official_fixed_20260703_201315/official4_4_live.dts: Warning (power_domains_property): /i2s@ff880000:power-domains: cell 0 is not a phandle reference
npu_dt_diff_official_fixed_20260703_201315/official4_4_live.dts: Warning (power_domains_property): /i2s@ff890000:power-domains: cell 0 is not a phandle reference
npu_dt_diff_official_fixed_20260703_201315/official4_4_live.dts: Warning (power_domains_property): /i2s@ff8a0000:power-domains: cell 0 is not a phandle reference
npu_dt_diff_official_fixed_20260703_201315/official4_4_live.dts: Warning (power_domains_property): /iep@ff670000:power-domains: cell 0 is not a phandle reference
npu_dt_diff_official_fixed_20260703_201315/official4_4_live.dts: Warning (power_domains_property): /iommu@ff650800:power-domains: cell 0 is not a phandle reference
npu_dt_diff_official_fixed_20260703_201315/official4_4_live.dts: Warning (power_domains_property): /iommu@ff660480:power-domains: cell 0 is not a phandle reference
npu_dt_diff_official_fixed_20260703_201315/official4_4_live.dts: Warning (power_domains_property): /iommu@ff8f3f00:power-domains: cell 0 is not a phandle reference
npu_dt_diff_official_fixed_20260703_201315/official4_4_live.dts: Warning (power_domains_property): /iommu@ff903f00:power-domains: cell 0 is not a phandle reference
npu_dt_diff_official_fixed_20260703_201315/official4_4_live.dts: Warning (power_domains_property): /iommu@ff914000:power-domains: cell 0 is not a phandle reference
npu_dt_diff_official_fixed_20260703_201315/official4_4_live.dts: Warning (power_domains_property): /iommu@ff924000:power-domains: cell 0 is not a phandle reference
npu_dt_diff_official_fixed_20260703_201315/official4_4_live.dts: Warning (power_domains_property): /mipi-dphy-tx1rx1@ff968000:power-domains: cell 0 is not a phandle reference
npu_dt_diff_official_fixed_20260703_201315/official4_4_live.dts: Warning (power_domains_property): /hdmi@ff940000:power-domains: cell 0 is not a phandle reference
npu_dt_diff_official_fixed_20260703_201315/official4_4_live.dts: Warning (power_domains_property): /spi@ff200000:power-domains: cell 0 is not a phandle reference
npu_dt_diff_official_fixed_20260703_201315/official4_4_live.dts: Warning (power_domains_property): /syscon@ff770000/mipi-dphy-rx0:power-domains: cell 0 is not a phandle reference
npu_dt_diff_official_fixed_20260703_201315/official4_4_live.dts: Warning (power_domains_property): /syscon@ff770000/usb2-phy@e450:power-domains: cell 0 is not a phandle reference
npu_dt_diff_official_fixed_20260703_201315/official4_4_live.dts: Warning (power_domains_property): /syscon@ff770000/usb2-phy@e460:power-domains: cell 0 is not a phandle reference
npu_dt_diff_official_fixed_20260703_201315/official4_4_live.dts: Warning (power_domains_property): /usb0:power-domains: cell 0 is not a phandle reference
npu_dt_diff_official_fixed_20260703_201315/official4_4_live.dts: Warning (power_domains_property): /usb1:power-domains: cell 0 is not a phandle reference
npu_dt_diff_official_fixed_20260703_201315/official4_4_live.dts: Warning (power_domains_property): /usb@fe380000:power-domains: cell 0 is not a phandle reference
npu_dt_diff_official_fixed_20260703_201315/official4_4_live.dts: Warning (power_domains_property): /usb@fe3a0000:power-domains: cell 0 is not a phandle reference
npu_dt_diff_official_fixed_20260703_201315/official4_4_live.dts: Warning (power_domains_property): /usb@fe3c0000:power-domains: cell 0 is not a phandle reference
npu_dt_diff_official_fixed_20260703_201315/official4_4_live.dts: Warning (power_domains_property): /usb@fe3e0000:power-domains: cell 0 is not a phandle reference
npu_dt_diff_official_fixed_20260703_201315/official4_4_live.dts: Warning (power_domains_property): /vop@ff8f0000:power-domains: cell 0 is not a phandle reference
npu_dt_diff_official_fixed_20260703_201315/official4_4_live.dts: Warning (power_domains_property): /vop@ff900000:power-domains: cell 0 is not a phandle reference
npu_dt_diff_official_fixed_20260703_201315/official4_4_live.dts: Warning (power_domains_property): /vpu_service@ff650000:power-domains: cell 0 is not a phandle reference
npu_dt_diff_official_fixed_20260703_201315/official4_4_live.dts: Warning (resets_property): /dp@fec00000:resets: cell 0 is not a phandle reference
npu_dt_diff_official_fixed_20260703_201315/official4_4_live.dts: Warning (resets_property): /dp@fec00000:resets: cell 2 is not a phandle reference
npu_dt_diff_official_fixed_20260703_201315/official4_4_live.dts: Warning (resets_property): /dp@fec00000:resets: cell 4 is not a phandle reference
npu_dt_diff_official_fixed_20260703_201315/official4_4_live.dts: Warning (resets_property): /dp@fec00000:resets: cell 6 is not a phandle reference
npu_dt_diff_official_fixed_20260703_201315/official4_4_live.dts: Warning (resets_property): /dsi@ff960000:resets: cell 0 is not a phandle reference
npu_dt_diff_official_fixed_20260703_201315/official4_4_live.dts: Warning (resets_property): /dsi@ff968000:resets: cell 0 is not a phandle reference
npu_dt_diff_official_fixed_20260703_201315/official4_4_live.dts: Warning (resets_property): /dwmmc@fe310000:resets: cell 0 is not a phandle reference
npu_dt_diff_official_fixed_20260703_201315/official4_4_live.dts: Warning (resets_property): /dwmmc@fe320000:resets: cell 0 is not a phandle reference
npu_dt_diff_official_fixed_20260703_201315/official4_4_live.dts: Warning (resets_property): /edp@ff970000:resets: cell 0 is not a phandle reference
npu_dt_diff_official_fixed_20260703_201315/official4_4_live.dts: Warning (resets_property): /ethernet@fe300000:resets: cell 0 is not a phandle reference
npu_dt_diff_official_fixed_20260703_201315/official4_4_live.dts: Warning (resets_property): /pcie-phy:resets: cell 0 is not a phandle reference
npu_dt_diff_official_fixed_20260703_201315/official4_4_live.dts: Warning (resets_property): /pcie@f8000000:resets: cell 0 is not a phandle reference
npu_dt_diff_official_fixed_20260703_201315/official4_4_live.dts: Warning (resets_property): /pcie@f8000000:resets: cell 2 is not a phandle reference
npu_dt_diff_official_fixed_20260703_201315/official4_4_live.dts: Warning (resets_property): /pcie@f8000000:resets: cell 4 is not a phandle reference
npu_dt_diff_official_fixed_20260703_201315/official4_4_live.dts: Warning (resets_property): /pcie@f8000000:resets: cell 6 is not a phandle reference
npu_dt_diff_official_fixed_20260703_201315/official4_4_live.dts: Warning (resets_property): /pcie@f8000000:resets: cell 8 is not a phandle reference
npu_dt_diff_official_fixed_20260703_201315/official4_4_live.dts: Warning (resets_property): /pcie@f8000000:resets: cell 10 is not a phandle reference
npu_dt_diff_official_fixed_20260703_201315/official4_4_live.dts: Warning (resets_property): /pcie@f8000000:resets: cell 12 is not a phandle reference
npu_dt_diff_official_fixed_20260703_201315/official4_4_live.dts: Warning (resets_property): /phy@ff7c0000:resets: cell 0 is not a phandle reference
npu_dt_diff_official_fixed_20260703_201315/official4_4_live.dts: Warning (resets_property): /phy@ff7c0000:resets: cell 2 is not a phandle reference
npu_dt_diff_official_fixed_20260703_201315/official4_4_live.dts: Warning (resets_property): /phy@ff7c0000:resets: cell 4 is not a phandle reference
npu_dt_diff_official_fixed_20260703_201315/official4_4_live.dts: Warning (resets_property): /phy@ff800000:resets: cell 0 is not a phandle reference
npu_dt_diff_official_fixed_20260703_201315/official4_4_live.dts: Warning (resets_property): /phy@ff800000:resets: cell 2 is not a phandle reference
npu_dt_diff_official_fixed_20260703_201315/official4_4_live.dts: Warning (resets_property): /phy@ff800000:resets: cell 4 is not a phandle reference
npu_dt_diff_official_fixed_20260703_201315/official4_4_live.dts: Warning (resets_property): /rga@ff680000:resets: cell 0 is not a phandle reference
npu_dt_diff_official_fixed_20260703_201315/official4_4_live.dts: Warning (resets_property): /rga@ff680000:resets: cell 2 is not a phandle reference
npu_dt_diff_official_fixed_20260703_201315/official4_4_live.dts: Warning (resets_property): /rga@ff680000:resets: cell 4 is not a phandle reference
npu_dt_diff_official_fixed_20260703_201315/official4_4_live.dts: Warning (resets_property): /rkvdec@ff660000:resets: cell 0 is not a phandle reference
npu_dt_diff_official_fixed_20260703_201315/official4_4_live.dts: Warning (resets_property): /rkvdec@ff660000:resets: cell 2 is not a phandle reference
npu_dt_diff_official_fixed_20260703_201315/official4_4_live.dts: Warning (resets_property): /rkvdec@ff660000:resets: cell 4 is not a phandle reference
npu_dt_diff_official_fixed_20260703_201315/official4_4_live.dts: Warning (resets_property): /rkvdec@ff660000:resets: cell 6 is not a phandle reference
npu_dt_diff_official_fixed_20260703_201315/official4_4_live.dts: Warning (resets_property): /rkvdec@ff660000:resets: cell 8 is not a phandle reference
npu_dt_diff_official_fixed_20260703_201315/official4_4_live.dts: Warning (resets_property): /rkvdec@ff660000:resets: cell 10 is not a phandle reference
npu_dt_diff_official_fixed_20260703_201315/official4_4_live.dts: Warning (resets_property): /saradc@ff100000:resets: cell 0 is not a phandle reference
npu_dt_diff_official_fixed_20260703_201315/official4_4_live.dts: Warning (resets_property): /i2s@ff880000:resets: cell 0 is not a phandle reference
npu_dt_diff_official_fixed_20260703_201315/official4_4_live.dts: Warning (resets_property): /i2s@ff880000:resets: cell 2 is not a phandle reference
npu_dt_diff_official_fixed_20260703_201315/official4_4_live.dts: Warning (resets_property): /i2s@ff890000:resets: cell 0 is not a phandle reference
npu_dt_diff_official_fixed_20260703_201315/official4_4_live.dts: Warning (resets_property): /i2s@ff890000:resets: cell 2 is not a phandle reference
npu_dt_diff_official_fixed_20260703_201315/official4_4_live.dts: Warning (resets_property): /i2s@ff8a0000:resets: cell 0 is not a phandle reference
npu_dt_diff_official_fixed_20260703_201315/official4_4_live.dts: Warning (resets_property): /i2s@ff8a0000:resets: cell 2 is not a phandle reference
npu_dt_diff_official_fixed_20260703_201315/official4_4_live.dts: Warning (resets_property): /syscon@ff320000/pmu-pvtm:resets: cell 0 is not a phandle reference
npu_dt_diff_official_fixed_20260703_201315/official4_4_live.dts: Warning (resets_property): /syscon@ff770000/pvtm:resets: cell 0 is not a phandle reference
npu_dt_diff_official_fixed_20260703_201315/official4_4_live.dts: Warning (resets_property): /syscon@ff770000/pvtm:resets: cell 2 is not a phandle reference
npu_dt_diff_official_fixed_20260703_201315/official4_4_live.dts: Warning (resets_property): /syscon@ff770000/pvtm:resets: cell 4 is not a phandle reference
npu_dt_diff_official_fixed_20260703_201315/official4_4_live.dts: Warning (resets_property): /syscon@ff770000/pvtm:resets: cell 6 is not a phandle reference
npu_dt_diff_official_fixed_20260703_201315/official4_4_live.dts: Warning (resets_property): /tsadc@ff260000:resets: cell 0 is not a phandle reference
npu_dt_diff_official_fixed_20260703_201315/official4_4_live.dts: Warning (resets_property): /usb0:resets: cell 0 is not a phandle reference
npu_dt_diff_official_fixed_20260703_201315/official4_4_live.dts: Warning (resets_property): /usb1:resets: cell 0 is not a phandle reference
npu_dt_diff_official_fixed_20260703_201315/official4_4_live.dts: Warning (resets_property): /vop@ff8f0000:resets: cell 0 is not a phandle reference
npu_dt_diff_official_fixed_20260703_201315/official4_4_live.dts: Warning (resets_property): /vop@ff8f0000:resets: cell 2 is not a phandle reference
npu_dt_diff_official_fixed_20260703_201315/official4_4_live.dts: Warning (resets_property): /vop@ff8f0000:resets: cell 4 is not a phandle reference
npu_dt_diff_official_fixed_20260703_201315/official4_4_live.dts: Warning (resets_property): /vop@ff900000:resets: cell 0 is not a phandle reference
npu_dt_diff_official_fixed_20260703_201315/official4_4_live.dts: Warning (resets_property): /vop@ff900000:resets: cell 2 is not a phandle reference
npu_dt_diff_official_fixed_20260703_201315/official4_4_live.dts: Warning (resets_property): /vop@ff900000:resets: cell 4 is not a phandle reference
npu_dt_diff_official_fixed_20260703_201315/official4_4_live.dts: Warning (resets_property): /vpu_service@ff650000:resets: cell 0 is not a phandle reference
npu_dt_diff_official_fixed_20260703_201315/official4_4_live.dts: Warning (resets_property): /vpu_service@ff650000:resets: cell 2 is not a phandle reference
npu_dt_diff_official_fixed_20260703_201315/official4_4_live.dts: Warning (sound_dai_property): /hdmi-sound/simple-audio-card,codec:sound-dai: cell 0 is not a phandle reference
npu_dt_diff_official_fixed_20260703_201315/official4_4_live.dts: Warning (sound_dai_property): /hdmi-sound/simple-audio-card,cpu:sound-dai: cell 0 is not a phandle reference
npu_dt_diff_official_fixed_20260703_201315/official4_4_live.dts: Warning (thermal_sensors_property): /thermal-zones/gpu-thermal:thermal-sensors: cell 0 is not a phandle reference
npu_dt_diff_official_fixed_20260703_201315/official4_4_live.dts: Warning (thermal_sensors_property): /thermal-zones/soc-thermal:thermal-sensors: cell 0 is not a phandle reference
npu_dt_diff_official_fixed_20260703_201315/official4_4_live.dts: Warning (gpios_property): /ethernet@fe300000:snps,reset-gpio: cell 0 is not a phandle reference
npu_dt_diff_official_fixed_20260703_201315/official4_4_live.dts: Warning (gpios_property): /otg-vbus-regulator:gpio: cell 0 is not a phandle reference
npu_dt_diff_official_fixed_20260703_201315/official4_4_live.dts: Warning (gpios_property): /sdio-pwrseq:reset-gpios: cell 0 is not a phandle reference
npu_dt_diff_official_fixed_20260703_201315/official4_4_live.dts: Warning (gpios_property): /i2c@ff120000/pr2000a@5c:reset-gpios: cell 0 is not a phandle reference
npu_dt_diff_official_fixed_20260703_201315/official4_4_live.dts: Warning (gpios_property): /i2c@ff3c0000/tcs452x@10:vsel-gpios: cell 0 is not a phandle reference
npu_dt_diff_official_fixed_20260703_201315/official4_4_live.dts: Warning (gpios_property): /i2c@ff3c0000/tcs452x@1c:vsel-gpios: cell 0 is not a phandle reference
npu_dt_diff_official_fixed_20260703_201315/official4_4_live.dts: Warning (gpios_property): /i2c@ff3d0000/jaguar1@30:rst-gpios: cell 0 is not a phandle reference
npu_dt_diff_official_fixed_20260703_201315/official4_4_live.dts: Warning (gpios_property): /i2c@ff3e0000/aw9523@5a:reset-gpios: cell 0 is not a phandle reference
npu_dt_diff_official_fixed_20260703_201315/official4_4_live.dts: Warning (gpios_property): /n4-pwren:gpio: cell 0 is not a phandle reference
npu_dt_diff_official_fixed_20260703_201315/official4_4_live.dts: Warning (gpios_property): /vcc-gnss:gpio: cell 0 is not a phandle reference
npu_dt_diff_official_fixed_20260703_201315/official4_4_live.dts: Warning (gpios_property): /vcc3v3-ahda:gpio: cell 0 is not a phandle reference
npu_dt_diff_official_fixed_20260703_201315/official4_4_live.dts: Warning (gpios_property): /vcc5v0-host-regulator:gpio: cell 0 is not a phandle reference
npu_dt_diff_official_fixed_20260703_201315/official4_4_live.dts: Warning (graph_child_address): /dp@fec00000/ports: graph node has single child node 'port', #address-cells/#size-cells are not necessary
npu_dt_diff_official_fixed_20260703_201315/official4_4_live.dts: Warning (graph_child_address): /edp@ff970000/ports: graph node has single child node 'port@0', #address-cells/#size-cells are not necessary
npu_dt_diff_official_fixed_20260703_201315/official4_4_live.dts: Warning (graph_child_address): /rkisp1@ff910000/port: graph node has single child node 'endpoint@0', #address-cells/#size-cells are not necessary
npu_dt_diff_official_fixed_20260703_201315/official4_4_live.dts: Warning (graph_child_address): /rkisp1@ff920000/port: graph node has single child node 'endpoint@0', #address-cells/#size-cells are not necessary
npu_dt_diff_official_fixed_20260703_201315/official4_4_live.dts: Warning (graph_child_address): /mipi-dphy-tx1rx1@ff968000/ports/port@1: graph node has single child node 'endpoint@0', #address-cells/#size-cells are not necessary
npu_dt_diff_official_fixed_20260703_201315/official4_4_live.dts: Warning (graph_child_address): /syscon@ff770000/mipi-dphy-rx0/ports/port@1: graph node has single child node 'endpoint@0', #address-cells/#size-cells are not necessary
npu_dt_diff_official_fixed_20260703_201315/official4_4_live.dts: Warning (graph_child_address): /usbacm-video-control/ports/port@0: graph node has single child node 'endpoint@1', #address-cells/#size-cells are not necessary
npu_dt_diff_official_fixed_20260703_201315/official4_4_live.dts: Warning (graph_endpoint): /i2c@ff120000/pr2000a@5c/port/endpoint: graph connection to node '/syscon@ff770000/mipi-dphy-rx0/ports/port@0/endpoint@1' is not bidirectional
npu_dt_diff_official_fixed_20260703_201315/official4_4_live.dts: Warning (graph_endpoint): /mipi-dphy-tx1rx1@ff968000/ports/port@0/endpoint@1: graph connection to node '/i2c@ff120000/pr2000a@5c/port/endpoint' is not bidirectional
npu_dt_diff_official_fixed_20260703_201315/official4_4_live.dts: Warning (graph_endpoint): /usbacm-video-control/ports/port@0/endpoint@1: graph node unit address error, expected "0"
npu_dt_diff_official_fixed_20260703_201315/official4_4_live.dts: Warning (graph_endpoint): /usbacm-video-control/ports/port@1/endpoint@0: graph node unit address error, expected "1"
